Component: ARM Compiler 5.06 update 1 (build 61) Tool: armlink [4d35a8]

==============================================================================

Section Cross References

    startup_stm32f427xx.o(RESET) refers to startup_stm32f427xx.o(STACK) for __initial_sp
    startup_stm32f427xx.o(RESET) refers to startup_stm32f427xx.o(.text) for Reset_Handler
    startup_stm32f427xx.o(RESET) refers to stm32f4xx_it.o(i.NMI_Handler) for NMI_Handler
    startup_stm32f427xx.o(RESET) refers to stm32f4xx_it.o(i.HardFault_Handler) for HardFault_Handler
    startup_stm32f427xx.o(RESET) refers to stm32f4xx_it.o(i.MemManage_Handler) for MemManage_Handler
    startup_stm32f427xx.o(RESET) refers to stm32f4xx_it.o(i.BusFault_Handler) for BusFault_Handler
    startup_stm32f427xx.o(RESET) refers to stm32f4xx_it.o(i.UsageFault_Handler) for UsageFault_Handler
    startup_stm32f427xx.o(RESET) refers to stm32f4xx_it.o(i.SVC_Handler) for SVC_Handler
    startup_stm32f427xx.o(RESET) refers to stm32f4xx_it.o(i.DebugMon_Handler) for DebugMon_Handler
    startup_stm32f427xx.o(RESET) refers to stm32f4xx_it.o(i.PendSV_Handler) for PendSV_Handler
    startup_stm32f427xx.o(RESET) refers to stm32f4xx_it.o(i.SysTick_Handler) for SysTick_Handler
    startup_stm32f427xx.o(RESET) refers to stm32f4xx_it.o(i.CAN1_RX0_IRQHandler) for CAN1_RX0_IRQHandler
    startup_stm32f427xx.o(RESET) refers to stm32f4xx_it.o(i.TIM8_CC_IRQHandler) for TIM8_CC_IRQHandler
    startup_stm32f427xx.o(RESET) refers to stm32f4xx_it.o(i.TIM6_DAC_IRQHandler) for TIM6_DAC_IRQHandler
    startup_stm32f427xx.o(RESET) refers to stm32f4xx_it.o(i.DMA2_Stream1_IRQHandler) for DMA2_Stream1_IRQHandler
    startup_stm32f427xx.o(RESET) refers to stm32f4xx_it.o(i.DMA2_Stream6_IRQHandler) for DMA2_Stream6_IRQHandler
    startup_stm32f427xx.o(RESET) refers to stm32f4xx_it.o(i.USART6_IRQHandler) for USART6_IRQHandler
    startup_stm32f427xx.o(.text) refers to system_stm32f4xx.o(i.SystemInit) for SystemInit
    startup_stm32f427xx.o(.text) refers to entry.o(.ARM.Collect$$$$00000000) for __main
    main.o(i.SystemClock_Config) refers to memseta.o(.text) for __aeabi_memclr4
    main.o(i.SystemClock_Config) refers to stm32f4xx_hal_rcc.o(i.HAL_RCC_OscConfig) for HAL_RCC_OscConfig
    main.o(i.SystemClock_Config) refers to stm32f4xx_hal_rcc.o(i.HAL_RCC_ClockConfig) for HAL_RCC_ClockConfig
    main.o(i.main) refers to stm32f4xx_hal.o(i.HAL_Init) for HAL_Init
    main.o(i.main) refers to main.o(i.SystemClock_Config) for SystemClock_Config
    main.o(i.main) refers to gpio.o(i.MX_GPIO_Init) for MX_GPIO_Init
    main.o(i.main) refers to dma.o(i.MX_DMA_Init) for MX_DMA_Init
    main.o(i.main) refers to can.o(i.MX_CAN1_Init) for MX_CAN1_Init
    main.o(i.main) refers to spi.o(i.MX_SPI5_Init) for MX_SPI5_Init
    main.o(i.main) refers to tim.o(i.MX_TIM6_Init) for MX_TIM6_Init
    main.o(i.main) refers to tim.o(i.MX_TIM8_Init) for MX_TIM8_Init
    main.o(i.main) refers to usart.o(i.MX_USART6_UART_Init) for MX_USART6_UART_Init
    main.o(i.main) refers to stm32f4xx_hal_tim.o(i.HAL_TIM_Base_Start_IT) for HAL_TIM_Base_Start_IT
    main.o(i.main) refers to bluetooth.o(i.BlueTooth_init) for BlueTooth_init
    main.o(i.main) refers to bsp_can.o(i.can_filter_init) for can_filter_init
    main.o(i.main) refers to mpu6500_driver.o(i.mpu_device_init) for mpu_device_init
    main.o(i.main) refers to mpu6500_driver.o(i.init_quaternion) for init_quaternion
    main.o(i.main) refers to pid.o(i.pid_param_init) for pid_param_init
    main.o(i.main) refers to stm32f4xx_hal_tim.o(i.HAL_TIM_Base_Stop_IT) for HAL_TIM_Base_Stop_IT
    main.o(i.main) refers to tim.o(.bss) for htim6
    main.o(i.main) refers to bluetooth.o(.bss) for Pid_bal
    main.o(i.main) refers to main.o(.data) for .data
    gpio.o(i.MX_GPIO_Init) refers to memseta.o(.text) for __aeabi_memclr4
    gpio.o(i.MX_GPIO_Init) refers to stm32f4xx_hal_gpio.o(i.HAL_GPIO_WritePin) for HAL_GPIO_WritePin
    gpio.o(i.MX_GPIO_Init) refers to stm32f4xx_hal_gpio.o(i.HAL_GPIO_Init) for HAL_GPIO_Init
    can.o(i.HAL_CAN_MspDeInit) refers to stm32f4xx_hal_gpio.o(i.HAL_GPIO_DeInit) for HAL_GPIO_DeInit
    can.o(i.HAL_CAN_MspDeInit) refers to stm32f4xx_hal_cortex.o(i.HAL_NVIC_DisableIRQ) for HAL_NVIC_DisableIRQ
    can.o(i.HAL_CAN_MspInit) refers to memseta.o(.text) for __aeabi_memclr4
    can.o(i.HAL_CAN_MspInit) refers to stm32f4xx_hal_gpio.o(i.HAL_GPIO_Init) for HAL_GPIO_Init
    can.o(i.HAL_CAN_MspInit) refers to stm32f4xx_hal_cortex.o(i.HAL_NVIC_SetPriority) for HAL_NVIC_SetPriority
    can.o(i.HAL_CAN_MspInit) refers to stm32f4xx_hal_cortex.o(i.HAL_NVIC_EnableIRQ) for HAL_NVIC_EnableIRQ
    can.o(i.MX_CAN1_Init) refers to stm32f4xx_hal_can.o(i.HAL_CAN_Init) for HAL_CAN_Init
    can.o(i.MX_CAN1_Init) refers to main.o(i.Error_Handler) for Error_Handler
    can.o(i.MX_CAN1_Init) refers to can.o(.bss) for .bss
[...]
    .text                                    0x08000246   Section        0  memcpya.o(.text)
    .text                                    0x0800026a   Section        0  memseta.o(.text)
    .text                                    0x0800028e   Section        0  dmul.o(.text)
    .text                                    0x08000372   Section        0  dflti.o(.text)
    .text                                    0x08000394   Section        0  f2d.o(.text)
    .text                                    0x080003bc   Section       48  cdrcmple.o(.text)
    .text                                    0x080003ec   Section        0  d2f.o(.text)
    .text                                    0x08000424   Section        0  llshl.o(.text)
    .text                                    0x08000442   Section        0  llushr.o(.text)
    .text                                    0x08000462   Section        0  iusefp.o(.text)
    .text                                    0x08000462   Section        0  fepilogue.o(.text)
    .text                                    0x080004d0   Section        0  depilogue.o(.text)
    .text                                    0x0800058a   Section        0  dadd.o(.text)
    .text                                    0x080006d8   Section        0  ddiv.o(.text)
    .text                                    0x080007b6   Section        0  dsqrt.o(.text)
    .text                                    0x08000858   Section       36  init.o(.text)
    .text                                    0x0800087c   Section        0  llsshr.o(.text)
    i.BlueTooth_init                         0x080008a0   Section        0  bluetooth.o(i.BlueTooth_init)
    i.BusFault_Handler                       0x080008d0   Section        0  stm32f4xx_it.o(i.BusFault_Handler)
    i.CAN1_RX0_IRQHandler                    0x080008d4   Section        0  stm32f4xx_it.o(i.CAN1_RX0_IRQHandler)
    i.CAN_cmd_chassis                        0x080008e0   Section        0  can_receive.o(i.CAN_cmd_chassis)
    i.DMA2_Stream1_IRQHandler                0x0800091c   Section        0  stm32f4xx_it.o(i.DMA2_Stream1_IRQHandler)
    i.DMA2_Stream6_IRQHandler                0x08000928   Section        0  stm32f4xx_it.o(i.DMA2_Stream6_IRQHandler)
    i.DMA_CalcBaseAndBitshift                0x08000934   Section        0  stm32f4xx_hal_dma.o(i.DMA_CalcBaseAndBitshift)
    DMA_CalcBaseAndBitshift                  0x08000935   Thumb Code    34  stm32f4xx_hal_dma.o(i.DMA_CalcBaseAndBitshift)
    i.DMA_CheckFifoParam                     0x0800095c   Section        0  stm32f4xx_hal_dma.o(i.DMA_CheckFifoParam)
    DMA_CheckFifoParam                       0x0800095d   Thumb Code    84  stm32f4xx_hal_dma.o(i.DMA_CheckFifoParam)
    i.DMA_SetConfig                          0x080009b0   Section        0  stm32f4xx_hal_dma.o(i.DMA_SetConfig)
    DMA_SetConfig                            0x080009b1   Thumb Code    40  stm32f4xx_hal_dma.o(i.DMA_SetConfig)
    i.DebugMon_Handler                       0x080009d8   Section        0  stm32f4xx_it.o(i.DebugMon_Handler)
    i.Error_Handler                          0x080009da   Section        0  main.o(i.Error_Handler)
    i.HAL_CAN_ActivateNotification           0x080009dc   Section        0  stm32f4xx_hal_can.o(i.HAL_CAN_ActivateNotification)
    i.HAL_CAN_AddTxMessage                   0x08000a00   Section        0  stm32f4xx_hal_can.o(i.HAL_CAN_AddTxMessage)
    i.HAL_CAN_ConfigFilter                   0x08000ac8   Section        0  stm32f4xx_hal_can.o(i.HAL_CAN_ConfigFilter)
    i.HAL_CAN_ErrorCallback                  0x08000bd4   Section        0  stm32f4xx_hal_can.o(i.HAL_CAN_ErrorCallback)
    i.HAL_CAN_GetRxMessage                   0x08000bd6   Section        0  stm32f4xx_hal_can.o(i.HAL_CAN_GetRxMessage)
    i.HAL_CAN_IRQHandler                     0x08000cbe   Section        0  stm32f4xx_hal_can.o(i.HAL_CAN_IRQHandler)
    i.HAL_CAN_Init                           0x08000eba   Section        0  stm32f4xx_hal_can.o(i.HAL_CAN_Init)
    i.HAL_CAN_MspInit                        0x08000fd4   Section        0  can.o(i.HAL_CAN_MspInit)
    i.HAL_CAN_RxFifo0FullCallback            0x0800104c   Section        0  stm32f4xx_hal_can.o(i.HAL_CAN_RxFifo0FullCallback)
    i.HAL_CAN_RxFifo0MsgPendingCallback      0x08001050   Section        0  can_receive.o(i.HAL_CAN_RxFifo0MsgPendingCallback)
    i.HAL_CAN_RxFifo1FullCallback            0x080010c0   Section        0  stm32f4xx_hal_can.o(i.HAL_CAN_RxFifo1FullCallback)
    i.HAL_CAN_RxFifo1MsgPendingCallback      0x080010c2   Section        0  stm32f4xx_hal_can.o(i.HAL_CAN_RxFifo1MsgPendingCallback)
    i.HAL_CAN_SleepCallback                  0x080010c4   Section        0  stm32f4xx_hal_can.o(i.HAL_CAN_SleepCallback)
    i.HAL_CAN_Start                          0x080010c8   Section        0  stm32f4xx_hal_can.o(i.HAL_CAN_Start)
    i.HAL_CAN_TxMailbox0AbortCallback        0x08001120   Section        0  stm32f4xx_hal_can.o(i.HAL_CAN_TxMailbox0AbortCallback)
    i.HAL_CAN_TxMailbox0CompleteCallback     0x08001122   Section        0  stm32f4xx_hal_can.o(i.HAL_CAN_TxMailbox0CompleteCallback)
    i.HAL_CAN_TxMailbox1AbortCallback        0x08001124   Section        0  stm32f4xx_hal_can.o(i.HAL_CAN_TxMailbox1AbortCallback)
    i.HAL_CAN_TxMailbox1CompleteCallback     0x08001126   Section        0  stm32f4xx_hal_can.o(i.HAL_CAN_TxMailbox1CompleteCallback)
    i.HAL_CAN_TxMailbox2AbortCallback        0x08001128   Section        0  stm32f4xx_hal_can.o(i.HAL_CAN_TxMailbox2AbortCallback)
    i.HAL_CAN_TxMailbox2CompleteCallback     0x0800112a   Section        0  stm32f4xx_hal_can.o(i.HAL_CAN_TxMailbox2CompleteCallback)
    i.HAL_CAN_WakeUpFromRxMsgCallback        0x0800112c   Section        0  stm32f4xx_hal_can.o(i.HAL_CAN_WakeUpFromRxMsgCallback)
    i.HAL_DMA_Abort                          0x0800112e   Section        0  stm32f4xx_hal_dma.o(i.HAL_DMA_Abort)
    i.HAL_DMA_Abort_IT                       0x080011bc   Section        0  stm32f4xx_hal_dma.o(i.HAL_DMA_Abort_IT)
    i.HAL_DMA_IRQHandler                     0x080011e0   Section        0  stm32f4xx_hal_dma.o(i.HAL_DMA_IRQHandler)
    i.HAL_DMA_Init                           0x08001380   Section        0  stm32f4xx_hal_dma.o(i.HAL_DMA_Init)
    i.HAL_DMA_Start_IT                       0x08001454   Section        0  stm32f4xx_hal_dma.o(i.HAL_DMA_Start_IT)
    i.HAL_Delay                              0x080014c4   Section        0  stm32f4xx_hal.o(i.HAL_Delay)
    i.HAL_GPIO_Init                          0x080014e8   Section        0  stm32f4xx_hal_gpio.o(i.HAL_GPIO_Init)
    i.HAL_GPIO_WritePin                      0x080016bc   Section        0  stm32f4xx_hal_gpio.o(i.HAL_GPIO_WritePin)
    i.HAL_GetTick                            0x080016c8   Section        0  stm32f4xx_hal.o(i.HAL_GetTick)
    i.HAL_IncTick                            0x080016d4   Section        0  stm32f4xx_hal.o(i.HAL_IncTick)
    i.HAL_Init                               0x080016e4   Section        0  stm32f4xx_hal.o(i.HAL_Init)
    i.HAL_InitTick                           0x08001718   Section        0  stm32f4xx_hal.o(i.HAL_InitTick)
    i.HAL_MspInit                            0x08001758   Section        0  stm32f4xx_hal_msp.o(i.HAL_MspInit)
    i.HAL_NVIC_EnableIRQ                     0x08001788   Section        0  stm32f4xx_hal_cortex.o(i.HAL_NVIC_EnableIRQ)
    i.HAL_NVIC_SetPriority                   0x080017a4   Section        0  stm32f4xx_hal_cortex.o(i.HAL_NVIC_SetPriority)
    i.HAL_NVIC_SetPriorityGrouping           0x080017e4   Section        0  stm32f4xx_hal_cortex.o(i.HAL_NVIC_SetPriorityGrouping)
    i.HAL_RCC_ClockConfig                    0x08001808   Section        0  stm32f4xx_hal_rcc.o(i.HAL_RCC_ClockConfig)
    i.HAL_RCC_GetPCLK1Freq                   0x0800193c   Section        0  stm32f4xx_hal_rcc.o(i.HAL_RCC_GetPCLK1Freq)
    i.HAL_RCC_GetPCLK2Freq                   0x0800195c   Section        0  stm32f4xx_hal_rcc.o(i.HAL_RCC_GetPCLK2Freq)
    i.HAL_RCC_GetSysClockFreq                0x0800197c   Section        0  stm32f4xx_hal_rcc.o(i.HAL_RCC_GetSysClockFreq)
    i.HAL_RCC_OscConfig                      0x080019e0   Section        0  stm32f4xx_hal_rcc.o(i.HAL_RCC_OscConfig)
    i.HAL_SPI_Init                           0x08001d3c   Section        0  stm32f4xx_hal_spi.o(i.HAL_SPI_Init)
    i.HAL_SPI_MspInit                        0x08001dbc   Section        0  spi.o(i.HAL_SPI_MspInit)
    i.HAL_SPI_TransmitReceive                0x08001e28   Section        0  stm32f4xx_hal_spi.o(i.HAL_SPI_TransmitReceive)
    i.HAL_SYSTICK_Config                     0x0800200a   Section        0  stm32f4xx_hal_cortex.o(i.HAL_SYSTICK_Config)
    i.HAL_TIMEx_BreakCallback                0x08002032   Section        0  stm32f4xx_hal_tim_ex.o(i.HAL_TIMEx_BreakCallback)
    i.HAL_TIMEx_CommutCallback               0x08002034   Section        0  stm32f4xx_hal_tim_ex.o(i.HAL_TIMEx_CommutCallback)
    i.HAL_TIMEx_MasterConfigSynchronization  0x08002038   Section        0  stm32f4xx_hal_tim_ex.o(i.HAL_TIMEx_MasterConfigSynchronization)
    i.HAL_TIM_Base_Init                      0x080020c8   Section        0  stm32f4xx_hal_tim.o(i.HAL_TIM_Base_Init)
    i.HAL_TIM_Base_MspInit                   0x08002100   Section        0  tim.o(i.HAL_TIM_Base_MspInit)
    i.HAL_TIM_Base_Start_IT                  0x08002168   Section        0  stm32f4xx_hal_tim.o(i.HAL_TIM_Base_Start_IT)
    i.HAL_TIM_Base_Stop_IT                   0x0800218a   Section        0  stm32f4xx_hal_tim.o(i.HAL_TIM_Base_Stop_IT)
    i.HAL_TIM_ConfigClockSource              0x080021b4   Section        0  stm32f4xx_hal_tim.o(i.HAL_TIM_ConfigClockSource)
    i.HAL_TIM_IC_CaptureCallback             0x0800228a   Section        0  stm32f4xx_hal_tim.o(i.HAL_TIM_IC_CaptureCallback)
    i.HAL_TIM_IRQHandler                     0x0800228c   Section        0  stm32f4xx_hal_tim.o(i.HAL_TIM_IRQHandler)
    i.HAL_TIM_OC_DelayElapsedCallback        0x080023f2   Section        0  stm32f4xx_hal_tim.o(i.HAL_TIM_OC_DelayElapsedCallback)
    i.HAL_TIM_PWM_PulseFinishedCallback      0x080023f4   Section        0  stm32f4xx_hal_tim.o(i.HAL_TIM_PWM_PulseFinishedCallback)
    i.HAL_TIM_PeriodElapsedCallback          0x080023f6   Section        0  stm32f4xx_hal_tim.o(i.HAL_TIM_PeriodElapsedCallback)
    i.HAL_TIM_TriggerCallback                0x080023f8   Section        0  stm32f4xx_hal_tim.o(i.HAL_TIM_TriggerCallback)
    i.HAL_UART_DMAStop                       0x080023fa   Section        0  stm32f4xx_hal_uart.o(i.HAL_UART_DMAStop)
    i.HAL_UART_ErrorCallback                 0x08002452   Section        0  stm32f4xx_hal_uart.o(i.HAL_UART_ErrorCallback)
    i.HAL_UART_IRQHandler                    0x08002454   Section        0  stm32f4xx_hal_uart.o(i.HAL_UART_IRQHandler)
    i.HAL_UART_Init                          0x08002568   Section        0  stm32f4xx_hal_uart.o(i.HAL_UART_Init)
    i.HAL_UART_MspInit                       0x080025cc   Section        0  usart.o(i.HAL_UART_MspInit)
    i.HAL_UART_Receive_DMA                   0x080026b8   Section        0  stm32f4xx_hal_uart.o(i.HAL_UART_Receive_DMA)
    i.HAL_UART_RxCpltCallback                0x08002750   Section        0  stm32f4xx_hal_uart.o(i.HAL_UART_RxCpltCallback)
    i.HAL_UART_RxHalfCpltCallback            0x08002752   Section        0  stm32f4xx_hal_uart.o(i.HAL_UART_RxHalfCpltCallback)
    i.HAL_UART_Transmit_DMA                  0x08002754   Section        0  stm32f4xx_hal_uart.o(i.HAL_UART_Transmit_DMA)
    i.HAL_UART_TxCpltCallback                0x080027d4   Section        0  stm32f4xx_hal_uart.o(i.HAL_UART_TxCpltCallback)
    i.HAL_UART_TxHalfCpltCallback            0x080027d6   Section        0  stm32f4xx_hal_uart.o(i.HAL_UART_TxHalfCpltCallback)
    i.HardFault_Handler                      0x080027d8   Section        0  stm32f4xx_it.o(i.HardFault_Handler)
    i.MX_CAN1_Init                           0x080027dc   Section        0  can.o(i.MX_CAN1_Init)
    i.MX_DMA_Init                            0x08002820   Section        0  dma.o(i.MX_DMA_Init)
    i.MX_GPIO_Init                           0x0800285c   Section        0  gpio.o(i.MX_GPIO_Init)
    i.MX_SPI5_Init                           0x08002934   Section        0  spi.o(i.MX_SPI5_Init)
    i.MX_TIM6_Init                           0x0800297c   Section        0  tim.o(i.MX_TIM6_Init)
    i.MX_TIM8_Init                           0x080029c4   Section        0  tim.o(i.MX_TIM8_Init)
    i.MX_USART6_UART_Init                    0x08002a28   Section        0  usart.o(i.MX_USART6_UART_Init)
    i.MemManage_Handler                      0x08002a60   Section        0  stm32f4xx_it.o(i.MemManage_Handler)
    i.NMI_Handler                            0x08002a62   Section        0  stm32f4xx_it.o(i.NMI_Handler)
    i.PendSV_Handler                         0x08002a64   Section        0  stm32f4xx_it.o(i.PendSV_Handler)
    i.SPI_EndRxTxTransaction                 0x08002a68   Section        0  stm32f4xx_hal_spi.o(i.SPI_EndRxTxTransaction)
    SPI_EndRxTxTransaction                   0x08002a69   Thumb Code    80  stm32f4xx_hal_spi.o(i.SPI_EndRxTxTransaction)
    i.SPI_WaitFlagStateUntilTimeout          0x08002ac0   Section        0  stm32f4xx_hal_spi.o(i.SPI_WaitFlagStateUntilTimeout)
    SPI_WaitFlagStateUntilTimeout            0x08002ac1   Thumb Code   148  stm32f4xx_hal_spi.o(i.SPI_WaitFlagStateUntilTimeout)
    i.SVC_Handler                            0x08002b54   Section        0  stm32f4xx_it.o(i.SVC_Handler)
    i.SysTick_Handler                        0x08002b56   Section        0  stm32f4xx_it.o(i.SysTick_Handler)
    i.SystemClock_Config                     0x08002b5c   Section        0  main.o(i.SystemClock_Config)
    i.SystemInit                             0x08002be0   Section        0  system_stm32f4xx.o(i.SystemInit)
    i.TIM6_DAC_IRQHandler                    0x08002bfc   Section        0  stm32f4xx_it.o(i.TIM6_DAC_IRQHandler)
    i.TIM8_CC_IRQHandler                     0x08002c68   Section        0  stm32f4xx_it.o(i.TIM8_CC_IRQHandler)
    i.TIM_Base_SetConfig                     0x08002c74   Section        0  stm32f4xx_hal_tim.o(i.TIM_Base_SetConfig)
    i.TIM_ETR_SetConfig                      0x08002d3c   Section        0  stm32f4xx_hal_tim.o(i.TIM_ETR_SetConfig)
    i.TIM_ITRx_SetConfig                     0x08002d50   Section        0  stm32f4xx_hal_tim.o(i.TIM_ITRx_SetConfig)
    TIM_ITRx_SetConfig                       0x08002d51   Thumb Code    16  stm32f4xx_hal_tim.o(i.TIM_ITRx_SetConfig)
    i.TIM_TI1_ConfigInputStage               0x08002d60   Section        0  stm32f4xx_hal_tim.o(i.TIM_TI1_ConfigInputStage)
    TIM_TI1_ConfigInputStage                 0x08002d61   Thumb Code    34  stm32f4xx_hal_tim.o(i.TIM_TI1_ConfigInputStage)
    i.TIM_TI2_ConfigInputStage               0x08002d82   Section        0  stm32f4xx_hal_tim.o(i.TIM_TI2_ConfigInputStage)
    TIM_TI2_ConfigInputStage                 0x08002d83   Thumb Code    36  stm32f4xx_hal_tim.o(i.TIM_TI2_ConfigInputStage)
    i.UART_DMAAbortOnError                   0x08002da6   Section        0  stm32f4xx_hal_uart.o(i.UART_DMAAbortOnError)
    UART_DMAAbortOnError                     0x08002da7   Thumb Code    16  stm32f4xx_hal_uart.o(i.UART_DMAAbortOnError)
    i.UART_DMAError                          0x08002db6   Section        0  stm32f4xx_hal_uart.o(i.UART_DMAError)
    UART_DMAError                            0x08002db7   Thumb Code    74  stm32f4xx_hal_uart.o(i.UART_DMAError)
    i.UART_DMAReceiveCplt                    0x08002e00   Section        0  stm32f4xx_hal_uart.o(i.UART_DMAReceiveCplt)
    UART_DMAReceiveCplt                      0x08002e01   Thumb Code    60  stm32f4xx_hal_uart.o(i.UART_DMAReceiveCplt)
    i.UART_DMARxHalfCplt                     0x08002e3c   Section        0  stm32f4xx_hal_uart.o(i.UART_DMARxHalfCplt)
    UART_DMARxHalfCplt                       0x08002e3d   Thumb Code    10  stm32f4xx_hal_uart.o(i.UART_DMARxHalfCplt)
    i.UART_DMATransmitCplt                   0x08002e46   Section        0  stm32f4xx_hal_uart.o(i.UART_DMATransmitCplt)
    UART_DMATransmitCplt                     0x08002e47   Thumb Code    46  stm32f4xx_hal_uart.o(i.UART_DMATransmitCplt)
    i.UART_DMATxHalfCplt                     0x08002e74   Section        0  stm32f4xx_hal_uart.o(i.UART_DMATxHalfCplt)
    UART_DMATxHalfCplt                       0x08002e75   Thumb Code    10  stm32f4xx_hal_uart.o(i.UART_DMATxHalfCplt)
    i.UART_EndRxTransfer                     0x08002e7e   Section        0  stm32f4xx_hal_uart.o(i.UART_EndRxTransfer)
    UART_EndRxTransfer                       0x08002e7f   Thumb Code    28  stm32f4xx_hal_uart.o(i.UART_EndRxTransfer)
    i.UART_EndTxTransfer                     0x08002e9a   Section        0  stm32f4xx_hal_uart.o(i.UART_EndTxTransfer)
    UART_EndTxTransfer                       0x08002e9b   Thumb Code    18  stm32f4xx_hal_uart.o(i.UART_EndTxTransfer)
    i.UART_Receive_IT                        0x08002eac   Section        0  stm32f4xx_hal_uart.o(i.UART_Receive_IT)
    UART_Receive_IT                          0x08002ead   Thumb Code   150  stm32f4xx_hal_uart.o(i.UART_Receive_IT)
    i.UART_SetConfig                         0x08002f44   Section        0  stm32f4xx_hal_uart.o(i.UART_SetConfig)
    UART_SetConfig                           0x08002f45   Thumb Code   286  stm32f4xx_hal_uart.o(i.UART_SetConfig)
    i.UART_Transmit_IT                       0x0800306c   Section        0  stm32f4xx_hal_uart.o(i.UART_Transmit_IT)
    UART_Transmit_IT                         0x0800306d   Thumb Code    98  stm32f4xx_hal_uart.o(i.UART_Transmit_IT)
    i.USART6_IRQHandler                      0x080030d0   Section        0  stm32f4xx_it.o(i.USART6_IRQHandler)
    i.Uart_transmit_measure                  0x08003110   Section        0  bluetooth.o(i.Uart_transmit_measure)
    i.UsageFault_Handler                     0x08003180   Section        0  stm32f4xx_it.o(i.UsageFault_Handler)
    i.__ARM_fpclassify                       0x08003182   Section        0  fpclassify.o(i.__ARM_fpclassify)
    i.__NVIC_SetPriority                     0x080031b2   Section        0  stm32f4xx_hal_cortex.o(i.__NVIC_SetPriority)
    __NVIC_SetPriority                       0x080031b3   Thumb Code    32  stm32f4xx_hal_cortex.o(i.__NVIC_SetPriority)
    i.__hardfp_asin                          0x080031d8   Section        0  asin.o(i.__hardfp_asin)
    i.__hardfp_atan                          0x08003538   Section        0  atan.o(i.__hardfp_atan)
    i.__hardfp_atan2                         0x08003810   Section        0  atan2.o(i.__hardfp_atan2)
    i.__hardfp_fabs                          0x08003a00   Section        0  fabs.o(i.__hardfp_fabs)
    i.__hardfp_sqrt                          0x08003a14   Section        0  sqrt.o(i.__hardfp_sqrt)
    i.__kernel_poly                          0x08003a8e   Section        0  poly.o(i.__kernel_poly)
    i.__mathlib_dbl_infnan                   0x08003b86   Section        0  dunder.o(i.__mathlib_dbl_infnan)
    i.__mathlib_dbl_infnan2                  0x08003b9a   Section        0  dunder.o(i.__mathlib_dbl_infnan2)
    i.__mathlib_dbl_invalid                  0x08003bb0   Section        0  dunder.o(i.__mathlib_dbl_invalid)
    i.__mathlib_dbl_underflow                0x08003bd0   Section        0  dunder.o(i.__mathlib_dbl_underflow)
    i.__scatterload_copy                     0x08003bf0   Section       14  handlers.o(i.__scatterload_copy)
    i.__scatterload_null                     0x08003bfe   Section        2  handlers.o(i.__scatterload_null)
    i.__scatterload_zeroinit                 0x08003c00   Section       14  handlers.o(i.__scatterload_zeroinit)
    i.__set_errno                            0x08003c10   Section        0  errno.o(i.__set_errno)
    i.abs_limit                              0x08003c1c   Section        0  pid.o(i.abs_limit)
    i.atan                                   0x08003c46   Section        0  atan.o(i.atan)
    i.can_filter_init                        0x08003c58   Section        0  bsp_can.o(i.can_filter_init)
    i.fabs                                   0x08003c90   Section        0  fabs.o(i.fabs)
    i.get_data                               0x08003ca8   Section        0  bluetooth.o(i.get_data)
    i.imu_ahrs_update                        0x08003d64   Section        0  mpu6500_driver.o(i.imu_ahrs_update)
    i.imu_attitude_update                    0x08004210   Section        0  mpu6500_driver.o(i.imu_attitude_update)
    i.init_quaternion                        0x08004384   Section        0  mpu6500_driver.o(i.init_quaternion)
    i.inv_sqrt                               0x08004550   Section        0  mpu6500_driver.o(i.inv_sqrt)
    i.ist8310_get_data                       0x0800457c   Section        0  mpu6500_driver.o(i.ist8310_get_data)
    i.ist8310_init                           0x08004586   Section        0  mpu6500_driver.o(i.ist8310_init)
    i.ist_reg_read_by_mpu                    0x08004686   Section        0  mpu6500_driver.o(i.ist_reg_read_by_mpu)
    ist_reg_read_by_mpu                      0x08004687   Thumb Code    56  mpu6500_driver.o(i.ist_reg_read_by_mpu)
    i.ist_reg_write_by_mpu                   0x080046be   Section        0  mpu6500_driver.o(i.ist_reg_write_by_mpu)
    ist_reg_write_by_mpu                     0x080046bf   Thumb Code    66  mpu6500_driver.o(i.ist_reg_write_by_mpu)
    i.main                                   0x08004700   Section        0  main.o(i.main)
    i.mpu_device_init                        0x080047c8   Section        0  mpu6500_driver.o(i.mpu_device_init)
    i.mpu_get_data                           0x0800482c   Section        0  mpu6500_driver.o(i.mpu_get_data)
    i.mpu_master_i2c_auto_read_config        0x0800492c   Section        0  mpu6500_driver.o(i.mpu_master_i2c_auto_read_config)
    mpu_master_i2c_auto_read_config          0x0800492d   Thumb Code   142  mpu6500_driver.o(i.mpu_master_i2c_auto_read_config)
    i.mpu_offset_call                        0x080049bc   Section        0  mpu6500_driver.o(i.mpu_offset_call)
    i.mpu_read_byte                          0x08004a60   Section        0  mpu6500_driver.o(i.mpu_read_byte)
    i.mpu_read_bytes                         0x08004ab0   Section        0  mpu6500_driver.o(i.mpu_read_bytes)
    i.mpu_set_accel_fsr                      0x08004b0c   Section        0  mpu6500_driver.o(i.mpu_set_accel_fsr)
    i.mpu_set_gyro_fsr                       0x08004b16   Section        0  mpu6500_driver.o(i.mpu_set_gyro_fsr)
    i.mpu_write_byte                         0x08004b20   Section        0  mpu6500_driver.o(i.mpu_write_byte)
    i.pid_calc                               0x08004b74   Section        0  pid.o(i.pid_calc)
    i.pid_param_init                         0x08004d38   Section        0  pid.o(i.pid_param_init)
    i.sqrt                                   0x08004d46   Section        0  sqrt.o(i.sqrt)
    .constdata                               0x08004db4   Section        8  stm32f4xx_hal_dma.o(.constdata)
    flagBitshiftOffset                       0x08004db4   Data           8  stm32f4xx_hal_dma.o(.constdata)
    .constdata                               0x08004dbc   Section       16  system_stm32f4xx.o(.constdata)
    .constdata                               0x08004dcc   Section        8  system_stm32f4xx.o(.constdata)
    .constdata                               0x08004dd4   Section       20  mpu6500_driver.o(.constdata)
    .constdata                               0x08004de8   Section       80  asin.o(.constdata)
    pS                                       0x08004de8   Data          48  asin.o(.constdata)
    qS                                       0x08004e18   Data          32  asin.o(.constdata)
    .constdata                               0x08004e38   Section      152  atan.o(.constdata)
    atanhi                                   0x08004e38   Data          32  atan.o(.constdata)
    atanlo                                   0x08004e58   Data          32  atan.o(.constdata)
    aTodd                                    0x08004e78   Data          40  atan.o(.constdata)
    aTeven                                   0x08004ea0   Data          48  atan.o(.constdata)
    .constdata                               0x08004ed0   Section        8  qnan.o(.constdata)
    .data                                    0x20000000   Section        8  main.o(.data)
    .data                                    0x20000008   Section        4  stm32f4xx_it.o(.data)
    .data                                    0x2000000c   Section       12  stm32f4xx_hal.o(.data)
    .data                                    0x20000018   Section        4  system_stm32f4xx.o(.data)
    .data                                    0x2000001c   Section        5  can_receive.o(.data)
    i                                        0x2000001c   Data           1  can_receive.o(.data)
    .data                                    0x20000024   Section       96  mpu6500_driver.o(.data)
    tx                                       0x20000024   Data           1  mpu6500_driver.o(.data)
    rx                                       0x20000025   Data           1  mpu6500_driver.o(.data)
    gx                                       0x20000038   Data           4  mpu6500_driver.o(.data)
    gy                                       0x2000003c   Data           4  mpu6500_driver.o(.data)
    gz                                       0x20000040   Data           4  mpu6500_driver.o(.data)
    ax                                       0x20000044   Data           4  mpu6500_driver.o(.data)
    ay                                       0x20000048   Data           4  mpu6500_driver.o(.data)
    az                                       0x2000004c   Data           4  mpu6500_driver.o(.data)
    mx                                       0x20000050   Data           4  mpu6500_driver.o(.data)
    my                                       0x20000054   Data           4  mpu6500_driver.o(.data)
    mz                                       0x20000058   Data           4  mpu6500_driver.o(.data)
    tx_buff                                  0x20000076   Data          14  mpu6500_driver.o(.data)
    .data                                    0x20000084   Section       12  bluetooth.o(.data)
    .data                                    0x20000090   Section        4  errno.o(.data)
    _errno                                   0x20000090   Data           4  errno.o(.data)
    .bss                                     0x20000094   Section       40  can.o(.bss)
    .bss                                     0x200000bc   Section       88  spi.o(.bss)
    .bss                                     0x20000114   Section      128  tim.o(.bss)
    .bss                                     0x20000194   Section      256  usart.o(.bss)
    .bss                                     0x20000294   Section       44  can_receive.o(.bss)
    chassis_tx_message                       0x200002a8   Data          24  can_receive.o(.bss)
    .bss                                     0x200002c0   Section       98  mpu6500_driver.o(.bss)
    .bss                                     0x20000324   Section      364  bluetooth.o(.bss)
    STACK                                    0x20000490   Section     1024  startup_stm32f427xx.o(STACK)

    Global Symbols

    Symbol Name                              Value     Ov Type        Size  Object(Section)

    BuildAttributes$$THM_ISAv4$E$P$D$K$B$S$7EM$VFPi3$EXTD16$VFPS$VFMA$PE$A:L22UL41UL21$X:L11$S22US41US21$IEEE1$IW$USESV6$~STKCKD$USESV7$~SHL$OTIME$ROPI$IEEEX$EBA8$MICROLIB$REQ8$PRES8$EABIv2 0x00000000   Number         0  anon$$obj.o ABSOLUTE
    __ARM_use_no_argv                        0x00000000   Number         0  main.o ABSOLUTE
    __cpp_initialize__aeabi_                  - Undefined Weak Reference
    __cxa_finalize                            - Undefined Weak Reference
    __decompress                              - Undefined Weak Reference
    _clock_init                               - Undefined Weak Reference
    _microlib_exit                            - Undefined Weak Reference
    __Vectors_Size                           0x000001ac   Number         0  startup_stm32f427xx.o ABSOLUTE
    __Vectors                                0x08000000   Data           4  startup_stm32f427xx.o(RESET)
    __Vectors_End                            0x080001ac   Data           0  startup_stm32f427xx.o(RESET)
    __main                                   0x080001ad   Thumb Code     0  entry.o(.ARM.Collect$$$$00000000)
    _main_stk                                0x080001ad   Thumb Code     0  entry2.o(.ARM.Collect$$$$00000001)
    _main_scatterload                        0x080001b1   Thumb Code     0  entry5.o(.ARM.Collect$$$$00000004)
    __main_after_scatterload                 0x080001b5   Thumb Code     0  entry5.o(.ARM.Collect$$$$00000004)
    _main_clock                              0x080001b5   Thumb Code     0  entry7b.o(.ARM.Collect$$$$00000008)
    _main_cpp_init                           0x080001b5   Thumb Code     0  entry8b.o(.ARM.Collect$$$$0000000A)
    _main_init                               0x080001b5   Thumb Code     0  entry9a.o(.ARM.Collect$$$$0000000B)
    __rt_final_cpp                           0x080001bd   Thumb Code     0  entry10a.o(.ARM.Collect$$$$0000000D)
    __rt_final_exit                          0x080001bd   Thumb Code     0  entry11a.o(.ARM.Collect$$$$0000000F)
    Reset_Handler                            0x080001c1   Thumb Code     8  startup_stm32f427xx.o(.text)
    ADC_IRQHandler                           0x080001db   Thumb Code     0  startup_stm32f427xx.o(.text)
    CAN1_RX1_IRQHandler                      0x080001db   Thumb Code     0  startup_stm32f427xx.o(.text)
    CAN1_SCE_IRQHandler                      0x080001db   Thumb Code     0  startup_stm32f427xx.o(.text)
    CAN1_TX_IRQHandler                       0x080001db   Thumb Code     0  startup_stm32f427xx.o(.text)
    CAN2_RX0_IRQHandler                      0x080001db   Thumb Code     0  startup_stm32f427xx.o(.text)
    CAN2_RX1_IRQHandler                      0x080001db   Thumb Code     0  startup_stm32f427xx.o(.text)
    CAN2_SCE_IRQHandler                      0x080001db   Thumb Code     0  startup_stm32f427xx.o(.text)
    CAN2_TX_IRQHandler                       0x080001db   Thumb Code     0  startup_stm32f427xx.o(.text)
    DCMI_IRQHandler                          0x080001db   Thumb Code     0  startup_stm32f427xx.o(.text)
    DMA1_Stream0_IRQHandler                  0x080001db   Thumb Code     0  startup_stm32f427xx.o(.text)
    DMA1_Stream1_IRQHandler                  0x080001db   Thumb Code     0  startup_stm32f427xx.o(.text)
    DMA1_Stream2_IRQHandler                  0x080001db   Thumb Code     0  startup_stm32f427xx.o(.text)
    DMA1_Stream3_IRQHandler                  0x080001db   Thumb Code     0  startup_stm32f427xx.o(.text)
    DMA1_Stream4_IRQHandler                  0x080001db   Thumb Code     0  startup_stm32f427xx.o(.text)
    DMA1_Stream5_IRQHandler                  0x080001db   Thumb Code     0  startup_stm32f427xx.o(.text)
    DMA1_Stream6_IRQHandler                  0x080001db   Thumb Code     0  startup_stm32f427xx.o(.text)
    DMA1_Stream7_IRQHandler                  0x080001db   Thumb Code     0  startup_stm32f427xx.o(.text)
    DMA2D_IRQHandler                         0x080001db   Thumb Code     0  startup_stm32f427xx.o(.text)
    DMA2_Stream0_IRQHandler                  0x080001db   Thumb Code     0  startup_stm32f427xx.o(.text)
    DMA2_Stream2_IRQHandler                  0x080001db   Thumb Code     0  startup_stm32f427xx.o(.text)
    DMA2_Stream3_IRQHandler                  0x080001db   Thumb Code     0  startup_stm32f427xx.o(.text)
    DMA2_Stream4_IRQHandler                  0x080001db   Thumb Code     0  startup_stm32f427xx.o(.text)
    DMA2_Stream5_IRQHandler                  0x080001db   Thumb Code     0  startup_stm32f427xx.o(.text)
    DMA2_Stream7_IRQHandler                  0x080001db   Thumb Code     0  startup_stm32f427xx.o(.text)
    ETH_IRQHandler                           0x080001db   Thumb Code     0  startup_stm32f427xx.o(.text)
    ETH_WKUP_IRQHandler                      0x080001db   Thumb Code     0  startup_stm32f427xx.o(.text)
    EXTI0_IRQHandler                         0x080001db   Thumb Code     0  startup_stm32f427xx.o(.text)
    EXTI15_10_IRQHandler                     0x080001db   Thumb Code     0  startup_stm32f427xx.o(.text)
    EXTI1_IRQHandler                         0x080001db   Thumb Code     0  startup_stm32f427xx.o(.text)
    EXTI2_IRQHandler                         0x080001db   Thumb Code     0  startup_stm32f427xx.o(.text)
    EXTI3_IRQHandler                         0x080001db   Thumb Code     0  startup_stm32f427xx.o(.text)
    EXTI4_IRQHandler                         0x080001db   Thumb Code     0  startup_stm32f427xx.o(.text)
    EXTI9_5_IRQHandler                       0x080001db   Thumb Code     0  startup_stm32f427xx.o(.text)
    FLASH_IRQHandler                         0x080001db   Thumb Code     0  startup_stm32f427xx.o(.text)
    FMC_IRQHandler                           0x080001db   Thumb Code     0  startup_stm32f427xx.o(.text)
    FPU_IRQHandler                           0x080001db   Thumb Code     0  startup_stm32f427xx.o(.text)
    HASH_RNG_IRQHandler                      0x080001db   Thumb Code     0  startup_stm32f427xx.o(.text)
    I2C1_ER_IRQHandler                       0x080001db   Thumb Code     0  startup_stm32f427xx.o(.text)
    I2C1_EV_IRQHandler                       0x080001db   Thumb Code     0  startup_stm32f427xx.o(.text)
    I2C2_ER_IRQHandler                       0x080001db   Thumb Code     0  startup_stm32f427xx.o(.text)
    I2C2_EV_IRQHandler                       0x080001db   Thumb Code     0  startup_stm32f427xx.o(.text)
    I2C3_ER_IRQHandler                       0x080001db   Thumb Code     0  startup_stm32f427xx.o(.text)
    I2C3_EV_IRQHandler                       0x080001db   Thumb Code     0  startup_stm32f427xx.o(.text)
    OTG_FS_IRQHandler                        0x080001db   Thumb Code     0  startup_stm32f427xx.o(.text)
    OTG_FS_WKUP_IRQHandler                   0x080001db   Thumb Code     0  startup_stm32f427xx.o(.text)
    OTG_HS_EP1_IN_IRQHandler                 0x080001db   Thumb Code     0  startup_stm32f427xx.o(.text)
    OTG_HS_EP1_OUT_IRQHandler                0x080001db   Thumb Code     0  startup_stm32f427xx.o(.text)
    OTG_HS_IRQHandler                        0x080001db   Thumb Code     0  startup_stm32f427xx.o(.text)
    OTG_HS_WKUP_IRQHandler                   0x080001db   Thumb Code     0  startup_stm32f427xx.o(.text)
    PVD_IRQHandler                           0x080001db   Thumb Code     0  startup_stm32f427xx.o(.text)
    RCC_IRQHandler                           0x080001db   Thumb Code     0  startup_stm32f427xx.o(.text)
    RTC_Alarm_IRQHandler                     0x080001db   Thumb Code     0  startup_stm32f427xx.o(.text)
    RTC_WKUP_IRQHandler                      0x080001db   Thumb Code     0  startup_stm32f427xx.o(.text)
    SAI1_IRQHandler                          0x080001db   Thumb Code     0  startup_stm32f427xx.o(.text)
    SDIO_IRQHandler                          0x080001db   Thumb Code     0  startup_stm32f427xx.o(.text)
    SPI1_IRQHandler                          0x080001db   Thumb Code     0  startup_stm32f427xx.o(.text)
    SPI2_IRQHandler                          0x080001db   Thumb Code     0  startup_stm32f427xx.o(.text)
    SPI3_IRQHandler                          0x080001db   Thumb Code     0  startup_stm32f427xx.o(.text)
    SPI4_IRQHandler                          0x080001db   Thumb Code     0  startup_stm32f427xx.o(.text)
    SPI5_IRQHandler                          0x080001db   Thumb Code     0  startup_stm32f427xx.o(.text)
    SPI6_IRQHandler                          0x080001db   Thumb Code     0  startup_stm32f427xx.o(.text)
    TAMP_STAMP_IRQHandler                    0x080001db   Thumb Code     0  startup_stm32f427xx.o(.text)
    TIM1_BRK_TIM9_IRQHandler                 0x080001db   Thumb Code     0  startup_stm32f427xx.o(.text)
    TIM1_CC_IRQHandler                       0x080001db   Thumb Code     0  startup_stm32f427xx.o(.text)
    TIM1_TRG_COM_TIM11_IRQHandler            0x080001db   Thumb Code     0  startup_stm32f427xx.o(.text)
    TIM1_UP_TIM10_IRQHandler                 0x080001db   Thumb Code     0  startup_stm32f427xx.o(.text)
    TIM2_IRQHandler                          0x080001db   Thumb Code     0  startup_stm32f427xx.o(.text)
    TIM3_IRQHandler                          0x080001db   Thumb Code     0  startup_stm32f427xx.o(.text)
    TIM4_IRQHandler                          0x080001db   Thumb Code     0  startup_stm32f427xx.o(.text)
    TIM5_IRQHandler                          0x080001db   Thumb Code     0  startup_stm32f427xx.o(.text)
    TIM7_IRQHandler                          0x080001db   Thumb Code     0  startup_stm32f427xx.o(.text)
    TIM8_BRK_TIM12_IRQHandler                0x080001db   Thumb Code     0  startup_stm32f427xx.o(.text)
    TIM8_TRG_COM_TIM14_IRQHandler            0x080001db   Thumb Code     0  startup_stm32f427xx.o(.text)
    TIM8_UP_TIM13_IRQHandler                 0x080001db   Thumb Code     0  startup_stm32f427xx.o(.text)
    UART4_IRQHandler                         0x080001db   Thumb Code     0  startup_stm32f427xx.o(.text)
    UART5_IRQHandler                         0x080001db   Thumb Code     0  startup_stm32f427xx.o(.text)
    UART7_IRQHandler                         0x080001db   Thumb Code     0  startup_stm32f427xx.o(.text)
    UART8_IRQHandler                         0x080001db   Thumb Code     0  startup_stm32f427xx.o(.text)
    USART1_IRQHandler                        0x080001db   Thumb Code     0  startup_stm32f427xx.o(.text)
    USART2_IRQHandler                        0x080001db   Thumb Code     0  startup_stm32f427xx.o(.text)
    USART3_IRQHandler                        0x080001db   Thumb Code     0  startup_stm32f427xx.o(.text)
    WWDG_IRQHandler                          0x080001db   Thumb Code     0  startup_stm32f427xx.o(.text)
    __aeabi_uldivmod                         0x080001e5   Thumb Code    98  uldiv.o(.text)
    __aeabi_memcpy                           0x08000247   Thumb Code    36  memcpya.o(.text)
    __aeabi_memcpy4                          0x08000247   Thumb Code     0  memcpya.o(.text)
    __aeabi_memcpy8                          0x08000247   Thumb Code     0  memcpya.o(.text)
    __aeabi_memset                           0x0800026b   Thumb Code    14  memseta.o(.text)
    __aeabi_memset4                          0x0800026b   Thumb Code     0  memseta.o(.text)
    __aeabi_memset8                          0x0800026b   Thumb Code     0  memseta.o(.text)
    __aeabi_memclr                           0x08000279   Thumb Code     4  memseta.o(.text)
    __aeabi_memclr4                          0x08000279   Thumb Code     0  memseta.o(.text)
    __aeabi_memclr8                          0x08000279   Thumb Code     0  memseta.o(.text)
    _memset$wrapper                          0x0800027d   Thumb Code    18  memseta.o(.text)
    __aeabi_dmul                             0x0800028f   Thumb Code   228  dmul.o(.text)
    __aeabi_i2d                              0x08000373   Thumb Code    34  dflti.o(.text)
    __aeabi_f2d                              0x08000395   Thumb Code    38  f2d.o(.text)
    __aeabi_cdrcmple                         0x080003bd   Thumb Code    48  cdrcmple.o(.text)
    __aeabi_d2f                              0x080003ed   Thumb Code    56  d2f.o(.text)
    __aeabi_llsl                             0x08000425   Thumb Code    30  llshl.o(.text)
    _ll_shift_l                              0x08000425   Thumb Code     0  llshl.o(.text)
    __aeabi_llsr                             0x08000443   Thumb Code    32  llushr.o(.text)
    _ll_ushift_r                             0x08000443   Thumb Code     0  llushr.o(.text)
    __I$use$fp                               0x08000463   Thumb Code     0  iusefp.o(.text)
    _float_round                             0x08000463   Thumb Code    18  fepilogue.o(.text)
    _float_epilogue                          0x08000475   Thumb Code    92  fepilogue.o(.text)
    _double_round                            0x080004d1   Thumb Code    30  depilogue.o(.text)
    _double_epilogue                         0x080004ef   Thumb Code   156  depilogue.o(.text)
    __aeabi_dadd                             0x0800058b   Thumb Code   322  dadd.o(.text)
    __aeabi_dsub                             0x080006cd   Thumb Code     6  dadd.o(.text)
    __aeabi_drsub                            0x080006d3   Thumb Code     6  dadd.o(.text)
    __aeabi_ddiv                             0x080006d9   Thumb Code   222  ddiv.o(.text)
    _dsqrt                                   0x080007b7   Thumb Code   162  dsqrt.o(.text)
    __scatterload                            0x08000859   Thumb Code    28  init.o(.text)
    __scatterload_rt2                        0x08000859   Thumb Code     0  init.o(.text)
    __aeabi_lasr                             0x0800087d   Thumb Code    36  llsshr.o(.text)
    _ll_sshift_r                             0x0800087d   Thumb Code     0  llsshr.o(.text)
    BlueTooth_init                           0x080008a1   Thumb Code    38  bluetooth.o(i.BlueTooth_init)
    BusFault_Handler                         0x080008d1   Thumb Code     2  stm32f4xx_it.o(i.BusFault_Handler)
    CAN1_RX0_IRQHandler                      0x080008d5   Thumb Code     6  stm32f4xx_it.o(i.CAN1_RX0_IRQHandler)
    CAN_cmd_chassis                          0x080008e1   Thumb Code    46  can_receive.o(i.CAN_cmd_chassis)
    DMA2_Stream1_IRQHandler                  0x0800091d   Thumb Code     6  stm32f4xx_it.o(i.DMA2_Stream1_IRQHandler)
    DMA2_Stream6_IRQHandler                  0x08000929   Thumb Code     6  stm32f4xx_it.o(i.DMA2_Stream6_IRQHandler)
    DebugMon_Handler                         0x080009d9   Thumb Code     2  stm32f4xx_it.o(i.DebugMon_Handler)
    Error_Handler                            0x080009db   Thumb Code     2  main.o(i.Error_Handler)
    HAL_CAN_ActivateNotification             0x080009dd   Thumb Code    36  stm32f4xx_hal_can.o(i.HAL_CAN_ActivateNotification)
    HAL_CAN_AddTxMessage                     0x08000a01   Thumb Code   200  stm32f4xx_hal_can.o(i.HAL_CAN_AddTxMessage)
    HAL_CAN_ConfigFilter                     0x08000ac9   Thumb Code   262  stm32f4xx_hal_can.o(i.HAL_CAN_ConfigFilter)
    HAL_CAN_ErrorCallback                    0x08000bd5   Thumb Code     2  stm32f4xx_hal_can.o(i.HAL_CAN_ErrorCallback)
    HAL_CAN_GetRxMessage                     0x08000bd7   Thumb Code   232  stm32f4xx_hal_can.o(i.HAL_CAN_GetRxMessage)
    HAL_CAN_IRQHandler                       0x08000cbf   Thumb Code   508  stm32f4xx_hal_can.o(i.HAL_CAN_IRQHandler)
    HAL_CAN_Init                             0x08000ebb   Thumb Code   282  stm32f4xx_hal_can.o(i.HAL_CAN_Init)
    HAL_CAN_MspInit                          0x08000fd5   Thumb Code   106  can.o(i.HAL_CAN_MspInit)
    HAL_CAN_RxFifo0FullCallback              0x0800104d   Thumb Code     2  stm32f4xx_hal_can.o(i.HAL_CAN_RxFifo0FullCallback)
    HAL_CAN_RxFifo0MsgPendingCallback        0x08001051   Thumb Code    98  can_receive.o(i.HAL_CAN_RxFifo0MsgPendingCallback)
    HAL_CAN_RxFifo1FullCallback              0x080010c1   Thumb Code     2  stm32f4xx_hal_can.o(i.HAL_CAN_RxFifo1FullCallback)
    HAL_CAN_RxFifo1MsgPendingCallback        0x080010c3   Thumb Code     2  stm32f4xx_hal_can.o(i.HAL_CAN_RxFifo1MsgPendingCallback)
    HAL_CAN_SleepCallback                    0x080010c5   Thumb Code     2  stm32f4xx_hal_can.o(i.HAL_CAN_SleepCallback)
    HAL_CAN_Start                            0x080010c9   Thumb Code    88  stm32f4xx_hal_can.o(i.HAL_CAN_Start)
    HAL_CAN_TxMailbox0AbortCallback          0x08001121   Thumb Code     2  stm32f4xx_hal_can.o(i.HAL_CAN_TxMailbox0AbortCallback)
    HAL_CAN_TxMailbox0CompleteCallback       0x08001123   Thumb Code     2  stm32f4xx_hal_can.o(i.HAL_CAN_TxMailbox0CompleteCallback)
    HAL_CAN_TxMailbox1AbortCallback          0x08001125   Thumb Code     2  stm32f4xx_hal_can.o(i.HAL_CAN_TxMailbox1AbortCallback)
    HAL_CAN_TxMailbox1CompleteCallback       0x08001127   Thumb Code     2  stm32f4xx_hal_can.o(i.HAL_CAN_TxMailbox1CompleteCallback)
    HAL_CAN_TxMailbox2AbortCallback          0x08001129   Thumb Code     2  stm32f4xx_hal_can.o(i.HAL_CAN_TxMailbox2AbortCallback)
    HAL_CAN_TxMailbox2CompleteCallback       0x0800112b   Thumb Code     2  stm32f4xx_hal_can.o(i.HAL_CAN_TxMailbox2CompleteCallback)
    HAL_CAN_WakeUpFromRxMsgCallback          0x0800112d   Thumb Code     2  stm32f4xx_hal_can.o(i.HAL_CAN_WakeUpFromRxMsgCallback)
    HAL_DMA_Abort                            0x0800112f   Thumb Code   142  stm32f4xx_hal_dma.o(i.HAL_DMA_Abort)
    HAL_DMA_Abort_IT                         0x080011bd   Thumb Code    36  stm32f4xx_hal_dma.o(i.HAL_DMA_Abort_IT)
    HAL_DMA_IRQHandler                       0x080011e1   Thumb Code   412  stm32f4xx_hal_dma.o(i.HAL_DMA_IRQHandler)
    HAL_DMA_Init                             0x08001381   Thumb Code   206  stm32f4xx_hal_dma.o(i.HAL_DMA_Init)
    HAL_DMA_Start_IT                         0x08001455   Thumb Code   110  stm32f4xx_hal_dma.o(i.HAL_DMA_Start_IT)
    HAL_Delay                                0x080014c5   Thumb Code    32  stm32f4xx_hal.o(i.HAL_Delay)
    HAL_GPIO_Init                            0x080014e9   Thumb Code   414  stm32f4xx_hal_gpio.o(i.HAL_GPIO_Init)
    HAL_GPIO_WritePin                        0x080016bd   Thumb Code    10  stm32f4xx_hal_gpio.o(i.HAL_GPIO_WritePin)
    HAL_GetTick                              0x080016c9   Thumb Code     6  stm32f4xx_hal.o(i.HAL_GetTick)
    HAL_IncTick                              0x080016d5   Thumb Code    12  stm32f4xx_hal.o(i.HAL_IncTick)
    HAL_Init                                 0x080016e5   Thumb Code    48  stm32f4xx_hal.o(i.HAL_Init)
    HAL_InitTick                             0x08001719   Thumb Code    54  stm32f4xx_hal.o(i.HAL_InitTick)
    HAL_MspInit                              0x08001759   Thumb Code    42  stm32f4xx_hal_msp.o(i.HAL_MspInit)
    HAL_NVIC_EnableIRQ                       0x08001789   Thumb Code    26  stm32f4xx_hal_cortex.o(i.HAL_NVIC_EnableIRQ)
    HAL_NVIC_SetPriority                     0x080017a5   Thumb Code    60  stm32f4xx_hal_cortex.o(i.HAL_NVIC_SetPriority)
    HAL_NVIC_SetPriorityGrouping             0x080017e5   Thumb Code    26  stm32f4xx_hal_cortex.o(i.HAL_NVIC_SetPriorityGrouping)
    HAL_RCC_ClockConfig                      0x08001809   Thumb Code   288  stm32f4xx_hal_rcc.o(i.HAL_RCC_ClockConfig)
    HAL_RCC_GetPCLK1Freq                     0x0800193d   Thumb Code    20  stm32f4xx_hal_rcc.o(i.HAL_RCC_GetPCLK1Freq)
    HAL_RCC_GetPCLK2Freq                     0x0800195d   Thumb Code    20  stm32f4xx_hal_rcc.o(i.HAL_RCC_GetPCLK2Freq)
    HAL_RCC_GetSysClockFreq                  0x0800197d   Thumb Code    88  stm32f4xx_hal_rcc.o(i.HAL_RCC_GetSysClockFreq)
    HAL_RCC_OscConfig                        0x080019e1   Thumb Code   840  stm32f4xx_hal_rcc.o(i.HAL_RCC_OscConfig)
    HAL_SPI_Init                             0x08001d3d   Thumb Code   128  stm32f4xx_hal_spi.o(i.HAL_SPI_Init)
    HAL_SPI_MspInit                          0x08001dbd   Thumb Code    94  spi.o(i.HAL_SPI_MspInit)
    HAL_SPI_TransmitReceive                  0x08001e29   Thumb Code   482  stm32f4xx_hal_spi.o(i.HAL_SPI_TransmitReceive)
    HAL_SYSTICK_Config                       0x0800200b   Thumb Code    40  stm32f4xx_hal_cortex.o(i.HAL_SYSTICK_Config)
    HAL_TIMEx_BreakCallback                  0x08002033   Thumb Code     2  stm32f4xx_hal_tim_ex.o(i.HAL_TIMEx_BreakCallback)
    HAL_TIMEx_CommutCallback                 0x08002035   Thumb Code     2  stm32f4xx_hal_tim_ex.o(i.HAL_TIMEx_CommutCallback)
    HAL_TIMEx_MasterConfigSynchronization    0x08002039   Thumb Code   116  stm32f4xx_hal_tim_ex.o(i.HAL_TIMEx_MasterConfigSynchronization)
    HAL_TIM_Base_Init                        0x080020c9   Thumb Code    54  stm32f4xx_hal_tim.o(i.HAL_TIM_Base_Init)
    HAL_TIM_Base_MspInit                     0x08002101   Thumb Code    90  tim.o(i.HAL_TIM_Base_MspInit)
    HAL_TIM_Base_Start_IT                    0x08002169   Thumb Code    34  stm32f4xx_hal_tim.o(i.HAL_TIM_Base_Start_IT)
    HAL_TIM_Base_Stop_IT                     0x0800218b   Thumb Code    42  stm32f4xx_hal_tim.o(i.HAL_TIM_Base_Stop_IT)
    HAL_TIM_ConfigClockSource                0x080021b5   Thumb Code   214  stm32f4xx_hal_tim.o(i.HAL_TIM_ConfigClockSource)
    HAL_TIM_IC_CaptureCallback               0x0800228b   Thumb Code     2  stm32f4xx_hal_tim.o(i.HAL_TIM_IC_CaptureCallback)
    HAL_TIM_IRQHandler                       0x0800228d   Thumb Code   358  stm32f4xx_hal_tim.o(i.HAL_TIM_IRQHandler)
    HAL_TIM_OC_DelayElapsedCallback          0x080023f3   Thumb Code     2  stm32f4xx_hal_tim.o(i.HAL_TIM_OC_DelayElapsedCallback)
    HAL_TIM_PWM_PulseFinishedCallback        0x080023f5   Thumb Code     2  stm32f4xx_hal_tim.o(i.HAL_TIM_PWM_PulseFinishedCallback)
    HAL_TIM_PeriodElapsedCallback            0x080023f7   Thumb Code     2  stm32f4xx_hal_tim.o(i.HAL_TIM_PeriodElapsedCallback)
    HAL_TIM_TriggerCallback                  0x080023f9   Thumb Code     2  stm32f4xx_hal_tim.o(i.HAL_TIM_TriggerCallback)
    HAL_UART_DMAStop                         0x080023fb   Thumb Code    88  stm32f4xx_hal_uart.o(i.HAL_UART_DMAStop)
    HAL_UART_ErrorCallback                   0x08002453   Thumb Code     2  stm32f4xx_hal_uart.o(i.HAL_UART_ErrorCallback)
    HAL_UART_IRQHandler                      0x08002455   Thumb Code   270  stm32f4xx_hal_uart.o(i.HAL_UART_IRQHandler)
    HAL_UART_Init                            0x08002569   Thumb Code    98  stm32f4xx_hal_uart.o(i.HAL_UART_Init)
    HAL_UART_MspInit                         0x080025cd   Thumb Code   214  usart.o(i.HAL_UART_MspInit)
    HAL_UART_Receive_DMA                     0x080026b9   Thumb Code   138  stm32f4xx_hal_uart.o(i.HAL_UART_Receive_DMA)
    HAL_UART_RxCpltCallback                  0x08002751   Thumb Code     2  stm32f4xx_hal_uart.o(i.HAL_UART_RxCpltCallback)
    HAL_UART_RxHalfCpltCallback              0x08002753   Thumb Code     2  stm32f4xx_hal_uart.o(i.HAL_UART_RxHalfCpltCallback)
    HAL_UART_Transmit_DMA                    0x08002755   Thumb Code   114  stm32f4xx_hal_uart.o(i.HAL_UART_Transmit_DMA)
    HAL_UART_TxCpltCallback                  0x080027d5   Thumb Code     2  stm32f4xx_hal_uart.o(i.HAL_UART_TxCpltCallback)
    HAL_UART_TxHalfCpltCallback              0x080027d7   Thumb Code     2  stm32f4xx_hal_uart.o(i.HAL_UART_TxHalfCpltCallback)
    HardFault_Handler                        0x080027d9   Thumb Code     2  stm32f4xx_it.o(i.HardFault_Handler)
    MX_CAN1_Init                             0x080027dd   Thumb Code    60  can.o(i.MX_CAN1_Init)
    MX_DMA_Init                              0x08002821   Thumb Code    56  dma.o(i.MX_DMA_Init)
    MX_GPIO_Init                             0x0800285d   Thumb Code   198  gpio.o(i.MX_GPIO_Init)
    MX_SPI5_Init                             0x08002935   Thumb Code    64  spi.o(i.MX_SPI5_Init)
    MX_TIM6_Init                             0x0800297d   Thumb Code    62  tim.o(i.MX_TIM6_Init)
    MX_TIM8_Init                             0x080029c5   Thumb Code    90  tim.o(i.MX_TIM8_Init)
    MX_USART6_UART_Init                      0x08002a29   Thumb Code    48  usart.o(i.MX_USART6_UART_Init)
    MemManage_Handler                        0x08002a61   Thumb Code     2  stm32f4xx_it.o(i.MemManage_Handler)
    NMI_Handler                              0x08002a63   Thumb Code     2  stm32f4xx_it.o(i.NMI_Handler)
    PendSV_Handler                           0x08002a65   Thumb Code     2  stm32f4xx_it.o(i.PendSV_Handler)
    SVC_Handler                              0x08002b55   Thumb Code     2  stm32f4xx_it.o(i.SVC_Handler)
    SysTick_Handler                          0x08002b57   Thumb Code     4  stm32f4xx_it.o(i.SysTick_Handler)
    SystemClock_Config                       0x08002b5d   Thumb Code   124  main.o(i.SystemClock_Config)
    SystemInit                               0x08002be1   Thumb Code    22  system_stm32f4xx.o(i.SystemInit)
    TIM6_DAC_IRQHandler                      0x08002bfd   Thumb Code    82  stm32f4xx_it.o(i.TIM6_DAC_IRQHandler)
    TIM8_CC_IRQHandler                       0x08002c69   Thumb Code     6  stm32f4xx_it.o(i.TIM8_CC_IRQHandler)
    TIM_Base_SetConfig                       0x08002c75   Thumb Code   156  stm32f4xx_hal_tim.o(i.TIM_Base_SetConfig)
    TIM_ETR_SetConfig                        0x08002d3d   Thumb Code    20  stm32f4xx_hal_tim.o(i.TIM_ETR_SetConfig)
    USART6_IRQHandler                        0x080030d1   Thumb Code    56  stm32f4xx_it.o(i.USART6_IRQHandler)
    Uart_transmit_measure                    0x08003111   Thumb Code    96  bluetooth.o(i.Uart_transmit_measure)
    UsageFault_Handler                       0x08003181   Thumb Code     2  stm32f4xx_it.o(i.UsageFault_Handler)
    __ARM_fpclassify                         0x08003183   Thumb Code    48  fpclassify.o(i.__ARM_fpclassify)
    __hardfp_asin                            0x080031d9   Thumb Code   770  asin.o(i.__hardfp_asin)
    __hardfp_atan                            0x08003539   Thumb Code   622  atan.o(i.__hardfp_atan)
    __hardfp_atan2                           0x08003811   Thumb Code   432  atan2.o(i.__hardfp_atan2)
    __hardfp_fabs                            0x08003a01   Thumb Code    20  fabs.o(i.__hardfp_fabs)
    __hardfp_sqrt                            0x08003a15   Thumb Code   122  sqrt.o(i.__hardfp_sqrt)
    __kernel_poly                            0x08003a8f   Thumb Code   248  poly.o(i.__kernel_poly)
    __mathlib_dbl_infnan                     0x08003b87   Thumb Code    20  dunder.o(i.__mathlib_dbl_infnan)
    __mathlib_dbl_infnan2                    0x08003b9b   Thumb Code    20  dunder.o(i.__mathlib_dbl_infnan2)
    __mathlib_dbl_invalid                    0x08003bb1   Thumb Code    24  dunder.o(i.__mathlib_dbl_invalid)
    __mathlib_dbl_underflow                  0x08003bd1   Thumb Code    24  dunder.o(i.__mathlib_dbl_underflow)
    __scatterload_copy                       0x08003bf1   Thumb Code    14  handlers.o(i.__scatterload_copy)
    __scatterload_null                       0x08003bff   Thumb Code     2  handlers.o(i.__scatterload_null)
    __scatterload_zeroinit                   0x08003c01   Thumb Code    14  handlers.o(i.__scatterload_zeroinit)
    __set_errno                              0x08003c11   Thumb Code     6  errno.o(i.__set_errno)
    abs_limit                                0x08003c1d   Thumb Code    42  pid.o(i.abs_limit)
    atan                                     0x08003c47   Thumb Code    16  atan.o(i.atan)
    can_filter_init                          0x08003c59   Thumb Code    52  bsp_can.o(i.can_filter_init)
    fabs                                     0x08003c91   Thumb Code    24  fabs.o(i.fabs)
    get_data                                 0x08003ca9   Thumb Code   178  bluetooth.o(i.get_data)
    imu_ahrs_update                          0x08003d65   Thumb Code  1194  mpu6500_driver.o(i.imu_ahrs_update)
    imu_attitude_update                      0x08004211   Thumb Code   346  mpu6500_driver.o(i.imu_attitude_update)
    init_quaternion                          0x08004385   Thumb Code   360  mpu6500_driver.o(i.init_quaternion)
    inv_sqrt                                 0x08004551   Thumb Code    40  mpu6500_driver.o(i.inv_sqrt)
    ist8310_get_data                         0x0800457d   Thumb Code    10  mpu6500_driver.o(i.ist8310_get_data)
    ist8310_init                             0x08004587   Thumb Code   256  mpu6500_driver.o(i.ist8310_init)
    main                                     0x08004701   Thumb Code   176  main.o(i.main)
    mpu_device_init                          0x080047c9   Thumb Code    90  mpu6500_driver.o(i.mpu_device_init)
    mpu_get_data                             0x0800482d   Thumb Code   234  mpu6500_driver.o(i.mpu_get_data)
    mpu_offset_call                          0x080049bd   Thumb Code   160  mpu6500_driver.o(i.mpu_offset_call)
    mpu_read_byte                            0x08004a61   Thumb Code    68  mpu6500_driver.o(i.mpu_read_byte)
    mpu_read_bytes                           0x08004ab1   Thumb Code    80  mpu6500_driver.o(i.mpu_read_bytes)
    mpu_set_accel_fsr                        0x08004b0d   Thumb Code    10  mpu6500_driver.o(i.mpu_set_accel_fsr)
    mpu_set_gyro_fsr                         0x08004b17   Thumb Code    10  mpu6500_driver.o(i.mpu_set_gyro_fsr)
    mpu_write_byte                           0x08004b21   Thumb Code    72  mpu6500_driver.o(i.mpu_write_byte)
    pid_calc                                 0x08004b75   Thumb Code   448  pid.o(i.pid_calc)
    pid_param_init                           0x08004d39   Thumb Code    14  pid.o(i.pid_param_init)
    sqrt                                     0x08004d47   Thumb Code   110  sqrt.o(i.sqrt)
    AHBPrescTable                            0x08004dbc   Data          16  system_stm32f4xx.o(.constdata)
    APBPrescTable                            0x08004dcc   Data           8  system_stm32f4xx.o(.constdata)
    __mathlib_zero                           0x08004ed0   Data           8  qnan.o(.constdata)
    Region$$Table$$Base                      0x08004ed8   Number         0  anon$$obj.o(Region$$Table)
    Region$$Table$$Limit                     0x08004ef8   Number         0  anon$$obj.o(Region$$Table)
    a                                        0x20000000   Data           2  main.o(.data)
    opt                                      0x20000004   Data           4  main.o(.data)
    output                                   0x20000008   Data           4  stm32f4xx_it.o(.data)
    uwTickFreq                               0x2000000c   Data           1  stm32f4xx_hal.o(.data)
    uwTickPrio                               0x20000010   Data           4  stm32f4xx_hal.o(.data)
    uwTick                                   0x20000014   Data           4  stm32f4xx_hal.o(.data)
    SystemCoreClock                          0x20000018   Data           4  system_stm32f4xx.o(.data)
    chassis_can_send_data                    0x2000001d   Data           4  can_receive.o(.data)
    id                                       0x20000026   Data           1  mpu6500_driver.o(.data)
    q0                                       0x20000028   Data           4  mpu6500_driver.o(.data)
    q1                                       0x2000002c   Data           4  mpu6500_driver.o(.data)
    q2                                       0x20000030   Data           4  mpu6500_driver.o(.data)
    q3                                       0x20000034   Data           4  mpu6500_driver.o(.data)
    last_update                              0x2000005c   Data           4  mpu6500_driver.o(.data)
    now_update                               0x20000060   Data           4  mpu6500_driver.o(.data)
    exInt                                    0x20000064   Data           4  mpu6500_driver.o(.data)
    eyInt                                    0x20000068   Data           4  mpu6500_driver.o(.data)
    ezInt                                    0x2000006c   Data           4  mpu6500_driver.o(.data)
    ist_buff                                 0x20000070   Data           6  mpu6500_driver.o(.data)
    bal_pit                                  0x20000084   Data           4  bluetooth.o(.data)
    speed                                    0x20000088   Data           4  bluetooth.o(.data)
    turn                                     0x2000008c   Data           4  bluetooth.o(.data)
    hcan1                                    0x20000094   Data          40  can.o(.bss)
    hspi5                                    0x200000bc   Data          88  spi.o(.bss)
    htim6                                    0x20000114   Data          64  tim.o(.bss)
    htim8                                    0x20000154   Data          64  tim.o(.bss)
    huart6                                   0x20000194   Data          64  usart.o(.bss)
    hdma_usart6_rx                           0x200001d4   Data          96  usart.o(.bss)
    hdma_usart6_tx                           0x20000234   Data          96  usart.o(.bss)
    motor_chassis                            0x20000294   Data          20  can_receive.o(.bss)
    imu                                      0x200002c0   Data          52  mpu6500_driver.o(.bss)
    mpu_buff                                 0x200002f4   Data          14  mpu6500_driver.o(.bss)
    mpu_data                                 0x20000302   Data          32  mpu6500_driver.o(.bss)
    transmit_buffer                          0x20000324   Data          31  bluetooth.o(.bss)
    receive_buffer                           0x20000343   Data          56  bluetooth.o(.bss)
    receive_measure                          0x2000037c   Data          60  bluetooth.o(.bss)
    Pid_bal                                  0x200003b8   Data         108  bluetooth.o(.bss)
    Pid_spe                                  0x20000424   Data         108  bluetooth.o(.bss)
    __initial_sp                             0x20000890   Data           0  startup_stm32f427xx.o(STACK)



==============================================================================

Memory Map of the image

  Image Entry point : 0x080001ad

  Load Region LR_IROM1 (Base: 0x08000000, Size: 0x00004f8c, Max: 0x00200000, ABSOLUTE)

    Execution Region ER_IROM1 (Exec base: 0x08000000, Load base: 0x08000000, Size: 0x00004ef8, Max: 0x00200000, ABSOLUTE)

    Exec Addr    Load Addr    Size         Type   Attr      Idx    E Section Name        Object

    0x08000000   0x08000000   0x000001ac   Data   RO            3    RESET               startup_stm32f427xx.o
    0x080001ac   0x080001ac   0x00000000   Code   RO         4030  * .ARM.Collect$$$$00000000  mc_w.l(entry.o)
    0x080001ac   0x080001ac   0x00000004   Code   RO         4084    .ARM.Collect$$$$00000001  mc_w.l(entry2.o)
    0x080001b0   0x080001b0   0x00000004   Code   RO         4087    .ARM.Collect$$$$00000004  mc_w.l(entry5.o)
    0x080001b4   0x080001b4   0x00000000   Code   RO         4089    .ARM.Collect$$$$00000008  mc_w.l(entry7b.o)
    0x080001b4   0x080001b4   0x00000000   Code   RO         4091    .ARM.Collect$$$$0000000A  mc_w.l(entry8b.o)
    0x080001b4   0x080001b4   0x00000008   Code   RO         4092    .ARM.Collect$$$$0000000B  mc_w.l(entry9a.o)
    0x080001bc   0x080001bc   0x00000000   Code   RO         4094    .ARM.Collect$$$$0000000D  mc_w.l(entry10a.o)
    0x080001bc   0x080001bc   0x00000000   Code   RO         4096    .ARM.Collect$$$$0000000F  mc_w.l(entry11a.o)
    0x080001bc   0x080001bc   0x00000004   Code   RO         4085    .ARM.Collect$$$$00002712  mc_w.l(entry2.o)
    0x080001c0   0x080001c0   0x00000024   Code   RO            4    .text               startup_stm32f427xx.o
    0x080001e4   0x080001e4   0x00000062   Code   RO         4033    .text               mc_w.l(uldiv.o)
    0x08000246   0x08000246   0x00000024   Code   RO         4035    .text               mc_w.l(memcpya.o)
    0x0800026a   0x0800026a   0x00000024   Code   RO         4037    .text               mc_w.l(memseta.o)
    0x0800028e   0x0800028e   0x000000e4   Code   RO         4041    .text               mf_w.l(dmul.o)
    0x08000372   0x08000372   0x00000022   Code   RO         4043    .text               mf_w.l(dflti.o)
    0x08000394   0x08000394   0x00000026   Code   RO         4045    .text               mf_w.l(f2d.o)
    0x080003ba   0x080003ba   0x00000002   PAD
    0x080003bc   0x080003bc   0x00000030   Code   RO         4047    .text               mf_w.l(cdrcmple.o)
    0x080003ec   0x080003ec   0x00000038   Code   RO         4049    .text               mf_w.l(d2f.o)
    0x08000424   0x08000424   0x0000001e   Code   RO         4098    .text               mc_w.l(llshl.o)
    0x08000442   0x08000442   0x00000020   Code   RO         4100    .text               mc_w.l(llushr.o)
    0x08000462   0x08000462   0x00000000   Code   RO         4109    .text               mc_w.l(iusefp.o)
    0x08000462   0x08000462   0x0000006e   Code   RO         4110    .text               mf_w.l(fepilogue.o)
    0x080004d0   0x080004d0   0x000000ba   Code   RO         4112    .text               mf_w.l(depilogue.o)
    0x0800058a   0x0800058a   0x0000014e   Code   RO         4114    .text               mf_w.l(dadd.o)
    0x080006d8   0x080006d8   0x000000de   Code   RO         4116    .text               mf_w.l(ddiv.o)
    0x080007b6   0x080007b6   0x000000a2   Code   RO         4120    .text               mf_w.l(dsqrt.o)
    0x08000858   0x08000858   0x00000024   Code   RO         4124    .text               mc_w.l(init.o)
    0x0800087c   0x0800087c   0x00000024   Code   RO         4126    .text               mc_w.l(llsshr.o)
    0x080008a0   0x080008a0   0x00000030   Code   RO         3948    i.BlueTooth_init    bluetooth.o
    0x080008d0   0x080008d0   0x00000002   Code   RO          422    i.BusFault_Handler  stm32f4xx_it.o
    0x080008d2   0x080008d2   0x00000002   PAD
    0x080008d4   0x080008d4   0x0000000c   Code   RO          423    i.CAN1_RX0_IRQHandler  stm32f4xx_it.o
    0x080008e0   0x080008e0   0x0000003c   Code   RO         3623    i.CAN_cmd_chassis   can_receive.o
    0x0800091c   0x0800091c   0x0000000c   Code   RO          424    i.DMA2_Stream1_IRQHandler  stm32f4xx_it.o
    0x08000928   0x08000928   0x0000000c   Code   RO          425    i.DMA2_Stream6_IRQHandler  stm32f4xx_it.o
    0x08000934   0x08000934   0x00000028   Code   RO         1306    i.DMA_CalcBaseAndBitshift  stm32f4xx_hal_dma.o
    0x0800095c   0x0800095c   0x00000054   Code   RO         1307    i.DMA_CheckFifoParam  stm32f4xx_hal_dma.o
    0x080009b0   0x080009b0   0x00000028   Code   RO         1308    i.DMA_SetConfig     stm32f4xx_hal_dma.o
    0x080009d8   0x080009d8   0x00000002   Code   RO          426    i.DebugMon_Handler  stm32f4xx_it.o
    0x080009da   0x080009da   0x00000002   Code   RO           13    i.Error_Handler     main.o
    0x080009dc   0x080009dc   0x00000024   Code   RO          562    i.HAL_CAN_ActivateNotification  stm32f4xx_hal_can.o
    0x08000a00   0x08000a00   0x000000c8   Code   RO          563    i.HAL_CAN_AddTxMessage  stm32f4xx_hal_can.o
    0x08000ac8   0x08000ac8   0x0000010c   Code   RO          564    i.HAL_CAN_ConfigFilter  stm32f4xx_hal_can.o
    0x08000bd4   0x08000bd4   0x00000002   Code   RO          567    i.HAL_CAN_ErrorCallback  stm32f4xx_hal_can.o
    0x08000bd6   0x08000bd6   0x000000e8   Code   RO          570    i.HAL_CAN_GetRxMessage  stm32f4xx_hal_can.o
    0x08000cbe   0x08000cbe   0x000001fc   Code   RO          574    i.HAL_CAN_IRQHandler  stm32f4xx_hal_can.o
    0x08000eba   0x08000eba   0x0000011a   Code   RO          575    i.HAL_CAN_Init      stm32f4xx_hal_can.o
    0x08000fd4   0x08000fd4   0x00000078   Code   RO          225    i.HAL_CAN_MspInit   can.o
    0x0800104c   0x0800104c   0x00000002   Code   RO          582    i.HAL_CAN_RxFifo0FullCallback  stm32f4xx_hal_can.o
    0x0800104e   0x0800104e   0x00000002   PAD
    0x08001050   0x08001050   0x00000070   Code   RO         3625    i.HAL_CAN_RxFifo0MsgPendingCallback  can_receive.o
    0x080010c0   0x080010c0   0x00000002   Code   RO          584    i.HAL_CAN_RxFifo1FullCallback  stm32f4xx_hal_can.o
    0x080010c2   0x080010c2   0x00000002   Code   RO          585    i.HAL_CAN_RxFifo1MsgPendingCallback  stm32f4xx_hal_can.o
    0x080010c4   0x080010c4   0x00000002   Code   RO          586    i.HAL_CAN_SleepCallback  stm32f4xx_hal_can.o
    0x080010c6   0x080010c6   0x00000002   PAD
    0x080010c8   0x080010c8   0x00000058   Code   RO          587    i.HAL_CAN_Start     stm32f4xx_hal_can.o
    0x08001120   0x08001120   0x00000002   Code   RO          589    i.HAL_CAN_TxMailbox0AbortCallback  stm32f4xx_hal_can.o
    0x08001122   0x08001122   0x00000002   Code   RO          590    i.HAL_CAN_TxMailbox0CompleteCallback  stm32f4xx_hal_can.o
    0x08001124   0x08001124   0x00000002   Code   RO          591    i.HAL_CAN_TxMailbox1AbortCallback  stm32f4xx_hal_can.o
    0x08001126   0x08001126   0x00000002   Code   RO          592    i.HAL_CAN_TxMailbox1CompleteCallback  stm32f4xx_hal_can.o
    0x08001128   0x08001128   0x00000002   Code   RO          593    i.HAL_CAN_TxMailbox2AbortCallback  stm32f4xx_hal_can.o
    0x0800112a   0x0800112a   0x00000002   Code   RO          594    i.HAL_CAN_TxMailbox2CompleteCallback  stm32f4xx_hal_can.o
    0x0800112c   0x0800112c   0x00000002   Code   RO          596    i.HAL_CAN_WakeUpFromRxMsgCallback  stm32f4xx_hal_can.o
    0x0800112e   0x0800112e   0x0000008e   Code   RO         1309    i.HAL_DMA_Abort     stm32f4xx_hal_dma.o
    0x080011bc   0x080011bc   0x00000024   Code   RO         1310    i.HAL_DMA_Abort_IT  stm32f4xx_hal_dma.o
    0x080011e0   0x080011e0   0x000001a0   Code   RO         1314    i.HAL_DMA_IRQHandler  stm32f4xx_hal_dma.o
    0x08001380   0x08001380   0x000000d4   Code   RO         1315    i.HAL_DMA_Init      stm32f4xx_hal_dma.o
    0x08001454   0x08001454   0x0000006e   Code   RO         1319    i.HAL_DMA_Start_IT  stm32f4xx_hal_dma.o
    0x080014c2   0x080014c2   0x00000002   PAD
    0x080014c4   0x080014c4   0x00000024   Code   RO         1746    i.HAL_Delay         stm32f4xx_hal.o
    0x080014e8   0x080014e8   0x000001d4   Code   RO         1202    i.HAL_GPIO_Init     stm32f4xx_hal_gpio.o
    0x080016bc   0x080016bc   0x0000000a   Code   RO         1206    i.HAL_GPIO_WritePin  stm32f4xx_hal_gpio.o
    0x080016c6   0x080016c6   0x00000002   PAD
    0x080016c8   0x080016c8   0x0000000c   Code   RO         1754    i.HAL_GetTick       stm32f4xx_hal.o
    0x080016d4   0x080016d4   0x00000010   Code   RO         1760    i.HAL_IncTick       stm32f4xx_hal.o
    0x080016e4   0x080016e4   0x00000034   Code   RO         1761    i.HAL_Init          stm32f4xx_hal.o
    0x08001718   0x08001718   0x00000040   Code   RO         1762    i.HAL_InitTick      stm32f4xx_hal.o
    0x08001758   0x08001758   0x00000030   Code   RO          537    i.HAL_MspInit       stm32f4xx_hal_msp.o
    0x08001788   0x08001788   0x0000001a   Code   RO         1609    i.HAL_NVIC_EnableIRQ  stm32f4xx_hal_cortex.o
    0x080017a2   0x080017a2   0x00000002   PAD
    0x080017a4   0x080017a4   0x00000040   Code   RO         1615    i.HAL_NVIC_SetPriority  stm32f4xx_hal_cortex.o
    0x080017e4   0x080017e4   0x00000024   Code   RO         1616    i.HAL_NVIC_SetPriorityGrouping  stm32f4xx_hal_cortex.o
    0x08001808   0x08001808   0x00000134   Code   RO          796    i.HAL_RCC_ClockConfig  stm32f4xx_hal_rcc.o
    0x0800193c   0x0800193c   0x00000020   Code   RO          803    i.HAL_RCC_GetPCLK1Freq  stm32f4xx_hal_rcc.o
    0x0800195c   0x0800195c   0x00000020   Code   RO          804    i.HAL_RCC_GetPCLK2Freq  stm32f4xx_hal_rcc.o
    0x0800197c   0x0800197c   0x00000064   Code   RO          805    i.HAL_RCC_GetSysClockFreq  stm32f4xx_hal_rcc.o
    0x080019e0   0x080019e0   0x0000035c   Code   RO          808    i.HAL_RCC_OscConfig  stm32f4xx_hal_rcc.o
    0x08001d3c   0x08001d3c   0x00000080   Code   RO         2020    i.HAL_SPI_Init      stm32f4xx_hal_spi.o
    0x08001dbc   0x08001dbc   0x0000006c   Code   RO          291    i.HAL_SPI_MspInit   spi.o
    0x08001e28   0x08001e28   0x000001e2   Code   RO         2029    i.HAL_SPI_TransmitReceive  stm32f4xx_hal_spi.o
    0x0800200a   0x0800200a   0x00000028   Code   RO         1620    i.HAL_SYSTICK_Config  stm32f4xx_hal_cortex.o
    0x08002032   0x08002032   0x00000002   Code   RO         3008    i.HAL_TIMEx_BreakCallback  stm32f4xx_hal_tim_ex.o
    0x08002034   0x08002034   0x00000002   Code   RO         3009    i.HAL_TIMEx_CommutCallback  stm32f4xx_hal_tim_ex.o
    0x08002036   0x08002036   0x00000002   PAD
    0x08002038   0x08002038   0x00000090   Code   RO         3026    i.HAL_TIMEx_MasterConfigSynchronization  stm32f4xx_hal_tim_ex.o
    0x080020c8   0x080020c8   0x00000036   Code   RO         2333    i.HAL_TIM_Base_Init  stm32f4xx_hal_tim.o
    0x080020fe   0x080020fe   0x00000002   PAD
    0x08002100   0x08002100   0x00000068   Code   RO          333    i.HAL_TIM_Base_MspInit  tim.o
    0x08002168   0x08002168   0x00000022   Code   RO         2338    i.HAL_TIM_Base_Start_IT  stm32f4xx_hal_tim.o
    0x0800218a   0x0800218a   0x0000002a   Code   RO         2341    i.HAL_TIM_Base_Stop_IT  stm32f4xx_hal_tim.o
    0x080021b4   0x080021b4   0x000000d6   Code   RO         2342    i.HAL_TIM_ConfigClockSource  stm32f4xx_hal_tim.o
    0x0800228a   0x0800228a   0x00000002   Code   RO         2362    i.HAL_TIM_IC_CaptureCallback  stm32f4xx_hal_tim.o
    0x0800228c   0x0800228c   0x00000166   Code   RO         2376    i.HAL_TIM_IRQHandler  stm32f4xx_hal_tim.o
    0x080023f2   0x080023f2   0x00000002   Code   RO         2379    i.HAL_TIM_OC_DelayElapsedCallback  stm32f4xx_hal_tim.o
    0x080023f4   0x080023f4   0x00000002   Code   RO         2406    i.HAL_TIM_PWM_PulseFinishedCallback  stm32f4xx_hal_tim.o
    0x080023f6   0x080023f6   0x00000002   Code   RO         2414    i.HAL_TIM_PeriodElapsedCallback  stm32f4xx_hal_tim.o
    0x080023f8   0x080023f8   0x00000002   Code   RO         2419    i.HAL_TIM_TriggerCallback  stm32f4xx_hal_tim.o
    0x080023fa   0x080023fa   0x00000058   Code   RO         3278    i.HAL_UART_DMAStop  stm32f4xx_hal_uart.o
    0x08002452   0x08002452   0x00000002   Code   RO         3280    i.HAL_UART_ErrorCallback  stm32f4xx_hal_uart.o
    0x08002454   0x08002454   0x00000114   Code   RO         3283    i.HAL_UART_IRQHandler  stm32f4xx_hal_uart.o
    0x08002568   0x08002568   0x00000062   Code   RO         3284    i.HAL_UART_Init     stm32f4xx_hal_uart.o
    0x080025ca   0x080025ca   0x00000002   PAD
    0x080025cc   0x080025cc   0x000000ec   Code   RO          381    i.HAL_UART_MspInit  usart.o
    0x080026b8   0x080026b8   0x00000098   Code   RO         3288    i.HAL_UART_Receive_DMA  stm32f4xx_hal_uart.o
    0x08002750   0x08002750   0x00000002   Code   RO         3290    i.HAL_UART_RxCpltCallback  stm32f4xx_hal_uart.o
    0x08002752   0x08002752   0x00000002   Code   RO         3291    i.HAL_UART_RxHalfCpltCallback  stm32f4xx_hal_uart.o
    0x08002754   0x08002754   0x00000080   Code   RO         3293    i.HAL_UART_Transmit_DMA  stm32f4xx_hal_uart.o
    0x080027d4   0x080027d4   0x00000002   Code   RO         3295    i.HAL_UART_TxCpltCallback  stm32f4xx_hal_uart.o
    0x080027d6   0x080027d6   0x00000002   Code   RO         3296    i.HAL_UART_TxHalfCpltCallback  stm32f4xx_hal_uart.o
    0x080027d8   0x080027d8   0x00000002   Code   RO          427    i.HardFault_Handler  stm32f4xx_it.o
    0x080027da   0x080027da   0x00000002   PAD
    0x080027dc   0x080027dc   0x00000044   Code   RO          226    i.MX_CAN1_Init      can.o
    0x08002820   0x08002820   0x0000003c   Code   RO          266    i.MX_DMA_Init       dma.o
    0x0800285c   0x0800285c   0x000000d8   Code   RO          200    i.MX_GPIO_Init      gpio.o
    0x08002934   0x08002934   0x00000048   Code   RO          292    i.MX_SPI5_Init      spi.o
    0x0800297c   0x0800297c   0x00000048   Code   RO          334    i.MX_TIM6_Init      tim.o
    0x080029c4   0x080029c4   0x00000064   Code   RO          335    i.MX_TIM8_Init      tim.o
    0x08002a28   0x08002a28   0x00000038   Code   RO          382    i.MX_USART6_UART_Init  usart.o
    0x08002a60   0x08002a60   0x00000002   Code   RO          428    i.MemManage_Handler  stm32f4xx_it.o
    0x08002a62   0x08002a62   0x00000002   Code   RO          429    i.NMI_Handler       stm32f4xx_it.o
    0x08002a64   0x08002a64   0x00000002   Code   RO          430    i.PendSV_Handler    stm32f4xx_it.o
    0x08002a66   0x08002a66   0x00000002   PAD
    0x08002a68   0x08002a68   0x00000058   Code   RO         2058    i.SPI_EndRxTxTransaction  stm32f4xx_hal_spi.o
    0x08002ac0   0x08002ac0   0x00000094   Code   RO         2063    i.SPI_WaitFlagStateUntilTimeout  stm32f4xx_hal_spi.o
    0x08002b54   0x08002b54   0x00000002   Code   RO          431    i.SVC_Handler       stm32f4xx_it.o
    0x08002b56   0x08002b56   0x00000004   Code   RO          432    i.SysTick_Handler   stm32f4xx_it.o
    0x08002b5a   0x08002b5a   0x00000002   PAD
    0x08002b5c   0x08002b5c   0x00000084   Code   RO           14    i.SystemClock_Config  main.o
    0x08002be0   0x08002be0   0x0000001c   Code   RO         3586    i.SystemInit        system_stm32f4xx.o
    0x08002bfc   0x08002bfc   0x0000006c   Code   RO          433    i.TIM6_DAC_IRQHandler  stm32f4xx_it.o
    0x08002c68   0x08002c68   0x0000000c   Code   RO          434    i.TIM8_CC_IRQHandler  stm32f4xx_it.o
    0x08002c74   0x08002c74   0x000000c8   Code   RO         2421    i.TIM_Base_SetConfig  stm32f4xx_hal_tim.o
    0x08002d3c   0x08002d3c   0x00000014   Code   RO         2432    i.TIM_ETR_SetConfig  stm32f4xx_hal_tim.o
    0x08002d50   0x08002d50   0x00000010   Code   RO         2433    i.TIM_ITRx_SetConfig  stm32f4xx_hal_tim.o
    0x08002d60   0x08002d60   0x00000022   Code   RO         2439    i.TIM_TI1_ConfigInputStage  stm32f4xx_hal_tim.o
    0x08002d82   0x08002d82   0x00000024   Code   RO         2441    i.TIM_TI2_ConfigInputStage  stm32f4xx_hal_tim.o
    0x08002da6   0x08002da6   0x00000010   Code   RO         3297    i.UART_DMAAbortOnError  stm32f4xx_hal_uart.o
    0x08002db6   0x08002db6   0x0000004a   Code   RO         3298    i.UART_DMAError     stm32f4xx_hal_uart.o
    0x08002e00   0x08002e00   0x0000003c   Code   RO         3299    i.UART_DMAReceiveCplt  stm32f4xx_hal_uart.o
    0x08002e3c   0x08002e3c   0x0000000a   Code   RO         3301    i.UART_DMARxHalfCplt  stm32f4xx_hal_uart.o
    0x08002e46   0x08002e46   0x0000002e   Code   RO         3303    i.UART_DMATransmitCplt  stm32f4xx_hal_uart.o
    0x08002e74   0x08002e74   0x0000000a   Code   RO         3305    i.UART_DMATxHalfCplt  stm32f4xx_hal_uart.o
    0x08002e7e   0x08002e7e   0x0000001c   Code   RO         3307    i.UART_EndRxTransfer  stm32f4xx_hal_uart.o
    0x08002e9a   0x08002e9a   0x00000012   Code   RO         3308    i.UART_EndTxTransfer  stm32f4xx_hal_uart.o
    0x08002eac   0x08002eac   0x00000096   Code   RO         3309    i.UART_Receive_IT   stm32f4xx_hal_uart.o
    0x08002f42   0x08002f42   0x00000002   PAD
    0x08002f44   0x08002f44   0x00000128   Code   RO         3310    i.UART_SetConfig    stm32f4xx_hal_uart.o
    0x0800306c   0x0800306c   0x00000062   Code   RO         3311    i.UART_Transmit_IT  stm32f4xx_hal_uart.o
    0x080030ce   0x080030ce   0x00000002   PAD
    0x080030d0   0x080030d0   0x00000040   Code   RO          435    i.USART6_IRQHandler  stm32f4xx_it.o
    0x08003110   0x08003110   0x00000070   Code   RO         3949    i.Uart_transmit_measure  bluetooth.o
    0x08003180   0x08003180   0x00000002   Code   RO          436    i.UsageFault_Handler  stm32f4xx_it.o
    0x08003182   0x08003182   0x00000030   Code   RO         4079    i.__ARM_fpclassify  m_wm.l(fpclassify.o)
    0x080031b2   0x080031b2   0x00000020   Code   RO         1622    i.__NVIC_SetPriority  stm32f4xx_hal_cortex.o
    0x080031d2   0x080031d2   0x00000006   PAD
    0x080031d8   0x080031d8   0x00000360   Code   RO         3986    i.__hardfp_asin     m_wm.l(asin.o)
    0x08003538   0x08003538   0x000002d8   Code   RO         4051    i.__hardfp_atan     m_wm.l(atan.o)
    0x08003810   0x08003810   0x000001f0   Code   RO         4000    i.__hardfp_atan2    m_wm.l(atan2.o)
    0x08003a00   0x08003a00   0x00000014   Code   RO         4012    i.__hardfp_fabs     m_wm.l(fabs.o)
    0x08003a14   0x08003a14   0x0000007a   Code   RO         4018    i.__hardfp_sqrt     m_wm.l(sqrt.o)
    0x08003a8e   0x08003a8e   0x000000f8   Code   RO         4081    i.__kernel_poly     m_wm.l(poly.o)
    0x08003b86   0x08003b86   0x00000014   Code   RO         4066    i.__mathlib_dbl_infnan  m_wm.l(dunder.o)
    0x08003b9a   0x08003b9a   0x00000014   Code   RO         4067    i.__mathlib_dbl_infnan2  m_wm.l(dunder.o)
    0x08003bae   0x08003bae   0x00000002   PAD
    0x08003bb0   0x08003bb0   0x00000020   Code   RO         4068    i.__mathlib_dbl_invalid  m_wm.l(dunder.o)
    0x08003bd0   0x08003bd0   0x00000020   Code   RO         4071    i.__mathlib_dbl_underflow  m_wm.l(dunder.o)
    0x08003bf0   0x08003bf0   0x0000000e   Code   RO         4130    i.__scatterload_copy  mc_w.l(handlers.o)
    0x08003bfe   0x08003bfe   0x00000002   Code   RO         4131    i.__scatterload_null  mc_w.l(handlers.o)
    0x08003c00   0x08003c00   0x0000000e   Code   RO         4132    i.__scatterload_zeroinit  mc_w.l(handlers.o)
    0x08003c0e   0x08003c0e   0x00000002   PAD
    0x08003c10   0x08003c10   0x0000000c   Code   RO         4104    i.__set_errno       mc_w.l(errno.o)
    0x08003c1c   0x08003c1c   0x0000002a   Code   RO         3895    i.abs_limit         pid.o
    0x08003c46   0x08003c46   0x00000010   Code   RO         4053    i.atan              m_wm.l(atan.o)
    0x08003c56   0x08003c56   0x00000002   PAD
    0x08003c58   0x08003c58   0x00000038   Code   RO         3742    i.can_filter_init   bsp_can.o
    0x08003c90   0x08003c90   0x00000018   Code   RO         4014    i.fabs              m_wm.l(fabs.o)
    0x08003ca8   0x08003ca8   0x000000bc   Code   RO         3950    i.get_data          bluetooth.o
    0x08003d64   0x08003d64   0x000004aa   Code   RO         3767    i.imu_ahrs_update   mpu6500_driver.o
    0x0800420e   0x0800420e   0x00000002   PAD
    0x08004210   0x08004210   0x00000174   Code   RO         3768    i.imu_attitude_update  mpu6500_driver.o
    0x08004384   0x08004384   0x000001cc   Code   RO         3769    i.init_quaternion   mpu6500_driver.o
    0x08004550   0x08004550   0x0000002c   Code   RO         3770    i.inv_sqrt          mpu6500_driver.o
    0x0800457c   0x0800457c   0x0000000a   Code   RO         3771    i.ist8310_get_data  mpu6500_driver.o
    0x08004586   0x08004586   0x00000100   Code   RO         3772    i.ist8310_init      mpu6500_driver.o
    0x08004686   0x08004686   0x00000038   Code   RO         3773    i.ist_reg_read_by_mpu  mpu6500_driver.o
    0x080046be   0x080046be   0x00000042   Code   RO         3774    i.ist_reg_write_by_mpu  mpu6500_driver.o
    0x08004700   0x08004700   0x000000c8   Code   RO           15    i.main              main.o
    0x080047c8   0x080047c8   0x00000064   Code   RO         3775    i.mpu_device_init   mpu6500_driver.o
    0x0800482c   0x0800482c   0x00000100   Code   RO         3776    i.mpu_get_data      mpu6500_driver.o
    0x0800492c   0x0800492c   0x0000008e   Code   RO         3777    i.mpu_master_i2c_auto_read_config  mpu6500_driver.o
    0x080049ba   0x080049ba   0x00000002   PAD
    0x080049bc   0x080049bc   0x000000a4   Code   RO         3778    i.mpu_offset_call   mpu6500_driver.o
    0x08004a60   0x08004a60   0x00000050   Code   RO         3779    i.mpu_read_byte     mpu6500_driver.o
    0x08004ab0   0x08004ab0   0x0000005c   Code   RO         3780    i.mpu_read_bytes    mpu6500_driver.o
    0x08004b0c   0x08004b0c   0x0000000a   Code   RO         3781    i.mpu_set_accel_fsr  mpu6500_driver.o
    0x08004b16   0x08004b16   0x0000000a   Code   RO         3782    i.mpu_set_gyro_fsr  mpu6500_driver.o
    0x08004b20   0x08004b20   0x00000054   Code   RO         3783    i.mpu_write_byte    mpu6500_driver.o
    0x08004b74   0x08004b74   0x000001c4   Code   RO         3896    i.pid_calc          pid.o
    0x08004d38   0x08004d38   0x0000000e   Code   RO         3897    i.pid_param_init    pid.o
    0x08004d46   0x08004d46   0x0000006e   Code   RO         4020    i.sqrt              m_wm.l(sqrt.o)
    0x08004db4   0x08004db4   0x00000008   Data   RO         1321    .constdata          stm32f4xx_hal_dma.o
    0x08004dbc   0x08004dbc   0x00000010   Data   RO         3587    .constdata          system_stm32f4xx.o
    0x08004dcc   0x08004dcc   0x00000008   Data   RO         3588    .constdata          system_stm32f4xx.o
    0x08004dd4   0x08004dd4   0x00000014   Data   RO         3785    .constdata          mpu6500_driver.o
    0x08004de8   0x08004de8   0x00000050   Data   RO         3989    .constdata          m_wm.l(asin.o)
    0x08004e38   0x08004e38   0x00000098   Data   RO         4054    .constdata          m_wm.l(atan.o)
    0x08004ed0   0x08004ed0   0x00000008   Data   RO         4083    .constdata          m_wm.l(qnan.o)
    0x08004ed8   0x08004ed8   0x00000020   Data   RO         4128    Region$$Table       anon$$obj.o


    Execution Region RW_IRAM2 (Exec base: 0x10000000, Load base: 0x08004f8c, Size: 0x00000000, Max: 0x00010000, ABSOLUTE)

    **** No section assigned to this execution region ****


    Execution Region RW_IRAM1 (Exec base: 0x20000000, Load base: 0x08004ef8, Size: 0x00000890, Max: 0x00030000, ABSOLUTE)

    Exec Addr    Load Addr    Size         Type   Attr      Idx    E Section Name        Object

    0x20000000   0x08004ef8   0x00000008   Data   RW           16    .data               main.o
    0x20000008   0x08004f00   0x00000004   Data   RW          437    .data               stm32f4xx_it.o
    0x2000000c   0x08004f04   0x0000000c   Data   RW         1768    .data               stm32f4xx_hal.o
    0x20000018   0x08004f10   0x00000004   Data   RW         3589    .data               system_stm32f4xx.o
    0x2000001c   0x08004f14   0x00000005   Data   RW         3628    .data               can_receive.o
    0x20000021   0x08004f19   0x00000003   PAD
    0x20000024   0x08004f1c   0x00000060   Data   RW         3786    .data               mpu6500_driver.o
    0x20000084   0x08004f7c   0x0000000c   Data   RW         3952    .data               bluetooth.o
    0x20000090   0x08004f88   0x00000004   Data   RW         4105    .data               mc_w.l(errno.o)
    0x20000094        -       0x00000028   Zero   RW          227    .bss                can.o
    0x200000bc        -       0x00000058   Zero   RW          293    .bss                spi.o
    0x20000114        -       0x00000080   Zero   RW          336    .bss                tim.o
    0x20000194        -       0x00000100   Zero   RW          383    .bss                usart.o
    0x20000294        -       0x0000002c   Zero   RW         3627    .bss                can_receive.o
    0x200002c0        -       0x00000062   Zero   RW         3784    .bss                mpu6500_driver.o
    0x20000322   0x08004f8c   0x00000002   PAD
    0x20000324        -       0x0000016c   Zero   RW         3951    .bss                bluetooth.o
    0x20000490        -       0x00000400   Zero   RW            1    STACK               startup_stm32f427xx.o


==============================================================================

Image component sizes


      Code (inc. data)   RO Data    RW Data    ZI Data      Debug   Object Name

       348         36          0         12        364       2858   bluetooth.o
        56          4          0          0          0        562   bsp_can.o
       188         22          0          0         40       1693   can.o
       172         28          0          5         44     613732   can_receive.o
        60          4          0          0          0        778   dma.o
       216         18          0          0          0       1019   gpio.o
       334         32          0          8          0     757605   main.o
      3396        220         20         96         98      13348   mpu6500_driver.o
       508          4          0          0          0       2496   pid.o
       180         22          0          0         88       1689   spi.o
        36          8        428          0       1024        844   startup_stm32f427xx.o
       180         28          0         12          0       9625   stm32f4xx_hal.o
      1638          6          0          0          0      14447   stm32f4xx_hal_can.o
       198         14          0          0          0      34003   stm32f4xx_hal_cortex.o
      1080         16          8          0          0       7430   stm32f4xx_hal_dma.o
       478         54          0          0          0       2436   stm32f4xx_hal_gpio.o
        48          6          0          0          0        846   stm32f4xx_hal_msp.o
      1332         76          0          0          0       5280   stm32f4xx_hal_rcc.o
       846          8          0          0          0       4781   stm32f4xx_hal_spi.o
      1018         44          0          0          0      11312   stm32f4xx_hal_tim.o
       148         28          0          0          0       2489   stm32f4xx_hal_tim_ex.o
      1558         44          0          0          0      14821   stm32f4xx_hal_uart.o
       240         58          0          4          0       7376   stm32f4xx_it.o
        28          6         24          4          0       1155   system_stm32f4xx.o
       276         34          0          0        128       2299   tim.o
       292         30          0          0        256       1888   usart.o

    ----------------------------------------------------------------------
     14892        850        512        144       2044    1516812   Object Totals
         0          0         32          0          0          0   (incl. Generated)
        38          0          0          3          2          0   (incl. Padding)

    ----------------------------------------------------------------------

      Code (inc. data)   RO Data    RW Data    ZI Data      Debug   Library Member Name

       864         94         80          0          0        280   asin.o
       744        106        152          0          0        352   atan.o
       496         64          0          0          0        192   atan2.o
       104         16          0          0          0        496   dunder.o
        44          0          0          0          0        248   fabs.o
        48          0          0          0          0        124   fpclassify.o
       248          0          0          0          0        152   poly.o
         0          0          8          0          0          0   qnan.o
       232          0          0          0          0        296   sqrt.o
         0          0          0          0          0          0   entry.o
         0          0          0          0          0          0   entry10a.o
         0          0          0          0          0          0   entry11a.o
         8          4          0          0          0          0   entry2.o
         4          0          0          0          0          0   entry5.o
         0          0          0          0          0          0   entry7b.o
         0          0          0          0          0          0   entry8b.o
         8          4          0          0          0          0   entry9a.o
        12          6          0          4          0         68   errno.o
        30          0          0          0          0          0   handlers.o
        36          8          0          0          0         68   init.o
         0          0          0          0          0          0   iusefp.o
        30          0          0          0          0         68   llshl.o
        36          0          0          0          0         68   llsshr.o
        32          0          0          0          0         68   llushr.o
        36          0          0          0          0         68   memcpya.o
        36          0          0          0          0        108   memseta.o
        98          0          0          0          0         92   uldiv.o
        48          0          0          0          0         68   cdrcmple.o
        56          0          0          0          0         88   d2f.o
       334          0          0          0          0        148   dadd.o
       222          0          0          0          0        100   ddiv.o
       186          0          0          0          0        176   depilogue.o
        34          0          0          0          0         76   dflti.o
       228          0          0          0          0         96   dmul.o
       162          0          0          0          0        100   dsqrt.o
        38          0          0          0          0         68   f2d.o
       110          0          0          0          0        168   fepilogue.o

    ----------------------------------------------------------------------
      4572        302        240          4          0       3836   Library Totals
         8          0          0          0          0          0   (incl. Padding)

    ----------------------------------------------------------------------

      Code (inc. data)   RO Data    RW Data    ZI Data      Debug   Library Name

      2780        280        240          0          0       2140   m_wm.l
       366         22          0          4          0        608   mc_w.l
      1418          0          0          0          0       1088   mf_w.l

    ----------------------------------------------------------------------
      4572        302        240          4          0       3836   Library Totals

    ----------------------------------------------------------------------

==============================================================================


      Code (inc. data)   RO Data    RW Data    ZI Data      Debug   

     19464       1152        752        148       2044    1505372   Grand Totals
     19464       1152        752        148       2044    1505372   ELF Image Totals
     19464       1152        752        148          0          0   ROM Totals

==============================================================================

    Total RO  Size (Code + RO Data)                20216 (  19.74kB)
    Total RW  Size (RW Data + ZI Data)              2192 (   2.14kB)
    Total ROM Size (Code + RO Data + RW Data)      20364 (  19.89kB)

==============================================================================

