Component: ARM Compiler 5.06 update 1 (build 61) Tool: armlink [4d35a8]

==============================================================================

Section Cross References

    startup_stm32f427xx.o(RESET) refers to startup_stm32f427xx.o(STACK) for __initial_sp
    startup_stm32f427xx.o(RESET) refers to startup_stm32f427xx.o(.text) for Reset_Handler
    startup_stm32f427xx.o(RESET) refers to stm32f4xx_it.o(i.NMI_Handler) for NMI_Handler
    startup_stm32f427xx.o(RESET) refers to stm32f4xx_it.o(i.HardFault_Handler) for HardFault_Handler
    startup_stm32f427xx.o(RESET) refers to stm32f4xx_it.o(i.MemManage_Handler) for MemManage_Handler
    startup_stm32f427xx.o(RESET) refers to stm32f4xx_it.o(i.BusFault_Handler) for BusFault_Handler
    startup_stm32f427xx.o(RESET) refers to stm32f4xx_it.o(i.UsageFault_Handler) for UsageFault_Handler
    startup_stm32f427xx.o(RESET) refers to stm32f4xx_it.o(i.SVC_Handler) for SVC_Handler
    startup_stm32f427xx.o(RESET) refers to stm32f4xx_it.o(i.DebugMon_Handler) for DebugMon_Handler
    startup_stm32f427xx.o(RESET) refers to stm32f4xx_it.o(i.PendSV_Handler) for PendSV_Handler
    startup_stm32f427xx.o(RESET) refers to stm32f4xx_it.o(i.SysTick_Handler) for SysTick_Handler
    startup_stm32f427xx.o(RESET) refers to stm32f4xx_it.o(i.CAN1_RX0_IRQHandler) for CAN1_RX0_IRQHandler
    startup_stm32f427xx.o(RESET) refers to stm32f4xx_it.o(i.TIM8_CC_IRQHandler) for TIM8_CC_IRQHandler
    startup_stm32f427xx.o(RESET) refers to stm32f4xx_it.o(i.TIM6_DAC_IRQHandler) for TIM6_DAC_IRQHandler
    startup_stm32f427xx.o(RESET) refers to stm32f4xx_it.o(i.DMA2_Stream1_IRQHandler) for DMA2_Stream1_IRQHandler
    startup_stm32f427xx.o(RESET) refers to stm32f4xx_it.o(i.DMA2_Stream6_IRQHandler) for DMA2_Stream6_IRQHandler
    startup_stm32f427xx.o(RESET) refers to stm32f4xx_it.o(i.USART6_IRQHandler) for USART6_IRQHandler
    startup_stm32f427xx.o(.text) refers to system_stm32f4xx.o(i.SystemInit) for SystemInit
    startup_stm32f427xx.o(.text) refers to entry.o(.ARM.Collect$$$$00000000) for __main
    main.o(i.SystemClock_Config) refers to memseta.o(.text) for __aeabi_memclr4
    main.o(i.SystemClock_Config) refers to stm32f4xx_hal_rcc.o(i.HAL_RCC_OscConfig) for HAL_RCC_OscConfig
    main.o(i.SystemClock_Config) refers to stm32f4xx_hal_rcc.o(i.HAL_RCC_ClockConfig) for HAL_RCC_ClockConfig
    main.o(i.main) refers to stm32f4xx_hal.o(i.HAL_Init) for HAL_Init
    main.o(i.main) refers to main.o(i.SystemClock_Config) for SystemClock_Config
    main.o(i.main) refers to gpio.o(i.MX_GPIO_Init) for MX_GPIO_Init
    main.o(i.main) refers to dma.o(i.MX_DMA_Init) for MX_DMA_Init
    main.o(i.main) refers to can.o(i.MX_CAN1_Init) for MX_CAN1_Init
    main.o(i.main) refers to spi.o(i.MX_SPI5_Init) for MX_SPI5_Init
    main.o(i.main) refers to tim.o(i.MX_TIM6_Init) for MX_TIM6_Init
    main.o(i.main) refers to tim.o(i.MX_TIM8_Init) for MX_TIM8_Init
    main.o(i.main) refers to usart.o(i.MX_USART6_UART_Init) for MX_USART6_UART_Init
    main.o(i.main) refers to stm32f4xx_hal_tim.o(i.HAL_TIM_Base_Start_IT) for HAL_TIM_Base_Start_IT
    main.o(i.main) refers to bluetooth.o(i.BlueTooth_init) for BlueTooth_init
    main.o(i.main) refers to bsp_can.o(i.can_filter_init) for can_filter_init
    main.o(i.main) refers to mpu6500_driver.o(i.mpu_device_init) for mpu_device_init
    main.o(i.main) refers to mpu6500_driver.o(i.init_quaternion) for init_quaternion
    main.o(i.main) refers to pid.o(i.pid_param_init) for pid_param_init
    main.o(i.main) refers to tim.o(.bss) for htim6
    main.o(i.main) refers to bluetooth.o(.bss) for Pid_bal
    gpio.o(i.MX_GPIO_Init) refers to memseta.o(.text) for __aeabi_memclr4
    gpio.o(i.MX_GPIO_Init) refers to stm32f4xx_hal_gpio.o(i.HAL_GPIO_WritePin) for HAL_GPIO_WritePin
    gpio.o(i.MX_GPIO_Init) refers to stm32f4xx_hal_gpio.o(i.HAL_GPIO_Init) for HAL_GPIO_Init
    can.o(i.HAL_CAN_MspDeInit) refers to stm32f4xx_hal_gpio.o(i.HAL_GPIO_DeInit) for HAL_GPIO_DeInit
    can.o(i.HAL_CAN_MspDeInit) refers to stm32f4xx_hal_cortex.o(i.HAL_NVIC_DisableIRQ) for HAL_NVIC_DisableIRQ
    can.o(i.HAL_CAN_MspInit) refers to memseta.o(.text) for __aeabi_memclr4
    can.o(i.HAL_CAN_MspInit) refers to stm32f4xx_hal_gpio.o(i.HAL_GPIO_Init) for HAL_GPIO_Init
    can.o(i.HAL_CAN_MspInit) refers to stm32f4xx_hal_cortex.o(i.HAL_NVIC_SetPriority) for HAL_NVIC_SetPriority
    can.o(i.HAL_CAN_MspInit) refers to stm32f4xx_hal_cortex.o(i.HAL_NVIC_EnableIRQ) for HAL_NVIC_EnableIRQ
    can.o(i.MX_CAN1_Init) refers to stm32f4xx_hal_can.o(i.HAL_CAN_Init) for HAL_CAN_Init
    can.o(i.MX_CAN1_Init) refers to main.o(i.Error_Handler) for Error_Handler
    can.o(i.MX_CAN1_Init) refers to can.o(.bss) for .bss
    dma.o(i.MX_DMA_Init) refers to stm32f4xx_hal_cortex.o(i.HAL_NVIC_SetPriority) for HAL_NVIC_SetPriority
    dma.o(i.MX_DMA_Init) refers to stm32f4xx_hal_cortex.o(i.HAL_NVIC_EnableIRQ) for HAL_NVIC_EnableIRQ
[...]
    .ARM.Collect$$$$0000000B                 0x080001b4   Section        8  entry9a.o(.ARM.Collect$$$$0000000B)
    .ARM.Collect$$$$0000000D                 0x080001bc   Section        0  entry10a.o(.ARM.Collect$$$$0000000D)
    .ARM.Collect$$$$0000000F                 0x080001bc   Section        0  entry11a.o(.ARM.Collect$$$$0000000F)
    .ARM.Collect$$$$00002712                 0x080001bc   Section        4  entry2.o(.ARM.Collect$$$$00002712)
    __lit__00000000                          0x080001bc   Data           4  entry2.o(.ARM.Collect$$$$00002712)
    .text                                    0x080001c0   Section       36  startup_stm32f427xx.o(.text)
    $v0                                      0x080001c0   Number         0  startup_stm32f427xx.o(.text)
    .text                                    0x080001e4   Section        0  uldiv.o(.text)
    .text                                    0x08000246   Section        0  memcpya.o(.text)
    .text                                    0x0800026a   Section        0  memseta.o(.text)
    .text                                    0x0800028e   Section        0  dmul.o(.text)
    .text                                    0x08000372   Section        0  dflti.o(.text)
    .text                                    0x08000394   Section        0  f2d.o(.text)
    .text                                    0x080003bc   Section       48  cdrcmple.o(.text)
    .text                                    0x080003ec   Section        0  d2f.o(.text)
    .text                                    0x08000424   Section        0  llshl.o(.text)
    .text                                    0x08000442   Section        0  llushr.o(.text)
    .text                                    0x08000462   Section        0  fepilogue.o(.text)
    .text                                    0x08000462   Section        0  iusefp.o(.text)
    .text                                    0x080004d0   Section        0  depilogue.o(.text)
    .text                                    0x0800058a   Section        0  dadd.o(.text)
    .text                                    0x080006d8   Section        0  ddiv.o(.text)
    .text                                    0x080007b6   Section        0  dsqrt.o(.text)
    .text                                    0x08000858   Section       36  init.o(.text)
    .text                                    0x0800087c   Section        0  llsshr.o(.text)
    i.BlueTooth_init                         0x080008a0   Section        0  bluetooth.o(i.BlueTooth_init)
    i.BusFault_Handler                       0x080008d0   Section        0  stm32f4xx_it.o(i.BusFault_Handler)
    i.CAN1_RX0_IRQHandler                    0x080008d4   Section        0  stm32f4xx_it.o(i.CAN1_RX0_IRQHandler)
    i.CAN_cmd_chassis                        0x080008e0   Section        0  can_receive.o(i.CAN_cmd_chassis)
    i.DMA2_Stream1_IRQHandler                0x0800091c   Section        0  stm32f4xx_it.o(i.DMA2_Stream1_IRQHandler)
    i.DMA2_Stream6_IRQHandler                0x08000928   Section        0  stm32f4xx_it.o(i.DMA2_Stream6_IRQHandler)
    i.DMA_CalcBaseAndBitshift                0x08000934   Section        0  stm32f4xx_hal_dma.o(i.DMA_CalcBaseAndBitshift)
    DMA_CalcBaseAndBitshift                  0x08000935   Thumb Code    34  stm32f4xx_hal_dma.o(i.DMA_CalcBaseAndBitshift)
    i.DMA_CheckFifoParam                     0x0800095c   Section        0  stm32f4xx_hal_dma.o(i.DMA_CheckFifoParam)
    DMA_CheckFifoParam                       0x0800095d   Thumb Code    84  stm32f4xx_hal_dma.o(i.DMA_CheckFifoParam)
    i.DMA_SetConfig                          0x080009b0   Section        0  stm32f4xx_hal_dma.o(i.DMA_SetConfig)
    DMA_SetConfig                            0x080009b1   Thumb Code    40  stm32f4xx_hal_dma.o(i.DMA_SetConfig)
    i.DebugMon_Handler                       0x080009d8   Section        0  stm32f4xx_it.o(i.DebugMon_Handler)
    i.Error_Handler                          0x080009da   Section        0  main.o(i.Error_Handler)
    i.HAL_CAN_ActivateNotification           0x080009dc   Section        0  stm32f4xx_hal_can.o(i.HAL_CAN_ActivateNotification)
    i.HAL_CAN_AddTxMessage                   0x08000a00   Section        0  stm32f4xx_hal_can.o(i.HAL_CAN_AddTxMessage)
    i.HAL_CAN_ConfigFilter                   0x08000ac8   Section        0  stm32f4xx_hal_can.o(i.HAL_CAN_ConfigFilter)
    i.HAL_CAN_ErrorCallback                  0x08000bd4   Section        0  stm32f4xx_hal_can.o(i.HAL_CAN_ErrorCallback)
    i.HAL_CAN_GetRxMessage                   0x08000bd6   Section        0  stm32f4xx_hal_can.o(i.HAL_CAN_GetRxMessage)
    i.HAL_CAN_IRQHandler                     0x08000cbe   Section        0  stm32f4xx_hal_can.o(i.HAL_CAN_IRQHandler)
    i.HAL_CAN_Init                           0x08000eba   Section        0  stm32f4xx_hal_can.o(i.HAL_CAN_Init)
    i.HAL_CAN_MspInit                        0x08000fd4   Section        0  can.o(i.HAL_CAN_MspInit)
    i.HAL_CAN_RxFifo0FullCallback            0x0800104c   Section        0  stm32f4xx_hal_can.o(i.HAL_CAN_RxFifo0FullCallback)
    i.HAL_CAN_RxFifo0MsgPendingCallback      0x08001050   Section        0  can_receive.o(i.HAL_CAN_RxFifo0MsgPendingCallback)
    i.HAL_CAN_RxFifo1FullCallback            0x080010c0   Section        0  stm32f4xx_hal_can.o(i.HAL_CAN_RxFifo1FullCallback)
    i.HAL_CAN_RxFifo1MsgPendingCallback      0x080010c2   Section        0  stm32f4xx_hal_can.o(i.HAL_CAN_RxFifo1MsgPendingCallback)
    i.HAL_CAN_SleepCallback                  0x080010c4   Section        0  stm32f4xx_hal_can.o(i.HAL_CAN_SleepCallback)
    i.HAL_CAN_Start                          0x080010c8   Section        0  stm32f4xx_hal_can.o(i.HAL_CAN_Start)
    i.HAL_CAN_TxMailbox0AbortCallback        0x08001120   Section        0  stm32f4xx_hal_can.o(i.HAL_CAN_TxMailbox0AbortCallback)
    i.HAL_CAN_TxMailbox0CompleteCallback     0x08001122   Section        0  stm32f4xx_hal_can.o(i.HAL_CAN_TxMailbox0CompleteCallback)
    i.HAL_CAN_TxMailbox1AbortCallback        0x08001124   Section        0  stm32f4xx_hal_can.o(i.HAL_CAN_TxMailbox1AbortCallback)
    i.HAL_CAN_TxMailbox1CompleteCallback     0x08001126   Section        0  stm32f4xx_hal_can.o(i.HAL_CAN_TxMailbox1CompleteCallback)
    i.HAL_CAN_TxMailbox2AbortCallback        0x08001128   Section        0  stm32f4xx_hal_can.o(i.HAL_CAN_TxMailbox2AbortCallback)
    i.HAL_CAN_TxMailbox2CompleteCallback     0x0800112a   Section        0  stm32f4xx_hal_can.o(i.HAL_CAN_TxMailbox2CompleteCallback)
    i.HAL_CAN_WakeUpFromRxMsgCallback        0x0800112c   Section        0  stm32f4xx_hal_can.o(i.HAL_CAN_WakeUpFromRxMsgCallback)
    i.HAL_DMA_Abort                          0x0800112e   Section        0  stm32f4xx_hal_dma.o(i.HAL_DMA_Abort)
    i.HAL_DMA_Abort_IT                       0x080011bc   Section        0  stm32f4xx_hal_dma.o(i.HAL_DMA_Abort_IT)
    i.HAL_DMA_IRQHandler                     0x080011e0   Section        0  stm32f4xx_hal_dma.o(i.HAL_DMA_IRQHandler)
    i.HAL_DMA_Init                           0x08001380   Section        0  stm32f4xx_hal_dma.o(i.HAL_DMA_Init)
    i.HAL_DMA_Start_IT                       0x08001454   Section        0  stm32f4xx_hal_dma.o(i.HAL_DMA_Start_IT)
    i.HAL_Delay                              0x080014c4   Section        0  stm32f4xx_hal.o(i.HAL_Delay)
    i.HAL_GPIO_Init                          0x080014e8   Section        0  stm32f4xx_hal_gpio.o(i.HAL_GPIO_Init)
    i.HAL_GPIO_WritePin                      0x080016bc   Section        0  stm32f4xx_hal_gpio.o(i.HAL_GPIO_WritePin)
    i.HAL_GetTick                            0x080016c8   Section        0  stm32f4xx_hal.o(i.HAL_GetTick)
    i.HAL_IncTick                            0x080016d4   Section        0  stm32f4xx_hal.o(i.HAL_IncTick)
    i.HAL_Init                               0x080016e4   Section        0  stm32f4xx_hal.o(i.HAL_Init)
    i.HAL_InitTick                           0x08001718   Section        0  stm32f4xx_hal.o(i.HAL_InitTick)
    i.HAL_MspInit                            0x08001758   Section        0  stm32f4xx_hal_msp.o(i.HAL_MspInit)
    i.HAL_NVIC_EnableIRQ                     0x08001788   Section        0  stm32f4xx_hal_cortex.o(i.HAL_NVIC_EnableIRQ)
    i.HAL_NVIC_SetPriority                   0x080017a4   Section        0  stm32f4xx_hal_cortex.o(i.HAL_NVIC_SetPriority)
    i.HAL_NVIC_SetPriorityGrouping           0x080017e4   Section        0  stm32f4xx_hal_cortex.o(i.HAL_NVIC_SetPriorityGrouping)
    i.HAL_RCC_ClockConfig                    0x08001808   Section        0  stm32f4xx_hal_rcc.o(i.HAL_RCC_ClockConfig)
    i.HAL_RCC_GetPCLK1Freq                   0x0800193c   Section        0  stm32f4xx_hal_rcc.o(i.HAL_RCC_GetPCLK1Freq)
    i.HAL_RCC_GetPCLK2Freq                   0x0800195c   Section        0  stm32f4xx_hal_rcc.o(i.HAL_RCC_GetPCLK2Freq)
    i.HAL_RCC_GetSysClockFreq                0x0800197c   Section        0  stm32f4xx_hal_rcc.o(i.HAL_RCC_GetSysClockFreq)
    i.HAL_RCC_OscConfig                      0x080019e0   Section        0  stm32f4xx_hal_rcc.o(i.HAL_RCC_OscConfig)
    i.HAL_SPI_Init                           0x08001d3c   Section        0  stm32f4xx_hal_spi.o(i.HAL_SPI_Init)
    i.HAL_SPI_MspInit                        0x08001dbc   Section        0  spi.o(i.HAL_SPI_MspInit)
    i.HAL_SPI_TransmitReceive                0x08001e28   Section        0  stm32f4xx_hal_spi.o(i.HAL_SPI_TransmitReceive)
    i.HAL_SYSTICK_Config                     0x0800200a   Section        0  stm32f4xx_hal_cortex.o(i.HAL_SYSTICK_Config)
    i.HAL_TIMEx_BreakCallback                0x08002032   Section        0  stm32f4xx_hal_tim_ex.o(i.HAL_TIMEx_BreakCallback)
    i.HAL_TIMEx_CommutCallback               0x08002034   Section        0  stm32f4xx_hal_tim_ex.o(i.HAL_TIMEx_CommutCallback)
    i.HAL_TIMEx_MasterConfigSynchronization  0x08002038   Section        0  stm32f4xx_hal_tim_ex.o(i.HAL_TIMEx_MasterConfigSynchronization)
    i.HAL_TIM_Base_Init                      0x080020c8   Section        0  stm32f4xx_hal_tim.o(i.HAL_TIM_Base_Init)
    i.HAL_TIM_Base_MspInit                   0x08002100   Section        0  tim.o(i.HAL_TIM_Base_MspInit)
    i.HAL_TIM_Base_Start_IT                  0x08002168   Section        0  stm32f4xx_hal_tim.o(i.HAL_TIM_Base_Start_IT)
    i.HAL_TIM_ConfigClockSource              0x0800218a   Section        0  stm32f4xx_hal_tim.o(i.HAL_TIM_ConfigClockSource)
    i.HAL_TIM_IC_CaptureCallback             0x08002260   Section        0  stm32f4xx_hal_tim.o(i.HAL_TIM_IC_CaptureCallback)
    i.HAL_TIM_IRQHandler                     0x08002262   Section        0  stm32f4xx_hal_tim.o(i.HAL_TIM_IRQHandler)
    i.HAL_TIM_OC_DelayElapsedCallback        0x080023c8   Section        0  stm32f4xx_hal_tim.o(i.HAL_TIM_OC_DelayElapsedCallback)
    i.HAL_TIM_PWM_PulseFinishedCallback      0x080023ca   Section        0  stm32f4xx_hal_tim.o(i.HAL_TIM_PWM_PulseFinishedCallback)
    i.HAL_TIM_PeriodElapsedCallback          0x080023cc   Section        0  stm32f4xx_hal_tim.o(i.HAL_TIM_PeriodElapsedCallback)
    i.HAL_TIM_TriggerCallback                0x080023ce   Section        0  stm32f4xx_hal_tim.o(i.HAL_TIM_TriggerCallback)
    i.HAL_UART_DMAStop                       0x080023d0   Section        0  stm32f4xx_hal_uart.o(i.HAL_UART_DMAStop)
    i.HAL_UART_ErrorCallback                 0x08002428   Section        0  stm32f4xx_hal_uart.o(i.HAL_UART_ErrorCallback)
    i.HAL_UART_IRQHandler                    0x0800242c   Section        0  stm32f4xx_hal_uart.o(i.HAL_UART_IRQHandler)
    i.HAL_UART_Init                          0x08002540   Section        0  stm32f4xx_hal_uart.o(i.HAL_UART_Init)
    i.HAL_UART_MspInit                       0x080025a4   Section        0  usart.o(i.HAL_UART_MspInit)
    i.HAL_UART_Receive_DMA                   0x08002690   Section        0  stm32f4xx_hal_uart.o(i.HAL_UART_Receive_DMA)
    i.HAL_UART_RxCpltCallback                0x08002728   Section        0  stm32f4xx_hal_uart.o(i.HAL_UART_RxCpltCallback)
    i.HAL_UART_RxHalfCpltCallback            0x0800272a   Section        0  stm32f4xx_hal_uart.o(i.HAL_UART_RxHalfCpltCallback)
    i.HAL_UART_Transmit_DMA                  0x0800272c   Section        0  stm32f4xx_hal_uart.o(i.HAL_UART_Transmit_DMA)
    i.HAL_UART_TxCpltCallback                0x080027ac   Section        0  stm32f4xx_hal_uart.o(i.HAL_UART_TxCpltCallback)
    i.HAL_UART_TxHalfCpltCallback            0x080027ae   Section        0  stm32f4xx_hal_uart.o(i.HAL_UART_TxHalfCpltCallback)
    i.HardFault_Handler                      0x080027b0   Section        0  stm32f4xx_it.o(i.HardFault_Handler)
    i.MX_CAN1_Init                           0x080027b4   Section        0  can.o(i.MX_CAN1_Init)
    i.MX_DMA_Init                            0x080027f8   Section        0  dma.o(i.MX_DMA_Init)
    i.MX_GPIO_Init                           0x08002834   Section        0  gpio.o(i.MX_GPIO_Init)
    i.MX_SPI5_Init                           0x080028e4   Section        0  spi.o(i.MX_SPI5_Init)
    i.MX_TIM6_Init                           0x0800292c   Section        0  tim.o(i.MX_TIM6_Init)
    i.MX_TIM8_Init                           0x08002974   Section        0  tim.o(i.MX_TIM8_Init)
    i.MX_USART6_UART_Init                    0x080029d8   Section        0  usart.o(i.MX_USART6_UART_Init)
    i.MemManage_Handler                      0x08002a10   Section        0  stm32f4xx_it.o(i.MemManage_Handler)
    i.NMI_Handler                            0x08002a12   Section        0  stm32f4xx_it.o(i.NMI_Handler)
    i.PendSV_Handler                         0x08002a14   Section        0  stm32f4xx_it.o(i.PendSV_Handler)
    i.SPI_EndRxTxTransaction                 0x08002a18   Section        0  stm32f4xx_hal_spi.o(i.SPI_EndRxTxTransaction)
    SPI_EndRxTxTransaction                   0x08002a19   Thumb Code    80  stm32f4xx_hal_spi.o(i.SPI_EndRxTxTransaction)
    i.SPI_WaitFlagStateUntilTimeout          0x08002a70   Section        0  stm32f4xx_hal_spi.o(i.SPI_WaitFlagStateUntilTimeout)
    SPI_WaitFlagStateUntilTimeout            0x08002a71   Thumb Code   148  stm32f4xx_hal_spi.o(i.SPI_WaitFlagStateUntilTimeout)
    i.SVC_Handler                            0x08002b04   Section        0  stm32f4xx_it.o(i.SVC_Handler)
    i.SysTick_Handler                        0x08002b06   Section        0  stm32f4xx_it.o(i.SysTick_Handler)
    i.SystemClock_Config                     0x08002b0c   Section        0  main.o(i.SystemClock_Config)
    i.SystemInit                             0x08002b90   Section        0  system_stm32f4xx.o(i.SystemInit)
    i.TIM6_DAC_IRQHandler                    0x08002bac   Section        0  stm32f4xx_it.o(i.TIM6_DAC_IRQHandler)
    i.TIM8_CC_IRQHandler                     0x08002c44   Section        0  stm32f4xx_it.o(i.TIM8_CC_IRQHandler)
    i.TIM_Base_SetConfig                     0x08002c50   Section        0  stm32f4xx_hal_tim.o(i.TIM_Base_SetConfig)
    i.TIM_ETR_SetConfig                      0x08002d18   Section        0  stm32f4xx_hal_tim.o(i.TIM_ETR_SetConfig)
    i.TIM_ITRx_SetConfig                     0x08002d2c   Section        0  stm32f4xx_hal_tim.o(i.TIM_ITRx_SetConfig)
    TIM_ITRx_SetConfig                       0x08002d2d   Thumb Code    16  stm32f4xx_hal_tim.o(i.TIM_ITRx_SetConfig)
    i.TIM_TI1_ConfigInputStage               0x08002d3c   Section        0  stm32f4xx_hal_tim.o(i.TIM_TI1_ConfigInputStage)
    TIM_TI1_ConfigInputStage                 0x08002d3d   Thumb Code    34  stm32f4xx_hal_tim.o(i.TIM_TI1_ConfigInputStage)
    i.TIM_TI2_ConfigInputStage               0x08002d5e   Section        0  stm32f4xx_hal_tim.o(i.TIM_TI2_ConfigInputStage)
    TIM_TI2_ConfigInputStage                 0x08002d5f   Thumb Code    36  stm32f4xx_hal_tim.o(i.TIM_TI2_ConfigInputStage)
    i.UART_DMAAbortOnError                   0x08002d82   Section        0  stm32f4xx_hal_uart.o(i.UART_DMAAbortOnError)
    UART_DMAAbortOnError                     0x08002d83   Thumb Code    16  stm32f4xx_hal_uart.o(i.UART_DMAAbortOnError)
    i.UART_DMAError                          0x08002d92   Section        0  stm32f4xx_hal_uart.o(i.UART_DMAError)
    UART_DMAError                            0x08002d93   Thumb Code    74  stm32f4xx_hal_uart.o(i.UART_DMAError)
    i.UART_DMAReceiveCplt                    0x08002ddc   Section        0  stm32f4xx_hal_uart.o(i.UART_DMAReceiveCplt)
    UART_DMAReceiveCplt                      0x08002ddd   Thumb Code    60  stm32f4xx_hal_uart.o(i.UART_DMAReceiveCplt)
    i.UART_DMARxHalfCplt                     0x08002e18   Section        0  stm32f4xx_hal_uart.o(i.UART_DMARxHalfCplt)
    UART_DMARxHalfCplt                       0x08002e19   Thumb Code    10  stm32f4xx_hal_uart.o(i.UART_DMARxHalfCplt)
    i.UART_DMATransmitCplt                   0x08002e22   Section        0  stm32f4xx_hal_uart.o(i.UART_DMATransmitCplt)
    UART_DMATransmitCplt                     0x08002e23   Thumb Code    46  stm32f4xx_hal_uart.o(i.UART_DMATransmitCplt)
    i.UART_DMATxHalfCplt                     0x08002e50   Section        0  stm32f4xx_hal_uart.o(i.UART_DMATxHalfCplt)
    UART_DMATxHalfCplt                       0x08002e51   Thumb Code    10  stm32f4xx_hal_uart.o(i.UART_DMATxHalfCplt)
    i.UART_EndRxTransfer                     0x08002e5a   Section        0  stm32f4xx_hal_uart.o(i.UART_EndRxTransfer)
    UART_EndRxTransfer                       0x08002e5b   Thumb Code    28  stm32f4xx_hal_uart.o(i.UART_EndRxTransfer)
    i.UART_EndTxTransfer                     0x08002e76   Section        0  stm32f4xx_hal_uart.o(i.UART_EndTxTransfer)
    UART_EndTxTransfer                       0x08002e77   Thumb Code    18  stm32f4xx_hal_uart.o(i.UART_EndTxTransfer)
    i.UART_Receive_IT                        0x08002e88   Section        0  stm32f4xx_hal_uart.o(i.UART_Receive_IT)
    UART_Receive_IT                          0x08002e89   Thumb Code   150  stm32f4xx_hal_uart.o(i.UART_Receive_IT)
    i.UART_SetConfig                         0x08002f20   Section        0  stm32f4xx_hal_uart.o(i.UART_SetConfig)
    UART_SetConfig                           0x08002f21   Thumb Code   286  stm32f4xx_hal_uart.o(i.UART_SetConfig)
    i.UART_Transmit_IT                       0x08003048   Section        0  stm32f4xx_hal_uart.o(i.UART_Transmit_IT)
    UART_Transmit_IT                         0x08003049   Thumb Code    98  stm32f4xx_hal_uart.o(i.UART_Transmit_IT)
    i.USART6_IRQHandler                      0x080030ac   Section        0  stm32f4xx_it.o(i.USART6_IRQHandler)
    i.Uart_transmit_measure                  0x080030ec   Section        0  bluetooth.o(i.Uart_transmit_measure)
    i.UsageFault_Handler                     0x0800315c   Section        0  stm32f4xx_it.o(i.UsageFault_Handler)
    i.__ARM_fpclassify                       0x0800315e   Section        0  fpclassify.o(i.__ARM_fpclassify)
    i.__NVIC_SetPriority                     0x0800318e   Section        0  stm32f4xx_hal_cortex.o(i.__NVIC_SetPriority)
    __NVIC_SetPriority                       0x0800318f   Thumb Code    32  stm32f4xx_hal_cortex.o(i.__NVIC_SetPriority)
    i.__hardfp_asin                          0x080031b0   Section        0  asin.o(i.__hardfp_asin)
    i.__hardfp_atan                          0x08003510   Section        0  atan.o(i.__hardfp_atan)
    i.__hardfp_atan2                         0x080037e8   Section        0  atan2.o(i.__hardfp_atan2)
    i.__hardfp_fabs                          0x080039d8   Section        0  fabs.o(i.__hardfp_fabs)
    i.__hardfp_sqrt                          0x080039ec   Section        0  sqrt.o(i.__hardfp_sqrt)
    i.__kernel_poly                          0x08003a66   Section        0  poly.o(i.__kernel_poly)
    i.__mathlib_dbl_infnan                   0x08003b5e   Section        0  dunder.o(i.__mathlib_dbl_infnan)
    i.__mathlib_dbl_infnan2                  0x08003b72   Section        0  dunder.o(i.__mathlib_dbl_infnan2)
    i.__mathlib_dbl_invalid                  0x08003b88   Section        0  dunder.o(i.__mathlib_dbl_invalid)
    i.__mathlib_dbl_underflow                0x08003ba8   Section        0  dunder.o(i.__mathlib_dbl_underflow)
    i.__scatterload_copy                     0x08003bc8   Section       14  handlers.o(i.__scatterload_copy)
    i.__scatterload_null                     0x08003bd6   Section        2  handlers.o(i.__scatterload_null)
    i.__scatterload_zeroinit                 0x08003bd8   Section       14  handlers.o(i.__scatterload_zeroinit)
    i.__set_errno                            0x08003be8   Section        0  errno.o(i.__set_errno)
    i.abs_limit                              0x08003bf4   Section        0  pid.o(i.abs_limit)
    i.atan                                   0x08003c1e   Section        0  atan.o(i.atan)
    i.can_filter_init                        0x08003c30   Section        0  bsp_can.o(i.can_filter_init)
    i.fabs                                   0x08003c68   Section        0  fabs.o(i.fabs)
    i.get_data                               0x08003c80   Section        0  bluetooth.o(i.get_data)
    i.imu_ahrs_update                        0x08003d3c   Section        0  mpu6500_driver.o(i.imu_ahrs_update)
    i.imu_attitude_update                    0x080041e8   Section        0  mpu6500_driver.o(i.imu_attitude_update)
    i.init_quaternion                        0x0800435c   Section        0  mpu6500_driver.o(i.init_quaternion)
    i.inv_sqrt                               0x08004528   Section        0  mpu6500_driver.o(i.inv_sqrt)
    i.ist8310_get_data                       0x08004554   Section        0  mpu6500_driver.o(i.ist8310_get_data)
    i.ist8310_init                           0x0800455e   Section        0  mpu6500_driver.o(i.ist8310_init)
    i.ist_reg_read_by_mpu                    0x0800465e   Section        0  mpu6500_driver.o(i.ist_reg_read_by_mpu)
    ist_reg_read_by_mpu                      0x0800465f   Thumb Code    56  mpu6500_driver.o(i.ist_reg_read_by_mpu)
    i.ist_reg_write_by_mpu                   0x08004696   Section        0  mpu6500_driver.o(i.ist_reg_write_by_mpu)
    ist_reg_write_by_mpu                     0x08004697   Thumb Code    66  mpu6500_driver.o(i.ist_reg_write_by_mpu)
    i.main                                   0x080046d8   Section        0  main.o(i.main)
    i.mpu_device_init                        0x08004774   Section        0  mpu6500_driver.o(i.mpu_device_init)
    i.mpu_get_data                           0x080047d8   Section        0  mpu6500_driver.o(i.mpu_get_data)
    i.mpu_master_i2c_auto_read_config        0x080048d8   Section        0  mpu6500_driver.o(i.mpu_master_i2c_auto_read_config)
    mpu_master_i2c_auto_read_config          0x080048d9   Thumb Code   142  mpu6500_driver.o(i.mpu_master_i2c_auto_read_config)
    i.mpu_offset_call                        0x08004968   Section        0  mpu6500_driver.o(i.mpu_offset_call)
    i.mpu_read_byte                          0x08004a0c   Section        0  mpu6500_driver.o(i.mpu_read_byte)
    i.mpu_read_bytes                         0x08004a5c   Section        0  mpu6500_driver.o(i.mpu_read_bytes)
    i.mpu_set_accel_fsr                      0x08004ab8   Section        0  mpu6500_driver.o(i.mpu_set_accel_fsr)
    i.mpu_set_gyro_fsr                       0x08004ac2   Section        0  mpu6500_driver.o(i.mpu_set_gyro_fsr)
    i.mpu_write_byte                         0x08004acc   Section        0  mpu6500_driver.o(i.mpu_write_byte)
    i.pid_calc                               0x08004b20   Section        0  pid.o(i.pid_calc)
    i.pid_param_init                         0x08004ce4   Section        0  pid.o(i.pid_param_init)
    i.sqrt                                   0x08004cf2   Section        0  sqrt.o(i.sqrt)
    .constdata                               0x08004d60   Section        8  stm32f4xx_hal_dma.o(.constdata)
    flagBitshiftOffset                       0x08004d60   Data           8  stm32f4xx_hal_dma.o(.constdata)
    .constdata                               0x08004d68   Section       16  system_stm32f4xx.o(.constdata)
    .constdata                               0x08004d78   Section        8  system_stm32f4xx.o(.constdata)
    .constdata                               0x08004d80   Section       20  mpu6500_driver.o(.constdata)
    .constdata                               0x08004d98   Section       80  asin.o(.constdata)
    pS                                       0x08004d98   Data          48  asin.o(.constdata)
    qS                                       0x08004dc8   Data          32  asin.o(.constdata)
    .constdata                               0x08004de8   Section      152  atan.o(.constdata)
    atanhi                                   0x08004de8   Data          32  atan.o(.constdata)
    atanlo                                   0x08004e08   Data          32  atan.o(.constdata)
    aTodd                                    0x08004e28   Data          40  atan.o(.constdata)
    aTeven                                   0x08004e50   Data          48  atan.o(.constdata)
    .constdata                               0x08004e80   Section        8  qnan.o(.constdata)
    .data                                    0x20000000   Section       12  stm32f4xx_hal.o(.data)
    .data                                    0x2000000c   Section        4  system_stm32f4xx.o(.data)
    .data                                    0x20000010   Section        5  can_receive.o(.data)
    i                                        0x20000010   Data           1  can_receive.o(.data)
    chassis_can_send_data                    0x20000011   Data           4  can_receive.o(.data)
    .data                                    0x20000018   Section       96  mpu6500_driver.o(.data)
    tx                                       0x20000018   Data           1  mpu6500_driver.o(.data)
    rx                                       0x20000019   Data           1  mpu6500_driver.o(.data)
    gx                                       0x2000002c   Data           4  mpu6500_driver.o(.data)
    gy                                       0x20000030   Data           4  mpu6500_driver.o(.data)
    gz                                       0x20000034   Data           4  mpu6500_driver.o(.data)
    ax                                       0x20000038   Data           4  mpu6500_driver.o(.data)
    ay                                       0x2000003c   Data           4  mpu6500_driver.o(.data)
    az                                       0x20000040   Data           4  mpu6500_driver.o(.data)
    mx                                       0x20000044   Data           4  mpu6500_driver.o(.data)
    my                                       0x20000048   Data           4  mpu6500_driver.o(.data)
    mz                                       0x2000004c   Data           4  mpu6500_driver.o(.data)
    tx_buff                                  0x2000006a   Data          14  mpu6500_driver.o(.data)
    .data                                    0x20000078   Section       12  bluetooth.o(.data)
    .data                                    0x20000084   Section        4  errno.o(.data)
    _errno                                   0x20000084   Data           4  errno.o(.data)
    .bss                                     0x20000088   Section       40  can.o(.bss)
    .bss                                     0x200000b0   Section       88  spi.o(.bss)
    .bss                                     0x20000108   Section      128  tim.o(.bss)
    .bss                                     0x20000188   Section      256  usart.o(.bss)
    .bss                                     0x20000288   Section       44  can_receive.o(.bss)
    chassis_tx_message                       0x2000029c   Data          24  can_receive.o(.bss)
    .bss                                     0x200002b4   Section       98  mpu6500_driver.o(.bss)
    .bss                                     0x20000318   Section      364  bluetooth.o(.bss)
    STACK                                    0x20000488   Section     1024  startup_stm32f427xx.o(STACK)

    Global Symbols

    Symbol Name                              Value     Ov Type        Size  Object(Section)

    BuildAttributes$$THM_ISAv4$E$P$D$K$B$S$7EM$VFPi3$EXTD16$VFPS$VFMA$PE$A:L22UL41UL21$X:L11$S22US41US21$IEEE1$IW$USESV6$~STKCKD$USESV7$~SHL$OTIME$ROPI$IEEEX$EBA8$MICROLIB$REQ8$PRES8$EABIv2 0x00000000   Number         0  anon$$obj.o ABSOLUTE
    __ARM_use_no_argv                        0x00000000   Number         0  main.o ABSOLUTE
    __cpp_initialize__aeabi_                  - Undefined Weak Reference
    __cxa_finalize                            - Undefined Weak Reference
    __decompress                              - Undefined Weak Reference
    _clock_init                               - Undefined Weak Reference
    _microlib_exit                            - Undefined Weak Reference
    __Vectors_Size                           0x000001ac   Number         0  startup_stm32f427xx.o ABSOLUTE
    __Vectors                                0x08000000   Data           4  startup_stm32f427xx.o(RESET)
    __Vectors_End                            0x080001ac   Data           0  startup_stm32f427xx.o(RESET)
    __main                                   0x080001ad   Thumb Code     0  entry.o(.ARM.Collect$$$$00000000)
    _main_stk                                0x080001ad   Thumb Code     0  entry2.o(.ARM.Collect$$$$00000001)
    _main_scatterload                        0x080001b1   Thumb Code     0  entry5.o(.ARM.Collect$$$$00000004)
    __main_after_scatterload                 0x080001b5   Thumb Code     0  entry5.o(.ARM.Collect$$$$00000004)
    _main_clock                              0x080001b5   Thumb Code     0  entry7b.o(.ARM.Collect$$$$00000008)
    _main_cpp_init                           0x080001b5   Thumb Code     0  entry8b.o(.ARM.Collect$$$$0000000A)
    _main_init                               0x080001b5   Thumb Code     0  entry9a.o(.ARM.Collect$$$$0000000B)
    __rt_final_cpp                           0x080001bd   Thumb Code     0  entry10a.o(.ARM.Collect$$$$0000000D)
    __rt_final_exit                          0x080001bd   Thumb Code     0  entry11a.o(.ARM.Collect$$$$0000000F)
    Reset_Handler                            0x080001c1   Thumb Code     8  startup_stm32f427xx.o(.text)
    ADC_IRQHandler                           0x080001db   Thumb Code     0  startup_stm32f427xx.o(.text)
    CAN1_RX1_IRQHandler                      0x080001db   Thumb Code     0  startup_stm32f427xx.o(.text)
    CAN1_SCE_IRQHandler                      0x080001db   Thumb Code     0  startup_stm32f427xx.o(.text)
    CAN1_TX_IRQHandler                       0x080001db   Thumb Code     0  startup_stm32f427xx.o(.text)
    CAN2_RX0_IRQHandler                      0x080001db   Thumb Code     0  startup_stm32f427xx.o(.text)
    CAN2_RX1_IRQHandler                      0x080001db   Thumb Code     0  startup_stm32f427xx.o(.text)
    CAN2_SCE_IRQHandler                      0x080001db   Thumb Code     0  startup_stm32f427xx.o(.text)
    CAN2_TX_IRQHandler                       0x080001db   Thumb Code     0  startup_stm32f427xx.o(.text)
    DCMI_IRQHandler                          0x080001db   Thumb Code     0  startup_stm32f427xx.o(.text)
    DMA1_Stream0_IRQHandler                  0x080001db   Thumb Code     0  startup_stm32f427xx.o(.text)
    DMA1_Stream1_IRQHandler                  0x080001db   Thumb Code     0  startup_stm32f427xx.o(.text)
    DMA1_Stream2_IRQHandler                  0x080001db   Thumb Code     0  startup_stm32f427xx.o(.text)
    DMA1_Stream3_IRQHandler                  0x080001db   Thumb Code     0  startup_stm32f427xx.o(.text)
    DMA1_Stream4_IRQHandler                  0x080001db   Thumb Code     0  startup_stm32f427xx.o(.text)
    DMA1_Stream5_IRQHandler                  0x080001db   Thumb Code     0  startup_stm32f427xx.o(.text)
    DMA1_Stream6_IRQHandler                  0x080001db   Thumb Code     0  startup_stm32f427xx.o(.text)
    DMA1_Stream7_IRQHandler                  0x080001db   Thumb Code     0  startup_stm32f427xx.o(.text)
    DMA2D_IRQHandler                         0x080001db   Thumb Code     0  startup_stm32f427xx.o(.text)
    DMA2_Stream0_IRQHandler                  0x080001db   Thumb Code     0  startup_stm32f427xx.o(.text)
    DMA2_Stream2_IRQHandler                  0x080001db   Thumb Code     0  startup_stm32f427xx.o(.text)
    DMA2_Stream3_IRQHandler                  0x080001db   Thumb Code     0  startup_stm32f427xx.o(.text)
    DMA2_Stream4_IRQHandler                  0x080001db   Thumb Code     0  startup_stm32f427xx.o(.text)
    DMA2_Stream5_IRQHandler                  0x080001db   Thumb Code     0  startup_stm32f427xx.o(.text)
    DMA2_Stream7_IRQHandler                  0x080001db   Thumb Code     0  startup_stm32f427xx.o(.text)
    ETH_IRQHandler                           0x080001db   Thumb Code     0  startup_stm32f427xx.o(.text)
    ETH_WKUP_IRQHandler                      0x080001db   Thumb Code     0  startup_stm32f427xx.o(.text)
    EXTI0_IRQHandler                         0x080001db   Thumb Code     0  startup_stm32f427xx.o(.text)
    EXTI15_10_IRQHandler                     0x080001db   Thumb Code     0  startup_stm32f427xx.o(.text)
    EXTI1_IRQHandler                         0x080001db   Thumb Code     0  startup_stm32f427xx.o(.text)
    EXTI2_IRQHandler                         0x080001db   Thumb Code     0  startup_stm32f427xx.o(.text)
    EXTI3_IRQHandler                         0x080001db   Thumb Code     0  startup_stm32f427xx.o(.text)
    EXTI4_IRQHandler                         0x080001db   Thumb Code     0  startup_stm32f427xx.o(.text)
    EXTI9_5_IRQHandler                       0x080001db   Thumb Code     0  startup_stm32f427xx.o(.text)
    FLASH_IRQHandler                         0x080001db   Thumb Code     0  startup_stm32f427xx.o(.text)
    FMC_IRQHandler                           0x080001db   Thumb Code     0  startup_stm32f427xx.o(.text)
    FPU_IRQHandler                           0x080001db   Thumb Code     0  startup_stm32f427xx.o(.text)
    HASH_RNG_IRQHandler                      0x080001db   Thumb Code     0  startup_stm32f427xx.o(.text)
    I2C1_ER_IRQHandler                       0x080001db   Thumb Code     0  startup_stm32f427xx.o(.text)
    I2C1_EV_IRQHandler                       0x080001db   Thumb Code     0  startup_stm32f427xx.o(.text)
    I2C2_ER_IRQHandler                       0x080001db   Thumb Code     0  startup_stm32f427xx.o(.text)
    I2C2_EV_IRQHandler                       0x080001db   Thumb Code     0  startup_stm32f427xx.o(.text)
    I2C3_ER_IRQHandler                       0x080001db   Thumb Code     0  startup_stm32f427xx.o(.text)
    I2C3_EV_IRQHandler                       0x080001db   Thumb Code     0  startup_stm32f427xx.o(.text)
    OTG_FS_IRQHandler                        0x080001db   Thumb Code     0  startup_stm32f427xx.o(.text)
    OTG_FS_WKUP_IRQHandler                   0x080001db   Thumb Code     0  startup_stm32f427xx.o(.text)
    OTG_HS_EP1_IN_IRQHandler                 0x080001db   Thumb Code     0  startup_stm32f427xx.o(.text)
    OTG_HS_EP1_OUT_IRQHandler                0x080001db   Thumb Code     0  startup_stm32f427xx.o(.text)
    OTG_HS_IRQHandler                        0x080001db   Thumb Code     0  startup_stm32f427xx.o(.text)
    OTG_HS_WKUP_IRQHandler                   0x080001db   Thumb Code     0  startup_stm32f427xx.o(.text)
    PVD_IRQHandler                           0x080001db   Thumb Code     0  startup_stm32f427xx.o(.text)
    RCC_IRQHandler                           0x080001db   Thumb Code     0  startup_stm32f427xx.o(.text)
    RTC_Alarm_IRQHandler                     0x080001db   Thumb Code     0  startup_stm32f427xx.o(.text)
    RTC_WKUP_IRQHandler                      0x080001db   Thumb Code     0  startup_stm32f427xx.o(.text)
    SAI1_IRQHandler                          0x080001db   Thumb Code     0  startup_stm32f427xx.o(.text)
    SDIO_IRQHandler                          0x080001db   Thumb Code     0  startup_stm32f427xx.o(.text)
    SPI1_IRQHandler                          0x080001db   Thumb Code     0  startup_stm32f427xx.o(.text)
    SPI2_IRQHandler                          0x080001db   Thumb Code     0  startup_stm32f427xx.o(.text)
    SPI3_IRQHandler                          0x080001db   Thumb Code     0  startup_stm32f427xx.o(.text)
    SPI4_IRQHandler                          0x080001db   Thumb Code     0  startup_stm32f427xx.o(.text)
    SPI5_IRQHandler                          0x080001db   Thumb Code     0  startup_stm32f427xx.o(.text)
    SPI6_IRQHandler                          0x080001db   Thumb Code     0  startup_stm32f427xx.o(.text)
    TAMP_STAMP_IRQHandler                    0x080001db   Thumb Code     0  startup_stm32f427xx.o(.text)
    TIM1_BRK_TIM9_IRQHandler                 0x080001db   Thumb Code     0  startup_stm32f427xx.o(.text)
    TIM1_CC_IRQHandler                       0x080001db   Thumb Code     0  startup_stm32f427xx.o(.text)
    TIM1_TRG_COM_TIM11_IRQHandler            0x080001db   Thumb Code     0  startup_stm32f427xx.o(.text)
    TIM1_UP_TIM10_IRQHandler                 0x080001db   Thumb Code     0  startup_stm32f427xx.o(.text)
    TIM2_IRQHandler                          0x080001db   Thumb Code     0  startup_stm32f427xx.o(.text)
    TIM3_IRQHandler                          0x080001db   Thumb Code     0  startup_stm32f427xx.o(.text)
    TIM4_IRQHandler                          0x080001db   Thumb Code     0  startup_stm32f427xx.o(.text)
    TIM5_IRQHandler                          0x080001db   Thumb Code     0  startup_stm32f427xx.o(.text)
    TIM7_IRQHandler                          0x080001db   Thumb Code     0  startup_stm32f427xx.o(.text)
    TIM8_BRK_TIM12_IRQHandler                0x080001db   Thumb Code     0  startup_stm32f427xx.o(.text)
    TIM8_TRG_COM_TIM14_IRQHandler            0x080001db   Thumb Code     0  startup_stm32f427xx.o(.text)
    TIM8_UP_TIM13_IRQHandler                 0x080001db   Thumb Code     0  startup_stm32f427xx.o(.text)
    UART4_IRQHandler                         0x080001db   Thumb Code     0  startup_stm32f427xx.o(.text)
    UART5_IRQHandler                         0x080001db   Thumb Code     0  startup_stm32f427xx.o(.text)
    UART7_IRQHandler                         0x080001db   Thumb Code     0  startup_stm32f427xx.o(.text)
    UART8_IRQHandler                         0x080001db   Thumb Code     0  startup_stm32f427xx.o(.text)
    USART1_IRQHandler                        0x080001db   Thumb Code     0  startup_stm32f427xx.o(.text)
    USART2_IRQHandler                        0x080001db   Thumb Code     0  startup_stm32f427xx.o(.text)
    USART3_IRQHandler                        0x080001db   Thumb Code     0  startup_stm32f427xx.o(.text)
    WWDG_IRQHandler                          0x080001db   Thumb Code     0  startup_stm32f427xx.o(.text)
    __aeabi_uldivmod                         0x080001e5   Thumb Code    98  uldiv.o(.text)
    __aeabi_memcpy                           0x08000247   Thumb Code    36  memcpya.o(.text)
    __aeabi_memcpy4                          0x08000247   Thumb Code     0  memcpya.o(.text)
    __aeabi_memcpy8                          0x08000247   Thumb Code     0  memcpya.o(.text)
    __aeabi_memset                           0x0800026b   Thumb Code    14  memseta.o(.text)
    __aeabi_memset4                          0x0800026b   Thumb Code     0  memseta.o(.text)
    __aeabi_memset8                          0x0800026b   Thumb Code     0  memseta.o(.text)
    __aeabi_memclr                           0x08000279   Thumb Code     4  memseta.o(.text)
    __aeabi_memclr4                          0x08000279   Thumb Code     0  memseta.o(.text)
    __aeabi_memclr8                          0x08000279   Thumb Code     0  memseta.o(.text)
    _memset$wrapper                          0x0800027d   Thumb Code    18  memseta.o(.text)
    __aeabi_dmul                             0x0800028f   Thumb Code   228  dmul.o(.text)
    __aeabi_i2d                              0x08000373   Thumb Code    34  dflti.o(.text)
    __aeabi_f2d                              0x08000395   Thumb Code    38  f2d.o(.text)
    __aeabi_cdrcmple                         0x080003bd   Thumb Code    48  cdrcmple.o(.text)
    __aeabi_d2f                              0x080003ed   Thumb Code    56  d2f.o(.text)
    __aeabi_llsl                             0x08000425   Thumb Code    30  llshl.o(.text)
    _ll_shift_l                              0x08000425   Thumb Code     0  llshl.o(.text)
    __aeabi_llsr                             0x08000443   Thumb Code    32  llushr.o(.text)
    _ll_ushift_r                             0x08000443   Thumb Code     0  llushr.o(.text)
    __I$use$fp                               0x08000463   Thumb Code     0  iusefp.o(.text)
    _float_round                             0x08000463   Thumb Code    18  fepilogue.o(.text)
    _float_epilogue                          0x08000475   Thumb Code    92  fepilogue.o(.text)
    _double_round                            0x080004d1   Thumb Code    30  depilogue.o(.text)
    _double_epilogue                         0x080004ef   Thumb Code   156  depilogue.o(.text)
    __aeabi_dadd                             0x0800058b   Thumb Code   322  dadd.o(.text)
    __aeabi_dsub                             0x080006cd   Thumb Code     6  dadd.o(.text)
    __aeabi_drsub                            0x080006d3   Thumb Code     6  dadd.o(.text)
    __aeabi_ddiv                             0x080006d9   Thumb Code   222  ddiv.o(.text)
    _dsqrt                                   0x080007b7   Thumb Code   162  dsqrt.o(.text)
    __scatterload                            0x08000859   Thumb Code    28  init.o(.text)
    __scatterload_rt2                        0x08000859   Thumb Code     0  init.o(.text)
    __aeabi_lasr                             0x0800087d   Thumb Code    36  llsshr.o(.text)
    _ll_sshift_r                             0x0800087d   Thumb Code     0  llsshr.o(.text)
    BlueTooth_init                           0x080008a1   Thumb Code    38  bluetooth.o(i.BlueTooth_init)
    BusFault_Handler                         0x080008d1   Thumb Code     2  stm32f4xx_it.o(i.BusFault_Handler)
    CAN1_RX0_IRQHandler                      0x080008d5   Thumb Code     6  stm32f4xx_it.o(i.CAN1_RX0_IRQHandler)
    CAN_cmd_chassis                          0x080008e1   Thumb Code    46  can_receive.o(i.CAN_cmd_chassis)
    DMA2_Stream1_IRQHandler                  0x0800091d   Thumb Code     6  stm32f4xx_it.o(i.DMA2_Stream1_IRQHandler)
    DMA2_Stream6_IRQHandler                  0x08000929   Thumb Code     6  stm32f4xx_it.o(i.DMA2_Stream6_IRQHandler)
    DebugMon_Handler                         0x080009d9   Thumb Code     2  stm32f4xx_it.o(i.DebugMon_Handler)
    Error_Handler                            0x080009db   Thumb Code     2  main.o(i.Error_Handler)
    HAL_CAN_ActivateNotification             0x080009dd   Thumb Code    36  stm32f4xx_hal_can.o(i.HAL_CAN_ActivateNotification)
    HAL_CAN_AddTxMessage                     0x08000a01   Thumb Code   200  stm32f4xx_hal_can.o(i.HAL_CAN_AddTxMessage)
    HAL_CAN_ConfigFilter                     0x08000ac9   Thumb Code   262  stm32f4xx_hal_can.o(i.HAL_CAN_ConfigFilter)
    HAL_CAN_ErrorCallback                    0x08000bd5   Thumb Code     2  stm32f4xx_hal_can.o(i.HAL_CAN_ErrorCallback)
    HAL_CAN_GetRxMessage                     0x08000bd7   Thumb Code   232  stm32f4xx_hal_can.o(i.HAL_CAN_GetRxMessage)
    HAL_CAN_IRQHandler                       0x08000cbf   Thumb Code   508  stm32f4xx_hal_can.o(i.HAL_CAN_IRQHandler)
    HAL_CAN_Init                             0x08000ebb   Thumb Code   282  stm32f4xx_hal_can.o(i.HAL_CAN_Init)
    HAL_CAN_MspInit                          0x08000fd5   Thumb Code   106  can.o(i.HAL_CAN_MspInit)
    HAL_CAN_RxFifo0FullCallback              0x0800104d   Thumb Code     2  stm32f4xx_hal_can.o(i.HAL_CAN_RxFifo0FullCallback)
    HAL_CAN_RxFifo0MsgPendingCallback        0x08001051   Thumb Code    98  can_receive.o(i.HAL_CAN_RxFifo0MsgPendingCallback)
    HAL_CAN_RxFifo1FullCallback              0x080010c1   Thumb Code     2  stm32f4xx_hal_can.o(i.HAL_CAN_RxFifo1FullCallback)
    HAL_CAN_RxFifo1MsgPendingCallback        0x080010c3   Thumb Code     2  stm32f4xx_hal_can.o(i.HAL_CAN_RxFifo1MsgPendingCallback)
    HAL_CAN_SleepCallback                    0x080010c5   Thumb Code     2  stm32f4xx_hal_can.o(i.HAL_CAN_SleepCallback)
    HAL_CAN_Start                            0x080010c9   Thumb Code    88  stm32f4xx_hal_can.o(i.HAL_CAN_Start)
    HAL_CAN_TxMailbox0AbortCallback          0x08001121   Thumb Code     2  stm32f4xx_hal_can.o(i.HAL_CAN_TxMailbox0AbortCallback)
    HAL_CAN_TxMailbox0CompleteCallback       0x08001123   Thumb Code     2  stm32f4xx_hal_can.o(i.HAL_CAN_TxMailbox0CompleteCallback)
    HAL_CAN_TxMailbox1AbortCallback          0x08001125   Thumb Code     2  stm32f4xx_hal_can.o(i.HAL_CAN_TxMailbox1AbortCallback)
    HAL_CAN_TxMailbox1CompleteCallback       0x08001127   Thumb Code     2  stm32f4xx_hal_can.o(i.HAL_CAN_TxMailbox1CompleteCallback)
    HAL_CAN_TxMailbox2AbortCallback          0x08001129   Thumb Code     2  stm32f4xx_hal_can.o(i.HAL_CAN_TxMailbox2AbortCallback)
    HAL_CAN_TxMailbox2CompleteCallback       0x0800112b   Thumb Code     2  stm32f4xx_hal_can.o(i.HAL_CAN_TxMailbox2CompleteCallback)
    HAL_CAN_WakeUpFromRxMsgCallback          0x0800112d   Thumb Code     2  stm32f4xx_hal_can.o(i.HAL_CAN_WakeUpFromRxMsgCallback)
    HAL_DMA_Abort                            0x0800112f   Thumb Code   142  stm32f4xx_hal_dma.o(i.HAL_DMA_Abort)
    HAL_DMA_Abort_IT                         0x080011bd   Thumb Code    36  stm32f4xx_hal_dma.o(i.HAL_DMA_Abort_IT)
    HAL_DMA_IRQHandler                       0x080011e1   Thumb Code   412  stm32f4xx_hal_dma.o(i.HAL_DMA_IRQHandler)
    HAL_DMA_Init                             0x08001381   Thumb Code   206  stm32f4xx_hal_dma.o(i.HAL_DMA_Init)
    HAL_DMA_Start_IT                         0x08001455   Thumb Code   110  stm32f4xx_hal_dma.o(i.HAL_DMA_Start_IT)
    HAL_Delay                                0x080014c5   Thumb Code    32  stm32f4xx_hal.o(i.HAL_Delay)
    HAL_GPIO_Init                            0x080014e9   Thumb Code   414  stm32f4xx_hal_gpio.o(i.HAL_GPIO_Init)
    HAL_GPIO_WritePin                        0x080016bd   Thumb Code    10  stm32f4xx_hal_gpio.o(i.HAL_GPIO_WritePin)
    HAL_GetTick                              0x080016c9   Thumb Code     6  stm32f4xx_hal.o(i.HAL_GetTick)
    HAL_IncTick                              0x080016d5   Thumb Code    12  stm32f4xx_hal.o(i.HAL_IncTick)
    HAL_Init                                 0x080016e5   Thumb Code    48  stm32f4xx_hal.o(i.HAL_Init)
    HAL_InitTick                             0x08001719   Thumb Code    54  stm32f4xx_hal.o(i.HAL_InitTick)
    HAL_MspInit                              0x08001759   Thumb Code    42  stm32f4xx_hal_msp.o(i.HAL_MspInit)
    HAL_NVIC_EnableIRQ                       0x08001789   Thumb Code    26  stm32f4xx_hal_cortex.o(i.HAL_NVIC_EnableIRQ)
    HAL_NVIC_SetPriority                     0x080017a5   Thumb Code    60  stm32f4xx_hal_cortex.o(i.HAL_NVIC_SetPriority)
    HAL_NVIC_SetPriorityGrouping             0x080017e5   Thumb Code    26  stm32f4xx_hal_cortex.o(i.HAL_NVIC_SetPriorityGrouping)
    HAL_RCC_ClockConfig                      0x08001809   Thumb Code   288  stm32f4xx_hal_rcc.o(i.HAL_RCC_ClockConfig)
    HAL_RCC_GetPCLK1Freq                     0x0800193d   Thumb Code    20  stm32f4xx_hal_rcc.o(i.HAL_RCC_GetPCLK1Freq)
    HAL_RCC_GetPCLK2Freq                     0x0800195d   Thumb Code    20  stm32f4xx_hal_rcc.o(i.HAL_RCC_GetPCLK2Freq)
    HAL_RCC_GetSysClockFreq                  0x0800197d   Thumb Code    88  stm32f4xx_hal_rcc.o(i.HAL_RCC_GetSysClockFreq)
    HAL_RCC_OscConfig                        0x080019e1   Thumb Code   840  stm32f4xx_hal_rcc.o(i.HAL_RCC_OscConfig)
    HAL_SPI_Init                             0x08001d3d   Thumb Code   128  stm32f4xx_hal_spi.o(i.HAL_SPI_Init)
    HAL_SPI_MspInit                          0x08001dbd   Thumb Code    94  spi.o(i.HAL_SPI_MspInit)
    HAL_SPI_TransmitReceive                  0x08001e29   Thumb Code   482  stm32f4xx_hal_spi.o(i.HAL_SPI_TransmitReceive)
    HAL_SYSTICK_Config                       0x0800200b   Thumb Code    40  stm32f4xx_hal_cortex.o(i.HAL_SYSTICK_Config)
    HAL_TIMEx_BreakCallback                  0x08002033   Thumb Code     2  stm32f4xx_hal_tim_ex.o(i.HAL_TIMEx_BreakCallback)
    HAL_TIMEx_CommutCallback                 0x08002035   Thumb Code     2  stm32f4xx_hal_tim_ex.o(i.HAL_TIMEx_CommutCallback)
    HAL_TIMEx_MasterConfigSynchronization    0x08002039   Thumb Code   116  stm32f4xx_hal_tim_ex.o(i.HAL_TIMEx_MasterConfigSynchronization)
    HAL_TIM_Base_Init                        0x080020c9   Thumb Code    54  stm32f4xx_hal_tim.o(i.HAL_TIM_Base_Init)
    HAL_TIM_Base_MspInit                     0x08002101   Thumb Code    90  tim.o(i.HAL_TIM_Base_MspInit)
    HAL_TIM_Base_Start_IT                    0x08002169   Thumb Code    34  stm32f4xx_hal_tim.o(i.HAL_TIM_Base_Start_IT)
    HAL_TIM_ConfigClockSource                0x0800218b   Thumb Code   214  stm32f4xx_hal_tim.o(i.HAL_TIM_ConfigClockSource)
    HAL_TIM_IC_CaptureCallback               0x08002261   Thumb Code     2  stm32f4xx_hal_tim.o(i.HAL_TIM_IC_CaptureCallback)
    HAL_TIM_IRQHandler                       0x08002263   Thumb Code   358  stm32f4xx_hal_tim.o(i.HAL_TIM_IRQHandler)
    HAL_TIM_OC_DelayElapsedCallback          0x080023c9   Thumb Code     2  stm32f4xx_hal_tim.o(i.HAL_TIM_OC_DelayElapsedCallback)
    HAL_TIM_PWM_PulseFinishedCallback        0x080023cb   Thumb Code     2  stm32f4xx_hal_tim.o(i.HAL_TIM_PWM_PulseFinishedCallback)
    HAL_TIM_PeriodElapsedCallback            0x080023cd   Thumb Code     2  stm32f4xx_hal_tim.o(i.HAL_TIM_PeriodElapsedCallback)
    HAL_TIM_TriggerCallback                  0x080023cf   Thumb Code     2  stm32f4xx_hal_tim.o(i.HAL_TIM_TriggerCallback)
    HAL_UART_DMAStop                         0x080023d1   Thumb Code    88  stm32f4xx_hal_uart.o(i.HAL_UART_DMAStop)
    HAL_UART_ErrorCallback                   0x08002429   Thumb Code     2  stm32f4xx_hal_uart.o(i.HAL_UART_ErrorCallback)
    HAL_UART_IRQHandler                      0x0800242d   Thumb Code   270  stm32f4xx_hal_uart.o(i.HAL_UART_IRQHandler)
    HAL_UART_Init                            0x08002541   Thumb Code    98  stm32f4xx_hal_uart.o(i.HAL_UART_Init)
    HAL_UART_MspInit                         0x080025a5   Thumb Code   214  usart.o(i.HAL_UART_MspInit)
    HAL_UART_Receive_DMA                     0x08002691   Thumb Code   138  stm32f4xx_hal_uart.o(i.HAL_UART_Receive_DMA)
    HAL_UART_RxCpltCallback                  0x08002729   Thumb Code     2  stm32f4xx_hal_uart.o(i.HAL_UART_RxCpltCallback)
    HAL_UART_RxHalfCpltCallback              0x0800272b   Thumb Code     2  stm32f4xx_hal_uart.o(i.HAL_UART_RxHalfCpltCallback)
    HAL_UART_Transmit_DMA                    0x0800272d   Thumb Code   114  stm32f4xx_hal_uart.o(i.HAL_UART_Transmit_DMA)
    HAL_UART_TxCpltCallback                  0x080027ad   Thumb Code     2  stm32f4xx_hal_uart.o(i.HAL_UART_TxCpltCallback)
    HAL_UART_TxHalfCpltCallback              0x080027af   Thumb Code     2  stm32f4xx_hal_uart.o(i.HAL_UART_TxHalfCpltCallback)
    HardFault_Handler                        0x080027b1   Thumb Code     2  stm32f4xx_it.o(i.HardFault_Handler)
    MX_CAN1_Init                             0x080027b5   Thumb Code    60  can.o(i.MX_CAN1_Init)
    MX_DMA_Init                              0x080027f9   Thumb Code    56  dma.o(i.MX_DMA_Init)
    MX_GPIO_Init                             0x08002835   Thumb Code   162  gpio.o(i.MX_GPIO_Init)
    MX_SPI5_Init                             0x080028e5   Thumb Code    64  spi.o(i.MX_SPI5_Init)
    MX_TIM6_Init                             0x0800292d   Thumb Code    62  tim.o(i.MX_TIM6_Init)
    MX_TIM8_Init                             0x08002975   Thumb Code    90  tim.o(i.MX_TIM8_Init)
    MX_USART6_UART_Init                      0x080029d9   Thumb Code    48  usart.o(i.MX_USART6_UART_Init)
    MemManage_Handler                        0x08002a11   Thumb Code     2  stm32f4xx_it.o(i.MemManage_Handler)
    NMI_Handler                              0x08002a13   Thumb Code     2  stm32f4xx_it.o(i.NMI_Handler)
    PendSV_Handler                           0x08002a15   Thumb Code     2  stm32f4xx_it.o(i.PendSV_Handler)
    SVC_Handler                              0x08002b05   Thumb Code     2  stm32f4xx_it.o(i.SVC_Handler)
    SysTick_Handler                          0x08002b07   Thumb Code     4  stm32f4xx_it.o(i.SysTick_Handler)
    SystemClock_Config                       0x08002b0d   Thumb Code   124  main.o(i.SystemClock_Config)
    SystemInit                               0x08002b91   Thumb Code    22  system_stm32f4xx.o(i.SystemInit)
    TIM6_DAC_IRQHandler                      0x08002bad   Thumb Code   126  stm32f4xx_it.o(i.TIM6_DAC_IRQHandler)
    TIM8_CC_IRQHandler                       0x08002c45   Thumb Code     6  stm32f4xx_it.o(i.TIM8_CC_IRQHandler)
    TIM_Base_SetConfig                       0x08002c51   Thumb Code   156  stm32f4xx_hal_tim.o(i.TIM_Base_SetConfig)
    TIM_ETR_SetConfig                        0x08002d19   Thumb Code    20  stm32f4xx_hal_tim.o(i.TIM_ETR_SetConfig)
    USART6_IRQHandler                        0x080030ad   Thumb Code    56  stm32f4xx_it.o(i.USART6_IRQHandler)
    Uart_transmit_measure                    0x080030ed   Thumb Code    96  bluetooth.o(i.Uart_transmit_measure)
    UsageFault_Handler                       0x0800315d   Thumb Code     2  stm32f4xx_it.o(i.UsageFault_Handler)
    __ARM_fpclassify                         0x0800315f   Thumb Code    48  fpclassify.o(i.__ARM_fpclassify)
    __hardfp_asin                            0x080031b1   Thumb Code   770  asin.o(i.__hardfp_asin)
    __hardfp_atan                            0x08003511   Thumb Code   622  atan.o(i.__hardfp_atan)
    __hardfp_atan2                           0x080037e9   Thumb Code   432  atan2.o(i.__hardfp_atan2)
    __hardfp_fabs                            0x080039d9   Thumb Code    20  fabs.o(i.__hardfp_fabs)
    __hardfp_sqrt                            0x080039ed   Thumb Code   122  sqrt.o(i.__hardfp_sqrt)
    __kernel_poly                            0x08003a67   Thumb Code   248  poly.o(i.__kernel_poly)
    __mathlib_dbl_infnan                     0x08003b5f   Thumb Code    20  dunder.o(i.__mathlib_dbl_infnan)
    __mathlib_dbl_infnan2                    0x08003b73   Thumb Code    20  dunder.o(i.__mathlib_dbl_infnan2)
    __mathlib_dbl_invalid                    0x08003b89   Thumb Code    24  dunder.o(i.__mathlib_dbl_invalid)
    __mathlib_dbl_underflow                  0x08003ba9   Thumb Code    24  dunder.o(i.__mathlib_dbl_underflow)
    __scatterload_copy                       0x08003bc9   Thumb Code    14  handlers.o(i.__scatterload_copy)
    __scatterload_null                       0x08003bd7   Thumb Code     2  handlers.o(i.__scatterload_null)
    __scatterload_zeroinit                   0x08003bd9   Thumb Code    14  handlers.o(i.__scatterload_zeroinit)
    __set_errno                              0x08003be9   Thumb Code     6  errno.o(i.__set_errno)
    abs_limit                                0x08003bf5   Thumb Code    42  pid.o(i.abs_limit)
    atan                                     0x08003c1f   Thumb Code    16  atan.o(i.atan)
    can_filter_init                          0x08003c31   Thumb Code    52  bsp_can.o(i.can_filter_init)
    fabs                                     0x08003c69   Thumb Code    24  fabs.o(i.fabs)
    get_data                                 0x08003c81   Thumb Code   178  bluetooth.o(i.get_data)
    imu_ahrs_update                          0x08003d3d   Thumb Code  1194  mpu6500_driver.o(i.imu_ahrs_update)
    imu_attitude_update                      0x080041e9   Thumb Code   346  mpu6500_driver.o(i.imu_attitude_update)
    init_quaternion                          0x0800435d   Thumb Code   360  mpu6500_driver.o(i.init_quaternion)
    inv_sqrt                                 0x08004529   Thumb Code    40  mpu6500_driver.o(i.inv_sqrt)
    ist8310_get_data                         0x08004555   Thumb Code    10  mpu6500_driver.o(i.ist8310_get_data)
    ist8310_init                             0x0800455f   Thumb Code   256  mpu6500_driver.o(i.ist8310_init)
    main                                     0x080046d9   Thumb Code   140  main.o(i.main)
    mpu_device_init                          0x08004775   Thumb Code    90  mpu6500_driver.o(i.mpu_device_init)
    mpu_get_data                             0x080047d9   Thumb Code   234  mpu6500_driver.o(i.mpu_get_data)
    mpu_offset_call                          0x08004969   Thumb Code   160  mpu6500_driver.o(i.mpu_offset_call)
    mpu_read_byte                            0x08004a0d   Thumb Code    68  mpu6500_driver.o(i.mpu_read_byte)
    mpu_read_bytes                           0x08004a5d   Thumb Code    80  mpu6500_driver.o(i.mpu_read_bytes)
    mpu_set_accel_fsr                        0x08004ab9   Thumb Code    10  mpu6500_driver.o(i.mpu_set_accel_fsr)
    mpu_set_gyro_fsr                         0x08004ac3   Thumb Code    10  mpu6500_driver.o(i.mpu_set_gyro_fsr)
    mpu_write_byte                           0x08004acd   Thumb Code    72  mpu6500_driver.o(i.mpu_write_byte)
    pid_calc                                 0x08004b21   Thumb Code   448  pid.o(i.pid_calc)
    pid_param_init                           0x08004ce5   Thumb Code    14  pid.o(i.pid_param_init)
    sqrt                                     0x08004cf3   Thumb Code   110  sqrt.o(i.sqrt)
    AHBPrescTable                            0x08004d68   Data          16  system_stm32f4xx.o(.constdata)
    APBPrescTable                            0x08004d78   Data           8  system_stm32f4xx.o(.constdata)
    __mathlib_zero                           0x08004e80   Data           8  qnan.o(.constdata)
    Region$$Table$$Base                      0x08004e88   Number         0  anon$$obj.o(Region$$Table)
    Region$$Table$$Limit                     0x08004ea8   Number         0  anon$$obj.o(Region$$Table)
    uwTickFreq                               0x20000000   Data           1  stm32f4xx_hal.o(.data)
    uwTickPrio                               0x20000004   Data           4  stm32f4xx_hal.o(.data)
    uwTick                                   0x20000008   Data           4  stm32f4xx_hal.o(.data)
    SystemCoreClock                          0x2000000c   Data           4  system_stm32f4xx.o(.data)
    id                                       0x2000001a   Data           1  mpu6500_driver.o(.data)
    q0                                       0x2000001c   Data           4  mpu6500_driver.o(.data)
    q1                                       0x20000020   Data           4  mpu6500_driver.o(.data)
    q2                                       0x20000024   Data           4  mpu6500_driver.o(.data)
    q3                                       0x20000028   Data           4  mpu6500_driver.o(.data)
    last_update                              0x20000050   Data           4  mpu6500_driver.o(.data)
    now_update                               0x20000054   Data           4  mpu6500_driver.o(.data)
    exInt                                    0x20000058   Data           4  mpu6500_driver.o(.data)
    eyInt                                    0x2000005c   Data           4  mpu6500_driver.o(.data)
    ezInt                                    0x20000060   Data           4  mpu6500_driver.o(.data)
    ist_buff                                 0x20000064   Data           6  mpu6500_driver.o(.data)
    bal_pit                                  0x20000078   Data           4  bluetooth.o(.data)
    speed                                    0x2000007c   Data           4  bluetooth.o(.data)
    turn                                     0x20000080   Data           4  bluetooth.o(.data)
    hcan1                                    0x20000088   Data          40  can.o(.bss)
    hspi5                                    0x200000b0   Data          88  spi.o(.bss)
    htim6                                    0x20000108   Data          64  tim.o(.bss)
    htim8                                    0x20000148   Data          64  tim.o(.bss)
    huart6                                   0x20000188   Data          64  usart.o(.bss)
    hdma_usart6_rx                           0x200001c8   Data          96  usart.o(.bss)
    hdma_usart6_tx                           0x20000228   Data          96  usart.o(.bss)
    motor_chassis                            0x20000288   Data          20  can_receive.o(.bss)
    imu                                      0x200002b4   Data          52  mpu6500_driver.o(.bss)
    mpu_buff                                 0x200002e8   Data          14  mpu6500_driver.o(.bss)
    mpu_data                                 0x200002f6   Data          32  mpu6500_driver.o(.bss)
    transmit_buffer                          0x20000318   Data          31  bluetooth.o(.bss)
    receive_buffer                           0x20000337   Data          56  bluetooth.o(.bss)
    receive_measure                          0x20000370   Data          60  bluetooth.o(.bss)
    Pid_bal                                  0x200003ac   Data         108  bluetooth.o(.bss)
    Pid_spe                                  0x20000418   Data         108  bluetooth.o(.bss)
    __initial_sp                             0x20000888   Data           0  startup_stm32f427xx.o(STACK)



==============================================================================

Memory Map of the image

  Image Entry point : 0x080001ad

  Load Region LR_IROM1 (Base: 0x08000000, Size: 0x00004f30, Max: 0x00200000, ABSOLUTE)

    Execution Region ER_IROM1 (Exec base: 0x08000000, Load base: 0x08000000, Size: 0x00004ea8, Max: 0x00200000, ABSOLUTE)

    Exec Addr    Load Addr    Size         Type   Attr      Idx    E Section Name        Object

    0x08000000   0x08000000   0x000001ac   Data   RO            3    RESET               startup_stm32f427xx.o
    0x080001ac   0x080001ac   0x00000000   Code   RO         4024  * .ARM.Collect$$$$00000000  mc_w.l(entry.o)
    0x080001ac   0x080001ac   0x00000004   Code   RO         4078    .ARM.Collect$$$$00000001  mc_w.l(entry2.o)
    0x080001b0   0x080001b0   0x00000004   Code   RO         4081    .ARM.Collect$$$$00000004  mc_w.l(entry5.o)
    0x080001b4   0x080001b4   0x00000000   Code   RO         4083    .ARM.Collect$$$$00000008  mc_w.l(entry7b.o)
    0x080001b4   0x080001b4   0x00000000   Code   RO         4085    .ARM.Collect$$$$0000000A  mc_w.l(entry8b.o)
    0x080001b4   0x080001b4   0x00000008   Code   RO         4086    .ARM.Collect$$$$0000000B  mc_w.l(entry9a.o)
    0x080001bc   0x080001bc   0x00000000   Code   RO         4088    .ARM.Collect$$$$0000000D  mc_w.l(entry10a.o)
    0x080001bc   0x080001bc   0x00000000   Code   RO         4090    .ARM.Collect$$$$0000000F  mc_w.l(entry11a.o)
    0x080001bc   0x080001bc   0x00000004   Code   RO         4079    .ARM.Collect$$$$00002712  mc_w.l(entry2.o)
    0x080001c0   0x080001c0   0x00000024   Code   RO            4    .text               startup_stm32f427xx.o
    0x080001e4   0x080001e4   0x00000062   Code   RO         4027    .text               mc_w.l(uldiv.o)
    0x08000246   0x08000246   0x00000024   Code   RO         4029    .text               mc_w.l(memcpya.o)
    0x0800026a   0x0800026a   0x00000024   Code   RO         4031    .text               mc_w.l(memseta.o)
    0x0800028e   0x0800028e   0x000000e4   Code   RO         4035    .text               mf_w.l(dmul.o)
    0x08000372   0x08000372   0x00000022   Code   RO         4037    .text               mf_w.l(dflti.o)
    0x08000394   0x08000394   0x00000026   Code   RO         4039    .text               mf_w.l(f2d.o)
    0x080003ba   0x080003ba   0x00000002   PAD
    0x080003bc   0x080003bc   0x00000030   Code   RO         4041    .text               mf_w.l(cdrcmple.o)
    0x080003ec   0x080003ec   0x00000038   Code   RO         4043    .text               mf_w.l(d2f.o)
    0x08000424   0x08000424   0x0000001e   Code   RO         4092    .text               mc_w.l(llshl.o)
    0x08000442   0x08000442   0x00000020   Code   RO         4094    .text               mc_w.l(llushr.o)
    0x08000462   0x08000462   0x00000000   Code   RO         4103    .text               mc_w.l(iusefp.o)
    0x08000462   0x08000462   0x0000006e   Code   RO         4104    .text               mf_w.l(fepilogue.o)
    0x080004d0   0x080004d0   0x000000ba   Code   RO         4106    .text               mf_w.l(depilogue.o)
    0x0800058a   0x0800058a   0x0000014e   Code   RO         4108    .text               mf_w.l(dadd.o)
    0x080006d8   0x080006d8   0x000000de   Code   RO         4110    .text               mf_w.l(ddiv.o)
    0x080007b6   0x080007b6   0x000000a2   Code   RO         4114    .text               mf_w.l(dsqrt.o)
    0x08000858   0x08000858   0x00000024   Code   RO         4118    .text               mc_w.l(init.o)
    0x0800087c   0x0800087c   0x00000024   Code   RO         4120    .text               mc_w.l(llsshr.o)
    0x080008a0   0x080008a0   0x00000030   Code   RO         3942    i.BlueTooth_init    bluetooth.o
    0x080008d0   0x080008d0   0x00000002   Code   RO          419    i.BusFault_Handler  stm32f4xx_it.o
    0x080008d2   0x080008d2   0x00000002   PAD
    0x080008d4   0x080008d4   0x0000000c   Code   RO          420    i.CAN1_RX0_IRQHandler  stm32f4xx_it.o
    0x080008e0   0x080008e0   0x0000003c   Code   RO         3617    i.CAN_cmd_chassis   can_receive.o
    0x0800091c   0x0800091c   0x0000000c   Code   RO          421    i.DMA2_Stream1_IRQHandler  stm32f4xx_it.o
    0x08000928   0x08000928   0x0000000c   Code   RO          422    i.DMA2_Stream6_IRQHandler  stm32f4xx_it.o
    0x08000934   0x08000934   0x00000028   Code   RO         1300    i.DMA_CalcBaseAndBitshift  stm32f4xx_hal_dma.o
    0x0800095c   0x0800095c   0x00000054   Code   RO         1301    i.DMA_CheckFifoParam  stm32f4xx_hal_dma.o
    0x080009b0   0x080009b0   0x00000028   Code   RO         1302    i.DMA_SetConfig     stm32f4xx_hal_dma.o
    0x080009d8   0x080009d8   0x00000002   Code   RO          423    i.DebugMon_Handler  stm32f4xx_it.o
    0x080009da   0x080009da   0x00000002   Code   RO           13    i.Error_Handler     main.o
    0x080009dc   0x080009dc   0x00000024   Code   RO          556    i.HAL_CAN_ActivateNotification  stm32f4xx_hal_can.o
    0x08000a00   0x08000a00   0x000000c8   Code   RO          557    i.HAL_CAN_AddTxMessage  stm32f4xx_hal_can.o
    0x08000ac8   0x08000ac8   0x0000010c   Code   RO          558    i.HAL_CAN_ConfigFilter  stm32f4xx_hal_can.o
    0x08000bd4   0x08000bd4   0x00000002   Code   RO          561    i.HAL_CAN_ErrorCallback  stm32f4xx_hal_can.o
    0x08000bd6   0x08000bd6   0x000000e8   Code   RO          564    i.HAL_CAN_GetRxMessage  stm32f4xx_hal_can.o
    0x08000cbe   0x08000cbe   0x000001fc   Code   RO          568    i.HAL_CAN_IRQHandler  stm32f4xx_hal_can.o
    0x08000eba   0x08000eba   0x0000011a   Code   RO          569    i.HAL_CAN_Init      stm32f4xx_hal_can.o
    0x08000fd4   0x08000fd4   0x00000078   Code   RO          222    i.HAL_CAN_MspInit   can.o
    0x0800104c   0x0800104c   0x00000002   Code   RO          576    i.HAL_CAN_RxFifo0FullCallback  stm32f4xx_hal_can.o
    0x0800104e   0x0800104e   0x00000002   PAD
    0x08001050   0x08001050   0x00000070   Code   RO         3619    i.HAL_CAN_RxFifo0MsgPendingCallback  can_receive.o
    0x080010c0   0x080010c0   0x00000002   Code   RO          578    i.HAL_CAN_RxFifo1FullCallback  stm32f4xx_hal_can.o
    0x080010c2   0x080010c2   0x00000002   Code   RO          579    i.HAL_CAN_RxFifo1MsgPendingCallback  stm32f4xx_hal_can.o
    0x080010c4   0x080010c4   0x00000002   Code   RO          580    i.HAL_CAN_SleepCallback  stm32f4xx_hal_can.o
    0x080010c6   0x080010c6   0x00000002   PAD
    0x080010c8   0x080010c8   0x00000058   Code   RO          581    i.HAL_CAN_Start     stm32f4xx_hal_can.o
    0x08001120   0x08001120   0x00000002   Code   RO          583    i.HAL_CAN_TxMailbox0AbortCallback  stm32f4xx_hal_can.o
    0x08001122   0x08001122   0x00000002   Code   RO          584    i.HAL_CAN_TxMailbox0CompleteCallback  stm32f4xx_hal_can.o
    0x08001124   0x08001124   0x00000002   Code   RO          585    i.HAL_CAN_TxMailbox1AbortCallback  stm32f4xx_hal_can.o
    0x08001126   0x08001126   0x00000002   Code   RO          586    i.HAL_CAN_TxMailbox1CompleteCallback  stm32f4xx_hal_can.o
    0x08001128   0x08001128   0x00000002   Code   RO          587    i.HAL_CAN_TxMailbox2AbortCallback  stm32f4xx_hal_can.o
    0x0800112a   0x0800112a   0x00000002   Code   RO          588    i.HAL_CAN_TxMailbox2CompleteCallback  stm32f4xx_hal_can.o
    0x0800112c   0x0800112c   0x00000002   Code   RO          590    i.HAL_CAN_WakeUpFromRxMsgCallback  stm32f4xx_hal_can.o
    0x0800112e   0x0800112e   0x0000008e   Code   RO         1303    i.HAL_DMA_Abort     stm32f4xx_hal_dma.o
    0x080011bc   0x080011bc   0x00000024   Code   RO         1304    i.HAL_DMA_Abort_IT  stm32f4xx_hal_dma.o
    0x080011e0   0x080011e0   0x000001a0   Code   RO         1308    i.HAL_DMA_IRQHandler  stm32f4xx_hal_dma.o
    0x08001380   0x08001380   0x000000d4   Code   RO         1309    i.HAL_DMA_Init      stm32f4xx_hal_dma.o
    0x08001454   0x08001454   0x0000006e   Code   RO         1313    i.HAL_DMA_Start_IT  stm32f4xx_hal_dma.o
    0x080014c2   0x080014c2   0x00000002   PAD
    0x080014c4   0x080014c4   0x00000024   Code   RO         1740    i.HAL_Delay         stm32f4xx_hal.o
    0x080014e8   0x080014e8   0x000001d4   Code   RO         1196    i.HAL_GPIO_Init     stm32f4xx_hal_gpio.o
    0x080016bc   0x080016bc   0x0000000a   Code   RO         1200    i.HAL_GPIO_WritePin  stm32f4xx_hal_gpio.o
    0x080016c6   0x080016c6   0x00000002   PAD
    0x080016c8   0x080016c8   0x0000000c   Code   RO         1748    i.HAL_GetTick       stm32f4xx_hal.o
    0x080016d4   0x080016d4   0x00000010   Code   RO         1754    i.HAL_IncTick       stm32f4xx_hal.o
    0x080016e4   0x080016e4   0x00000034   Code   RO         1755    i.HAL_Init          stm32f4xx_hal.o
    0x08001718   0x08001718   0x00000040   Code   RO         1756    i.HAL_InitTick      stm32f4xx_hal.o
    0x08001758   0x08001758   0x00000030   Code   RO          531    i.HAL_MspInit       stm32f4xx_hal_msp.o
    0x08001788   0x08001788   0x0000001a   Code   RO         1603    i.HAL_NVIC_EnableIRQ  stm32f4xx_hal_cortex.o
    0x080017a2   0x080017a2   0x00000002   PAD
    0x080017a4   0x080017a4   0x00000040   Code   RO         1609    i.HAL_NVIC_SetPriority  stm32f4xx_hal_cortex.o
    0x080017e4   0x080017e4   0x00000024   Code   RO         1610    i.HAL_NVIC_SetPriorityGrouping  stm32f4xx_hal_cortex.o
    0x08001808   0x08001808   0x00000134   Code   RO          790    i.HAL_RCC_ClockConfig  stm32f4xx_hal_rcc.o
    0x0800193c   0x0800193c   0x00000020   Code   RO          797    i.HAL_RCC_GetPCLK1Freq  stm32f4xx_hal_rcc.o
    0x0800195c   0x0800195c   0x00000020   Code   RO          798    i.HAL_RCC_GetPCLK2Freq  stm32f4xx_hal_rcc.o
    0x0800197c   0x0800197c   0x00000064   Code   RO          799    i.HAL_RCC_GetSysClockFreq  stm32f4xx_hal_rcc.o
    0x080019e0   0x080019e0   0x0000035c   Code   RO          802    i.HAL_RCC_OscConfig  stm32f4xx_hal_rcc.o
    0x08001d3c   0x08001d3c   0x00000080   Code   RO         2014    i.HAL_SPI_Init      stm32f4xx_hal_spi.o
    0x08001dbc   0x08001dbc   0x0000006c   Code   RO          288    i.HAL_SPI_MspInit   spi.o
    0x08001e28   0x08001e28   0x000001e2   Code   RO         2023    i.HAL_SPI_TransmitReceive  stm32f4xx_hal_spi.o
    0x0800200a   0x0800200a   0x00000028   Code   RO         1614    i.HAL_SYSTICK_Config  stm32f4xx_hal_cortex.o
    0x08002032   0x08002032   0x00000002   Code   RO         3002    i.HAL_TIMEx_BreakCallback  stm32f4xx_hal_tim_ex.o
    0x08002034   0x08002034   0x00000002   Code   RO         3003    i.HAL_TIMEx_CommutCallback  stm32f4xx_hal_tim_ex.o
    0x08002036   0x08002036   0x00000002   PAD
    0x08002038   0x08002038   0x00000090   Code   RO         3020    i.HAL_TIMEx_MasterConfigSynchronization  stm32f4xx_hal_tim_ex.o
    0x080020c8   0x080020c8   0x00000036   Code   RO         2327    i.HAL_TIM_Base_Init  stm32f4xx_hal_tim.o
    0x080020fe   0x080020fe   0x00000002   PAD
    0x08002100   0x08002100   0x00000068   Code   RO          330    i.HAL_TIM_Base_MspInit  tim.o
    0x08002168   0x08002168   0x00000022   Code   RO         2332    i.HAL_TIM_Base_Start_IT  stm32f4xx_hal_tim.o
    0x0800218a   0x0800218a   0x000000d6   Code   RO         2336    i.HAL_TIM_ConfigClockSource  stm32f4xx_hal_tim.o
    0x08002260   0x08002260   0x00000002   Code   RO         2356    i.HAL_TIM_IC_CaptureCallback  stm32f4xx_hal_tim.o
    0x08002262   0x08002262   0x00000166   Code   RO         2370    i.HAL_TIM_IRQHandler  stm32f4xx_hal_tim.o
    0x080023c8   0x080023c8   0x00000002   Code   RO         2373    i.HAL_TIM_OC_DelayElapsedCallback  stm32f4xx_hal_tim.o
    0x080023ca   0x080023ca   0x00000002   Code   RO         2400    i.HAL_TIM_PWM_PulseFinishedCallback  stm32f4xx_hal_tim.o
    0x080023cc   0x080023cc   0x00000002   Code   RO         2408    i.HAL_TIM_PeriodElapsedCallback  stm32f4xx_hal_tim.o
    0x080023ce   0x080023ce   0x00000002   Code   RO         2413    i.HAL_TIM_TriggerCallback  stm32f4xx_hal_tim.o
    0x080023d0   0x080023d0   0x00000058   Code   RO         3272    i.HAL_UART_DMAStop  stm32f4xx_hal_uart.o
    0x08002428   0x08002428   0x00000002   Code   RO         3274    i.HAL_UART_ErrorCallback  stm32f4xx_hal_uart.o
    0x0800242a   0x0800242a   0x00000002   PAD
    0x0800242c   0x0800242c   0x00000114   Code   RO         3277    i.HAL_UART_IRQHandler  stm32f4xx_hal_uart.o
    0x08002540   0x08002540   0x00000062   Code   RO         3278    i.HAL_UART_Init     stm32f4xx_hal_uart.o
    0x080025a2   0x080025a2   0x00000002   PAD
    0x080025a4   0x080025a4   0x000000ec   Code   RO          378    i.HAL_UART_MspInit  usart.o
    0x08002690   0x08002690   0x00000098   Code   RO         3282    i.HAL_UART_Receive_DMA  stm32f4xx_hal_uart.o
    0x08002728   0x08002728   0x00000002   Code   RO         3284    i.HAL_UART_RxCpltCallback  stm32f4xx_hal_uart.o
    0x0800272a   0x0800272a   0x00000002   Code   RO         3285    i.HAL_UART_RxHalfCpltCallback  stm32f4xx_hal_uart.o
    0x0800272c   0x0800272c   0x00000080   Code   RO         3287    i.HAL_UART_Transmit_DMA  stm32f4xx_hal_uart.o
    0x080027ac   0x080027ac   0x00000002   Code   RO         3289    i.HAL_UART_TxCpltCallback  stm32f4xx_hal_uart.o
    0x080027ae   0x080027ae   0x00000002   Code   RO         3290    i.HAL_UART_TxHalfCpltCallback  stm32f4xx_hal_uart.o
    0x080027b0   0x080027b0   0x00000002   Code   RO          424    i.HardFault_Handler  stm32f4xx_it.o
    0x080027b2   0x080027b2   0x00000002   PAD
    0x080027b4   0x080027b4   0x00000044   Code   RO          223    i.MX_CAN1_Init      can.o
    0x080027f8   0x080027f8   0x0000003c   Code   RO          263    i.MX_DMA_Init       dma.o
    0x08002834   0x08002834   0x000000b0   Code   RO          197    i.MX_GPIO_Init      gpio.o
    0x080028e4   0x080028e4   0x00000048   Code   RO          289    i.MX_SPI5_Init      spi.o
    0x0800292c   0x0800292c   0x00000048   Code   RO          331    i.MX_TIM6_Init      tim.o
    0x08002974   0x08002974   0x00000064   Code   RO          332    i.MX_TIM8_Init      tim.o
    0x080029d8   0x080029d8   0x00000038   Code   RO          379    i.MX_USART6_UART_Init  usart.o
    0x08002a10   0x08002a10   0x00000002   Code   RO          425    i.MemManage_Handler  stm32f4xx_it.o
    0x08002a12   0x08002a12   0x00000002   Code   RO          426    i.NMI_Handler       stm32f4xx_it.o
    0x08002a14   0x08002a14   0x00000002   Code   RO          427    i.PendSV_Handler    stm32f4xx_it.o
    0x08002a16   0x08002a16   0x00000002   PAD
    0x08002a18   0x08002a18   0x00000058   Code   RO         2052    i.SPI_EndRxTxTransaction  stm32f4xx_hal_spi.o
    0x08002a70   0x08002a70   0x00000094   Code   RO         2057    i.SPI_WaitFlagStateUntilTimeout  stm32f4xx_hal_spi.o
    0x08002b04   0x08002b04   0x00000002   Code   RO          428    i.SVC_Handler       stm32f4xx_it.o
    0x08002b06   0x08002b06   0x00000004   Code   RO          429    i.SysTick_Handler   stm32f4xx_it.o
    0x08002b0a   0x08002b0a   0x00000002   PAD
    0x08002b0c   0x08002b0c   0x00000084   Code   RO           14    i.SystemClock_Config  main.o
    0x08002b90   0x08002b90   0x0000001c   Code   RO         3580    i.SystemInit        system_stm32f4xx.o
    0x08002bac   0x08002bac   0x00000098   Code   RO          430    i.TIM6_DAC_IRQHandler  stm32f4xx_it.o
    0x08002c44   0x08002c44   0x0000000c   Code   RO          431    i.TIM8_CC_IRQHandler  stm32f4xx_it.o
    0x08002c50   0x08002c50   0x000000c8   Code   RO         2415    i.TIM_Base_SetConfig  stm32f4xx_hal_tim.o
    0x08002d18   0x08002d18   0x00000014   Code   RO         2426    i.TIM_ETR_SetConfig  stm32f4xx_hal_tim.o
    0x08002d2c   0x08002d2c   0x00000010   Code   RO         2427    i.TIM_ITRx_SetConfig  stm32f4xx_hal_tim.o
    0x08002d3c   0x08002d3c   0x00000022   Code   RO         2433    i.TIM_TI1_ConfigInputStage  stm32f4xx_hal_tim.o
    0x08002d5e   0x08002d5e   0x00000024   Code   RO         2435    i.TIM_TI2_ConfigInputStage  stm32f4xx_hal_tim.o
    0x08002d82   0x08002d82   0x00000010   Code   RO         3291    i.UART_DMAAbortOnError  stm32f4xx_hal_uart.o
    0x08002d92   0x08002d92   0x0000004a   Code   RO         3292    i.UART_DMAError     stm32f4xx_hal_uart.o
    0x08002ddc   0x08002ddc   0x0000003c   Code   RO         3293    i.UART_DMAReceiveCplt  stm32f4xx_hal_uart.o
    0x08002e18   0x08002e18   0x0000000a   Code   RO         3295    i.UART_DMARxHalfCplt  stm32f4xx_hal_uart.o
    0x08002e22   0x08002e22   0x0000002e   Code   RO         3297    i.UART_DMATransmitCplt  stm32f4xx_hal_uart.o
    0x08002e50   0x08002e50   0x0000000a   Code   RO         3299    i.UART_DMATxHalfCplt  stm32f4xx_hal_uart.o
    0x08002e5a   0x08002e5a   0x0000001c   Code   RO         3301    i.UART_EndRxTransfer  stm32f4xx_hal_uart.o
    0x08002e76   0x08002e76   0x00000012   Code   RO         3302    i.UART_EndTxTransfer  stm32f4xx_hal_uart.o
    0x08002e88   0x08002e88   0x00000096   Code   RO         3303    i.UART_Receive_IT   stm32f4xx_hal_uart.o
    0x08002f1e   0x08002f1e   0x00000002   PAD
    0x08002f20   0x08002f20   0x00000128   Code   RO         3304    i.UART_SetConfig    stm32f4xx_hal_uart.o
    0x08003048   0x08003048   0x00000062   Code   RO         3305    i.UART_Transmit_IT  stm32f4xx_hal_uart.o
    0x080030aa   0x080030aa   0x00000002   PAD
    0x080030ac   0x080030ac   0x00000040   Code   RO          432    i.USART6_IRQHandler  stm32f4xx_it.o
    0x080030ec   0x080030ec   0x00000070   Code   RO         3943    i.Uart_transmit_measure  bluetooth.o
    0x0800315c   0x0800315c   0x00000002   Code   RO          433    i.UsageFault_Handler  stm32f4xx_it.o
    0x0800315e   0x0800315e   0x00000030   Code   RO         4073    i.__ARM_fpclassify  m_wm.l(fpclassify.o)
    0x0800318e   0x0800318e   0x00000020   Code   RO         1616    i.__NVIC_SetPriority  stm32f4xx_hal_cortex.o
    0x080031ae   0x080031ae   0x00000002   PAD
    0x080031b0   0x080031b0   0x00000360   Code   RO         3980    i.__hardfp_asin     m_wm.l(asin.o)
    0x08003510   0x08003510   0x000002d8   Code   RO         4045    i.__hardfp_atan     m_wm.l(atan.o)
    0x080037e8   0x080037e8   0x000001f0   Code   RO         3994    i.__hardfp_atan2    m_wm.l(atan2.o)
    0x080039d8   0x080039d8   0x00000014   Code   RO         4006    i.__hardfp_fabs     m_wm.l(fabs.o)
    0x080039ec   0x080039ec   0x0000007a   Code   RO         4012    i.__hardfp_sqrt     m_wm.l(sqrt.o)
    0x08003a66   0x08003a66   0x000000f8   Code   RO         4075    i.__kernel_poly     m_wm.l(poly.o)
    0x08003b5e   0x08003b5e   0x00000014   Code   RO         4060    i.__mathlib_dbl_infnan  m_wm.l(dunder.o)
    0x08003b72   0x08003b72   0x00000014   Code   RO         4061    i.__mathlib_dbl_infnan2  m_wm.l(dunder.o)
    0x08003b86   0x08003b86   0x00000002   PAD
    0x08003b88   0x08003b88   0x00000020   Code   RO         4062    i.__mathlib_dbl_invalid  m_wm.l(dunder.o)
    0x08003ba8   0x08003ba8   0x00000020   Code   RO         4065    i.__mathlib_dbl_underflow  m_wm.l(dunder.o)
    0x08003bc8   0x08003bc8   0x0000000e   Code   RO         4124    i.__scatterload_copy  mc_w.l(handlers.o)
    0x08003bd6   0x08003bd6   0x00000002   Code   RO         4125    i.__scatterload_null  mc_w.l(handlers.o)
    0x08003bd8   0x08003bd8   0x0000000e   Code   RO         4126    i.__scatterload_zeroinit  mc_w.l(handlers.o)
    0x08003be6   0x08003be6   0x00000002   PAD
    0x08003be8   0x08003be8   0x0000000c   Code   RO         4098    i.__set_errno       mc_w.l(errno.o)
    0x08003bf4   0x08003bf4   0x0000002a   Code   RO         3889    i.abs_limit         pid.o
    0x08003c1e   0x08003c1e   0x00000010   Code   RO         4047    i.atan              m_wm.l(atan.o)
    0x08003c2e   0x08003c2e   0x00000002   PAD
    0x08003c30   0x08003c30   0x00000038   Code   RO         3736    i.can_filter_init   bsp_can.o
    0x08003c68   0x08003c68   0x00000018   Code   RO         4008    i.fabs              m_wm.l(fabs.o)
    0x08003c80   0x08003c80   0x000000bc   Code   RO         3944    i.get_data          bluetooth.o
    0x08003d3c   0x08003d3c   0x000004aa   Code   RO         3761    i.imu_ahrs_update   mpu6500_driver.o
    0x080041e6   0x080041e6   0x00000002   PAD
    0x080041e8   0x080041e8   0x00000174   Code   RO         3762    i.imu_attitude_update  mpu6500_driver.o
    0x0800435c   0x0800435c   0x000001cc   Code   RO         3763    i.init_quaternion   mpu6500_driver.o
    0x08004528   0x08004528   0x0000002c   Code   RO         3764    i.inv_sqrt          mpu6500_driver.o
    0x08004554   0x08004554   0x0000000a   Code   RO         3765    i.ist8310_get_data  mpu6500_driver.o
    0x0800455e   0x0800455e   0x00000100   Code   RO         3766    i.ist8310_init      mpu6500_driver.o
    0x0800465e   0x0800465e   0x00000038   Code   RO         3767    i.ist_reg_read_by_mpu  mpu6500_driver.o
    0x08004696   0x08004696   0x00000042   Code   RO         3768    i.ist_reg_write_by_mpu  mpu6500_driver.o
    0x080046d8   0x080046d8   0x0000009c   Code   RO           15    i.main              main.o
    0x08004774   0x08004774   0x00000064   Code   RO         3769    i.mpu_device_init   mpu6500_driver.o
    0x080047d8   0x080047d8   0x00000100   Code   RO         3770    i.mpu_get_data      mpu6500_driver.o
    0x080048d8   0x080048d8   0x0000008e   Code   RO         3771    i.mpu_master_i2c_auto_read_config  mpu6500_driver.o
    0x08004966   0x08004966   0x00000002   PAD
    0x08004968   0x08004968   0x000000a4   Code   RO         3772    i.mpu_offset_call   mpu6500_driver.o
    0x08004a0c   0x08004a0c   0x00000050   Code   RO         3773    i.mpu_read_byte     mpu6500_driver.o
    0x08004a5c   0x08004a5c   0x0000005c   Code   RO         3774    i.mpu_read_bytes    mpu6500_driver.o
    0x08004ab8   0x08004ab8   0x0000000a   Code   RO         3775    i.mpu_set_accel_fsr  mpu6500_driver.o
    0x08004ac2   0x08004ac2   0x0000000a   Code   RO         3776    i.mpu_set_gyro_fsr  mpu6500_driver.o
    0x08004acc   0x08004acc   0x00000054   Code   RO         3777    i.mpu_write_byte    mpu6500_driver.o
    0x08004b20   0x08004b20   0x000001c4   Code   RO         3890    i.pid_calc          pid.o
    0x08004ce4   0x08004ce4   0x0000000e   Code   RO         3891    i.pid_param_init    pid.o
    0x08004cf2   0x08004cf2   0x0000006e   Code   RO         4014    i.sqrt              m_wm.l(sqrt.o)
    0x08004d60   0x08004d60   0x00000008   Data   RO         1315    .constdata          stm32f4xx_hal_dma.o
    0x08004d68   0x08004d68   0x00000010   Data   RO         3581    .constdata          system_stm32f4xx.o
    0x08004d78   0x08004d78   0x00000008   Data   RO         3582    .constdata          system_stm32f4xx.o
    0x08004d80   0x08004d80   0x00000014   Data   RO         3779    .constdata          mpu6500_driver.o
    0x08004d94   0x08004d94   0x00000004   PAD
    0x08004d98   0x08004d98   0x00000050   Data   RO         3983    .constdata          m_wm.l(asin.o)
    0x08004de8   0x08004de8   0x00000098   Data   RO         4048    .constdata          m_wm.l(atan.o)
    0x08004e80   0x08004e80   0x00000008   Data   RO         4077    .constdata          m_wm.l(qnan.o)
    0x08004e88   0x08004e88   0x00000020   Data   RO         4122    Region$$Table       anon$$obj.o


    Execution Region RW_IRAM2 (Exec base: 0x10000000, Load base: 0x08004f30, Size: 0x00000000, Max: 0x00010000, ABSOLUTE)

    **** No section assigned to this execution region ****


    Execution Region RW_IRAM1 (Exec base: 0x20000000, Load base: 0x08004ea8, Size: 0x00000888, Max: 0x00030000, ABSOLUTE)

    Exec Addr    Load Addr    Size         Type   Attr      Idx    E Section Name        Object

    0x20000000   0x08004ea8   0x0000000c   Data   RW         1762    .data               stm32f4xx_hal.o
    0x2000000c   0x08004eb4   0x00000004   Data   RW         3583    .data               system_stm32f4xx.o
    0x20000010   0x08004eb8   0x00000005   Data   RW         3622    .data               can_receive.o
    0x20000015   0x08004ebd   0x00000003   PAD
    0x20000018   0x08004ec0   0x00000060   Data   RW         3780    .data               mpu6500_driver.o
    0x20000078   0x08004f20   0x0000000c   Data   RW         3946    .data               bluetooth.o
    0x20000084   0x08004f2c   0x00000004   Data   RW         4099    .data               mc_w.l(errno.o)
    0x20000088        -       0x00000028   Zero   RW          224    .bss                can.o
    0x200000b0        -       0x00000058   Zero   RW          290    .bss                spi.o
    0x20000108        -       0x00000080   Zero   RW          333    .bss                tim.o
    0x20000188        -       0x00000100   Zero   RW          380    .bss                usart.o
    0x20000288        -       0x0000002c   Zero   RW         3621    .bss                can_receive.o
    0x200002b4        -       0x00000062   Zero   RW         3778    .bss                mpu6500_driver.o
    0x20000316   0x08004f30   0x00000002   PAD
    0x20000318        -       0x0000016c   Zero   RW         3945    .bss                bluetooth.o
    0x20000484   0x08004f30   0x00000004   PAD
    0x20000488        -       0x00000400   Zero   RW            1    STACK               startup_stm32f427xx.o


==============================================================================

Image component sizes


      Code (inc. data)   RO Data    RW Data    ZI Data      Debug   Object Name

       348         36          0         12        364       2858   bluetooth.o
        56          4          0          0          0        562   bsp_can.o
       188         22          0          0         40       1693   can.o
       172         28          0          5         44     613706   can_receive.o
        60          4          0          0          0        778   dma.o
       176         14          0          0          0       1003   gpio.o
       290         24          0          0          0     757333   main.o
      3396        220         20         96         98      13348   mpu6500_driver.o
       508          4          0          0          0       2496   pid.o
       180         22          0          0         88       1689   spi.o
        36          8        428          0       1024        844   startup_stm32f427xx.o
       180         28          0         12          0       9625   stm32f4xx_hal.o
      1638          6          0          0          0      14447   stm32f4xx_hal_can.o
       198         14          0          0          0      34003   stm32f4xx_hal_cortex.o
      1080         16          8          0          0       7430   stm32f4xx_hal_dma.o
       478         54          0          0          0       2436   stm32f4xx_hal_gpio.o
        48          6          0          0          0        846   stm32f4xx_hal_msp.o
      1332         76          0          0          0       5280   stm32f4xx_hal_rcc.o
       846          8          0          0          0       4781   stm32f4xx_hal_spi.o
       976         44          0          0          0      10693   stm32f4xx_hal_tim.o
       148         28          0          0          0       2489   stm32f4xx_hal_tim_ex.o
      1558         44          0          0          0      14821   stm32f4xx_hal_uart.o
       284         58          0          0          0       7163   stm32f4xx_it.o
        28          6         24          4          0       1155   system_stm32f4xx.o
       276         34          0          0        128       2299   tim.o
       292         30          0          0        256       1888   usart.o

    ----------------------------------------------------------------------
     14808        838        516        132       2048    1515666   Object Totals
         0          0         32          0          0          0   (incl. Generated)
        36          0          4          3          6          0   (incl. Padding)

    ----------------------------------------------------------------------

      Code (inc. data)   RO Data    RW Data    ZI Data      Debug   Library Member Name

       864         94         80          0          0        280   asin.o
       744        106        152          0          0        352   atan.o
       496         64          0          0          0        192   atan2.o
       104         16          0          0          0        496   dunder.o
        44          0          0          0          0        248   fabs.o
        48          0          0          0          0        124   fpclassify.o
       248          0          0          0          0        152   poly.o
         0          0          8          0          0          0   qnan.o
       232          0          0          0          0        296   sqrt.o
         0          0          0          0          0          0   entry.o
         0          0          0          0          0          0   entry10a.o
         0          0          0          0          0          0   entry11a.o
         8          4          0          0          0          0   entry2.o
         4          0          0          0          0          0   entry5.o
         0          0          0          0          0          0   entry7b.o
         0          0          0          0          0          0   entry8b.o
         8          4          0          0          0          0   entry9a.o
        12          6          0          4          0         68   errno.o
        30          0          0          0          0          0   handlers.o
        36          8          0          0          0         68   init.o
         0          0          0          0          0          0   iusefp.o
        30          0          0          0          0         68   llshl.o
        36          0          0          0          0         68   llsshr.o
        32          0          0          0          0         68   llushr.o
        36          0          0          0          0         68   memcpya.o
        36          0          0          0          0        108   memseta.o
        98          0          0          0          0         92   uldiv.o
        48          0          0          0          0         68   cdrcmple.o
        56          0          0          0          0         88   d2f.o
       334          0          0          0          0        148   dadd.o
       222          0          0          0          0        100   ddiv.o
       186          0          0          0          0        176   depilogue.o
        34          0          0          0          0         76   dflti.o
       228          0          0          0          0         96   dmul.o
       162          0          0          0          0        100   dsqrt.o
        38          0          0          0          0         68   f2d.o
       110          0          0          0          0        168   fepilogue.o

    ----------------------------------------------------------------------
      4572        302        240          4          0       3836   Library Totals
         8          0          0          0          0          0   (incl. Padding)

    ----------------------------------------------------------------------

      Code (inc. data)   RO Data    RW Data    ZI Data      Debug   Library Name

      2780        280        240          0          0       2140   m_wm.l
       366         22          0          4          0        608   mc_w.l
      1418          0          0          0          0       1088   mf_w.l

    ----------------------------------------------------------------------
      4572        302        240          4          0       3836   Library Totals

    ----------------------------------------------------------------------

==============================================================================


      Code (inc. data)   RO Data    RW Data    ZI Data      Debug   

     19380       1140        756        136       2048    1504326   Grand Totals
     19380       1140        756        136       2048    1504326   ELF Image Totals
     19380       1140        756        136          0          0   ROM Totals

==============================================================================

    Total RO  Size (Code + RO Data)                20136 (  19.66kB)
    Total RW  Size (RW Data + ZI Data)              2184 (   2.13kB)
    Total ROM Size (Code + RO Data + RW Data)      20272 (  19.80kB)

==============================================================================

